Archive member included to satisfy reference by file (symbol)

/usr/lib/gcc/arm-none-eabi/5.4.1/../../../arm-none-eabi/lib/armv7-m/libc_nano.a(lib_a-atexit.o)
                              /usr/lib/gcc/arm-none-eabi/5.4.1/../../../arm-none-eabi/lib/armv7-m/crt0.o (atexit)
/usr/lib/gcc/arm-none-eabi/5.4.1/../../../arm-none-eabi/lib/armv7-m/libc_nano.a(lib_a-exit.o)
                              /usr/lib/gcc/arm-none-eabi/5.4.1/../../../arm-none-eabi/lib/armv7-m/crt0.o (exit)
/usr/lib/gcc/arm-none-eabi/5.4.1/../../../arm-none-eabi/lib/armv7-m/libc_nano.a(lib_a-fini.o)
                              /usr/lib/gcc/arm-none-eabi/5.4.1/../../../arm-none-eabi/lib/armv7-m/crt0.o (__libc_fini_array)
/usr/lib/gcc/arm-none-eabi/5.4.1/../../../arm-none-eabi/lib/armv7-m/libc_nano.a(lib_a-impure.o)
                              /usr/lib/gcc/arm-none-eabi/5.4.1/../../../arm-none-eabi/lib/armv7-m/libc_nano.a(lib_a-exit.o) (_global_impure_ptr)
/usr/lib/gcc/arm-none-eabi/5.4.1/../../../arm-none-eabi/lib/armv7-m/libc_nano.a(lib_a-init.o)
                              /usr/lib/gcc/arm-none-eabi/5.4.1/../../../arm-none-eabi/lib/armv7-m/crt0.o (__libc_init_array)
/usr/lib/gcc/arm-none-eabi/5.4.1/../../../arm-none-eabi/lib/armv7-m/libc_nano.a(lib_a-memcpy.o)
                              build/queue.o (memcpy)
/usr/lib/gcc/arm-none-eabi/5.4.1/../../../arm-none-eabi/lib/armv7-m/libc_nano.a(lib_a-memset.o)
                              /usr/lib/gcc/arm-none-eabi/5.4.1/../../../arm-none-eabi/lib/armv7-m/crt0.o (memset)
/usr/lib/gcc/arm-none-eabi/5.4.1/../../../arm-none-eabi/lib/armv7-m/libc_nano.a(lib_a-__atexit.o)
                              /usr/lib/gcc/arm-none-eabi/5.4.1/../../../arm-none-eabi/lib/armv7-m/libc_nano.a(lib_a-atexit.o) (__register_exitproc)
/usr/lib/gcc/arm-none-eabi/5.4.1/../../../arm-none-eabi/lib/armv7-m/libc_nano.a(lib_a-__call_atexit.o)
                              /usr/lib/gcc/arm-none-eabi/5.4.1/../../../arm-none-eabi/lib/armv7-m/libc_nano.a(lib_a-__atexit.o) (__call_exitprocs)
/usr/lib/gcc/arm-none-eabi/5.4.1/../../../arm-none-eabi/lib/armv7-m/libnosys.a(_exit.o)
                              /usr/lib/gcc/arm-none-eabi/5.4.1/../../../arm-none-eabi/lib/armv7-m/libc_nano.a(lib_a-exit.o) (_exit)
/usr/lib/gcc/arm-none-eabi/5.4.1/armv7-m/libgcc.a(_arm_addsubdf3.o)
                              build/duration.o (__aeabi_i2d)
/usr/lib/gcc/arm-none-eabi/5.4.1/armv7-m/libgcc.a(_arm_muldivdf3.o)
                              build/duration.o (__aeabi_dmul)
/usr/lib/gcc/arm-none-eabi/5.4.1/armv7-m/libgcc.a(_arm_fixdfsi.o)
                              build/duration.o (__aeabi_d2iz)
/usr/lib/gcc/arm-none-eabi/5.4.1/armv7-m/libgcc.a(unwind-arm.o)
                              build/main.o (__aeabi_unwind_cpp_pr0)
/usr/lib/gcc/arm-none-eabi/5.4.1/armv7-m/libgcc.a(libunwind.o)
                              /usr/lib/gcc/arm-none-eabi/5.4.1/armv7-m/libgcc.a(unwind-arm.o) (restore_core_regs)
/usr/lib/gcc/arm-none-eabi/5.4.1/armv7-m/libgcc.a(pr-support.o)
                              /usr/lib/gcc/arm-none-eabi/5.4.1/armv7-m/libgcc.a(unwind-arm.o) (__gnu_unwind_execute)
/usr/lib/gcc/arm-none-eabi/5.4.1/../../../arm-none-eabi/lib/armv7-m/libc_nano.a(lib_a-abort.o)
                              /usr/lib/gcc/arm-none-eabi/5.4.1/armv7-m/libgcc.a(unwind-arm.o) (abort)
/usr/lib/gcc/arm-none-eabi/5.4.1/../../../arm-none-eabi/lib/armv7-m/libc_nano.a(lib_a-signal.o)
                              /usr/lib/gcc/arm-none-eabi/5.4.1/../../../arm-none-eabi/lib/armv7-m/libc_nano.a(lib_a-abort.o) (raise)
/usr/lib/gcc/arm-none-eabi/5.4.1/../../../arm-none-eabi/lib/armv7-m/libc_nano.a(lib_a-signalr.o)
                              /usr/lib/gcc/arm-none-eabi/5.4.1/../../../arm-none-eabi/lib/armv7-m/libc_nano.a(lib_a-signal.o) (_kill_r)
/usr/lib/gcc/arm-none-eabi/5.4.1/../../../arm-none-eabi/lib/armv7-m/libc_nano.a(lib_a-nano-mallocr.o)
                              /usr/lib/gcc/arm-none-eabi/5.4.1/../../../arm-none-eabi/lib/armv7-m/libc_nano.a(lib_a-signal.o) (_malloc_r)
/usr/lib/gcc/arm-none-eabi/5.4.1/../../../arm-none-eabi/lib/armv7-m/libc_nano.a(lib_a-reent.o)
                              /usr/lib/gcc/arm-none-eabi/5.4.1/../../../arm-none-eabi/lib/armv7-m/libc_nano.a(lib_a-signalr.o) (errno)
/usr/lib/gcc/arm-none-eabi/5.4.1/../../../arm-none-eabi/lib/armv7-m/libc_nano.a(lib_a-sbrkr.o)
                              /usr/lib/gcc/arm-none-eabi/5.4.1/../../../arm-none-eabi/lib/armv7-m/libc_nano.a(lib_a-nano-mallocr.o) (_sbrk_r)
/usr/lib/gcc/arm-none-eabi/5.4.1/../../../arm-none-eabi/lib/armv7-m/libc_nano.a(lib_a-nano-freer.o)
                              /usr/lib/gcc/arm-none-eabi/5.4.1/../../../arm-none-eabi/lib/armv7-m/libc_nano.a(lib_a-reent.o) (_free_r)
/usr/lib/gcc/arm-none-eabi/5.4.1/../../../arm-none-eabi/lib/armv7-m/libnosys.a(getpid.o)
                              /usr/lib/gcc/arm-none-eabi/5.4.1/../../../arm-none-eabi/lib/armv7-m/libc_nano.a(lib_a-signalr.o) (_getpid)
[...]
Memory Configuration

Name             Origin             Length             Attributes
RAM              0x0000000020000000 0x0000000000005000 xrw
FLASH            0x0000000008000000 0x0000000000010000 xr
*default*        0x0000000000000000 0xffffffffffffffff

Linker script and memory map

LOAD /usr/lib/gcc/arm-none-eabi/5.4.1/armv7-m/crti.o
LOAD /usr/lib/gcc/arm-none-eabi/5.4.1/armv7-m/crtbegin.o
LOAD /usr/lib/gcc/arm-none-eabi/5.4.1/../../../arm-none-eabi/lib/armv7-m/crt0.o
LOAD build/freertos.o
LOAD build/stm32f1xx_it.o
LOAD build/stm32f1xx_hal_msp.o
LOAD build/stm32f1xx_hal_timebase_tim.o
LOAD build/stm32f1xx_hal_gpio_ex.o
LOAD build/stm32f1xx_hal_tim.o
LOAD build/stm32f1xx_hal_tim_ex.o
LOAD build/stm32f1xx_hal.o
LOAD build/stm32f1xx_hal_rcc.o
LOAD build/stm32f1xx_hal_rcc_ex.o
LOAD build/stm32f1xx_hal_gpio.o
LOAD build/stm32f1xx_hal_dma.o
LOAD build/stm32f1xx_hal_cortex.o
LOAD build/stm32f1xx_hal_pwr.o
LOAD build/stm32f1xx_hal_flash.o
LOAD build/stm32f1xx_hal_flash_ex.o
LOAD build/system_stm32f1xx.o
LOAD build/croutine.o
LOAD build/event_groups.o
LOAD build/list.o
LOAD build/queue.o
LOAD build/tasks.o
LOAD build/timers.o
LOAD build/cmsis_os.o
LOAD build/heap_4.o
LOAD build/port.o
LOAD build/main.o
LOAD build/duration.o
LOAD build/time.o
LOAD build/startup_stm32f103xb.o
LOAD /usr/lib/gcc/arm-none-eabi/5.4.1/../../../arm-none-eabi/lib/armv7-m/libc_nano.a
LOAD /usr/lib/gcc/arm-none-eabi/5.4.1/../../../arm-none-eabi/lib/armv7-m/libm.a
LOAD /usr/lib/gcc/arm-none-eabi/5.4.1/../../../arm-none-eabi/lib/armv7-m/libnosys.a
START GROUP
LOAD /usr/lib/gcc/arm-none-eabi/5.4.1/armv7-m/libgcc.a
LOAD /usr/lib/gcc/arm-none-eabi/5.4.1/../../../arm-none-eabi/lib/armv7-m/libc_nano.a
END GROUP
START GROUP
LOAD /usr/lib/gcc/arm-none-eabi/5.4.1/armv7-m/libgcc.a
LOAD /usr/lib/gcc/arm-none-eabi/5.4.1/../../../arm-none-eabi/lib/armv7-m/libc_nano.a
LOAD /usr/lib/gcc/arm-none-eabi/5.4.1/../../../arm-none-eabi/lib/armv7-m/libnosys.a
END GROUP
START GROUP
LOAD /usr/lib/gcc/arm-none-eabi/5.4.1/armv7-m/libgcc.a
LOAD /usr/lib/gcc/arm-none-eabi/5.4.1/../../../arm-none-eabi/lib/armv7-m/libc_nano.a
LOAD /usr/lib/gcc/arm-none-eabi/5.4.1/../../../arm-none-eabi/lib/armv7-m/libnosys.a
END GROUP
LOAD /usr/lib/gcc/arm-none-eabi/5.4.1/armv7-m/crtend.o
LOAD /usr/lib/gcc/arm-none-eabi/5.4.1/armv7-m/crtn.o
                0x0000000020005000                _estack = 0x20005000
                0x0000000000000200                _Min_Heap_Size = 0x200
                0x0000000000000400                _Min_Stack_Size = 0x400

.isr_vector     0x0000000008000000      0x10c
                0x0000000008000000                . = ALIGN (0x4)
 *(.isr_vector)
 .isr_vector    0x0000000008000000      0x10c build/startup_stm32f103xb.o
                0x0000000008000000                g_pfnVectors
                0x000000000800010c                . = ALIGN (0x4)

.text           0x0000000008000110     0x3f18
                0x0000000008000110                . = ALIGN (0x4)
 *(.text)
 .text          0x0000000008000110       0xa4 /usr/lib/gcc/arm-none-eabi/5.4.1/armv7-m/crtbegin.o
 .text          0x00000000080001b4       0x50 /usr/lib/gcc/arm-none-eabi/5.4.1/../../../arm-none-eabi/lib/armv7-m/libc_nano.a(lib_a-init.o)
                0x00000000080001b4                __libc_init_array
 .text          0x0000000008000204       0xec /usr/lib/gcc/arm-none-eabi/5.4.1/../../../arm-none-eabi/lib/armv7-m/libc_nano.a(lib_a-memcpy.o)
                0x0000000008000204                memcpy
 .text          0x00000000080002f0       0x9c /usr/lib/gcc/arm-none-eabi/5.4.1/../../../arm-none-eabi/lib/armv7-m/libc_nano.a(lib_a-memset.o)
                0x00000000080002f0                memset
 .text          0x000000000800038c        0x4 /usr/lib/gcc/arm-none-eabi/5.4.1/../../../arm-none-eabi/lib/armv7-m/libnosys.a(_exit.o)
                0x000000000800038c                _exit
 .text          0x0000000008000390      0x9e4 /usr/lib/gcc/arm-none-eabi/5.4.1/armv7-m/libgcc.a(unwind-arm.o)
                0x0000000008000650                _Unwind_GetCFA
                0x0000000008000654                __gnu_Unwind_RaiseException
                0x00000000080006b4                __gnu_Unwind_ForcedUnwind
                0x00000000080006c8                __gnu_Unwind_Resume
                0x000000000800070c                __gnu_Unwind_Resume_or_Rethrow
                0x0000000008000720                _Unwind_Complete
                0x0000000008000724                _Unwind_DeleteException
                0x0000000008000730                _Unwind_VRS_Get
                0x000000000800077c                _Unwind_VRS_Set
                0x00000000080007cc                __gnu_Unwind_Backtrace
                0x0000000008000b18                __aeabi_unwind_cpp_pr0
                0x0000000008000b1c                __aeabi_unwind_cpp_pr1
                0x0000000008000b20                __aeabi_unwind_cpp_pr2
                0x0000000008000b24                _Unwind_VRS_Pop
 .text          0x0000000008000d74      0x1ac /usr/lib/gcc/arm-none-eabi/5.4.1/armv7-m/libgcc.a(libunwind.o)
                0x0000000008000d74                __restore_core_regs
                0x0000000008000d74                restore_core_regs
                0x0000000008000d8c                __gnu_Unwind_Restore_VFP
                0x0000000008000d94                __gnu_Unwind_Save_VFP
                0x0000000008000d9c                __gnu_Unwind_Restore_VFP_D
                0x0000000008000da4                __gnu_Unwind_Save_VFP_D
                0x0000000008000dac                __gnu_Unwind_Restore_VFP_D_16_to_31
                0x0000000008000db4                __gnu_Unwind_Save_VFP_D_16_to_31
                0x0000000008000dbc                __gnu_Unwind_Restore_WMMXD
                0x0000000008000e00                __gnu_Unwind_Save_WMMXD
                0x0000000008000e44                __gnu_Unwind_Restore_WMMXC
                0x0000000008000e58                __gnu_Unwind_Save_WMMXC
                0x0000000008000e6c                ___Unwind_RaiseException
                0x0000000008000e6c                _Unwind_RaiseException
                0x0000000008000e90                ___Unwind_Resume
                0x0000000008000e90                _Unwind_Resume
                0x0000000008000eb4                _Unwind_Resume_or_Rethrow
                0x0000000008000eb4                ___Unwind_Resume_or_Rethrow
                0x0000000008000ed8                ___Unwind_ForcedUnwind
                0x0000000008000ed8                _Unwind_ForcedUnwind
                0x0000000008000efc                _Unwind_Backtrace
                0x0000000008000efc                ___Unwind_Backtrace
 .text          0x0000000008000f20      0x354 /usr/lib/gcc/arm-none-eabi/5.4.1/armv7-m/libgcc.a(pr-support.o)
                0x0000000008000f78                __gnu_unwind_execute
                0x000000000800121c                __gnu_unwind_frame
                0x0000000008001244                _Unwind_GetRegionStart
                0x0000000008001250                _Unwind_GetLanguageSpecificData
                0x0000000008001264                _Unwind_GetTextRelBase
                0x000000000800126c                _Unwind_GetDataRelBase
 .text          0x0000000008001274       0x10 /usr/lib/gcc/arm-none-eabi/5.4.1/../../../arm-none-eabi/lib/armv7-m/libc_nano.a(lib_a-abort.o)
                0x0000000008001274                abort
 .text          0x0000000008001284      0x144 /usr/lib/gcc/arm-none-eabi/5.4.1/../../../arm-none-eabi/lib/armv7-m/libc_nano.a(lib_a-signal.o)
                0x0000000008001284                _init_signal_r
                0x00000000080012b4                _signal_r
                0x00000000080012e8                _raise_r
                0x000000000800133c                __sigtramp_r
                0x000000000800138c                raise
                0x000000000800139c                signal
                0x00000000080013ac                _init_signal
                0x00000000080013b8                __sigtramp
 .text          0x00000000080013c8       0x2c /usr/lib/gcc/arm-none-eabi/5.4.1/../../../arm-none-eabi/lib/armv7-m/libc_nano.a(lib_a-signalr.o)
                0x00000000080013c8                _kill_r
                0x00000000080013f0                _getpid_r
 .text          0x00000000080013f4       0xbc /usr/lib/gcc/arm-none-eabi/5.4.1/../../../arm-none-eabi/lib/armv7-m/libc_nano.a(lib_a-nano-mallocr.o)
                0x00000000080013f4                _malloc_r
 .text          0x00000000080014b0       0x24 /usr/lib/gcc/arm-none-eabi/5.4.1/../../../arm-none-eabi/lib/armv7-m/libc_nano.a(lib_a-sbrkr.o)
                0x00000000080014b0                _sbrk_r
 .text          0x00000000080014d4       0x10 /usr/lib/gcc/arm-none-eabi/5.4.1/../../../arm-none-eabi/lib/armv7-m/libnosys.a(getpid.o)
                0x00000000080014d4                _getpid
 .text          0x00000000080014e4       0x10 /usr/lib/gcc/arm-none-eabi/5.4.1/../../../arm-none-eabi/lib/armv7-m/libnosys.a(kill.o)
                0x00000000080014e4                _kill
 .text          0x00000000080014f4       0x1c /usr/lib/gcc/arm-none-eabi/5.4.1/../../../arm-none-eabi/lib/armv7-m/libnosys.a(sbrk.o)
                0x00000000080014f4                _sbrk
 *(.text*)
 .text.NMI_Handler
                0x0000000008001510        0x4 build/stm32f1xx_it.o
                0x0000000008001510                NMI_Handler
 .text.HardFault_Handler
                0x0000000008001514        0x4 build/stm32f1xx_it.o
                0x0000000008001514                HardFault_Handler
 .text.MemManage_Handler
                0x0000000008001518        0x4 build/stm32f1xx_it.o
                0x0000000008001518                MemManage_Handler
 .text.BusFault_Handler
                0x000000000800151c        0x4 build/stm32f1xx_it.o
                0x000000000800151c                BusFault_Handler
 .text.UsageFault_Handler
                0x0000000008001520        0x4 build/stm32f1xx_it.o
                0x0000000008001520                UsageFault_Handler
 .text.DebugMon_Handler
                0x0000000008001524        0x4 build/stm32f1xx_it.o
                0x0000000008001524                DebugMon_Handler
 .text.TIM1_UP_IRQHandler
                0x0000000008001528       0x10 build/stm32f1xx_it.o
                0x0000000008001528                TIM1_UP_IRQHandler
 .text.HAL_MspInit
                0x0000000008001538       0x54 build/stm32f1xx_hal_msp.o
                0x0000000008001538                HAL_MspInit
 .text.HAL_InitTick
                0x000000000800158c       0x78 build/stm32f1xx_hal_timebase_tim.o
                0x000000000800158c                HAL_InitTick
 .text.HAL_TIM_Base_MspInit
                0x0000000008001604        0x4 build/stm32f1xx_hal_tim.o
                0x0000000008001604                HAL_TIM_Base_MspInit
 .text.HAL_TIM_Base_Start_IT
                0x0000000008001608       0x18 build/stm32f1xx_hal_tim.o
                0x0000000008001608                HAL_TIM_Base_Start_IT
 .text.HAL_TIM_OC_DelayElapsedCallback
                0x0000000008001620        0x4 build/stm32f1xx_hal_tim.o
                0x0000000008001620                HAL_TIM_OC_DelayElapsedCallback
 .text.HAL_TIM_IC_CaptureCallback
                0x0000000008001624        0x4 build/stm32f1xx_hal_tim.o
                0x0000000008001624                HAL_TIM_IC_CaptureCallback
 .text.HAL_TIM_PWM_PulseFinishedCallback
                0x0000000008001628        0x4 build/stm32f1xx_hal_tim.o
                0x0000000008001628                HAL_TIM_PWM_PulseFinishedCallback
 .text.HAL_TIM_TriggerCallback
                0x000000000800162c        0x4 build/stm32f1xx_hal_tim.o
                0x000000000800162c                HAL_TIM_TriggerCallback
 .text.HAL_TIM_IRQHandler
                0x0000000008001630      0x174 build/stm32f1xx_hal_tim.o
                0x0000000008001630                HAL_TIM_IRQHandler
 .text.TIM_Base_SetConfig
                0x00000000080017a4       0x70 build/stm32f1xx_hal_tim.o
                0x00000000080017a4                TIM_Base_SetConfig
 .text.HAL_TIM_Base_Init
                0x0000000008001814       0x38 build/stm32f1xx_hal_tim.o
                0x0000000008001814                HAL_TIM_Base_Init
 .text.HAL_TIMEx_CommutationCallback
                0x000000000800184c        0x4 build/stm32f1xx_hal_tim_ex.o
                0x000000000800184c                HAL_TIMEx_CommutationCallback
 .text.HAL_TIMEx_BreakCallback
                0x0000000008001850        0x4 build/stm32f1xx_hal_tim_ex.o
                0x0000000008001850                HAL_TIMEx_BreakCallback
 .text.HAL_Init
                0x0000000008001854       0x24 build/stm32f1xx_hal.o
                0x0000000008001854                HAL_Init
 .text.HAL_IncTick
                0x0000000008001878       0x18 build/stm32f1xx_hal.o
                0x0000000008001878                HAL_IncTick
 .text.HAL_GetTick
                0x0000000008001890        0xc build/stm32f1xx_hal.o
                0x0000000008001890                HAL_GetTick
 .text.RCC_Delay
                0x000000000800189c       0x2c build/stm32f1xx_hal_rcc.o
 .text.HAL_RCC_OscConfig
                0x00000000080018c8      0x400 build/stm32f1xx_hal_rcc.o
                0x00000000080018c8                HAL_RCC_OscConfig
 .text.HAL_RCC_GetSysClockFreq
                0x0000000008001cc8       0x70 build/stm32f1xx_hal_rcc.o
                0x0000000008001cc8                HAL_RCC_GetSysClockFreq
 .text.HAL_RCC_ClockConfig
                0x0000000008001d38      0x1a8 build/stm32f1xx_hal_rcc.o
                0x0000000008001d38                HAL_RCC_ClockConfig
 .text.HAL_RCC_GetHCLKFreq
                0x0000000008001ee0        0xc build/stm32f1xx_hal_rcc.o
                0x0000000008001ee0                HAL_RCC_GetHCLKFreq
 .text.HAL_RCC_GetPCLK2Freq
                0x0000000008001eec       0x20 build/stm32f1xx_hal_rcc.o
                0x0000000008001eec                HAL_RCC_GetPCLK2Freq
 .text.HAL_RCC_GetClockConfig
                0x0000000008001f0c       0x3c build/stm32f1xx_hal_rcc.o
                0x0000000008001f0c                HAL_RCC_GetClockConfig
 .text.HAL_GPIO_Init
                0x0000000008001f48      0x1d8 build/stm32f1xx_hal_gpio.o
                0x0000000008001f48                HAL_GPIO_Init
 .text.HAL_GPIO_ReadPin
                0x0000000008002120       0x10 build/stm32f1xx_hal_gpio.o
                0x0000000008002120                HAL_GPIO_ReadPin
 .text.HAL_GPIO_WritePin
                0x0000000008002130        0xc build/stm32f1xx_hal_gpio.o
                0x0000000008002130                HAL_GPIO_WritePin
 .text.HAL_GPIO_TogglePin
                0x000000000800213c        0x8 build/stm32f1xx_hal_gpio.o
                0x000000000800213c                HAL_GPIO_TogglePin
 .text.HAL_NVIC_SetPriorityGrouping
                0x0000000008002144       0x24 build/stm32f1xx_hal_cortex.o
                0x0000000008002144                HAL_NVIC_SetPriorityGrouping
 .text.HAL_NVIC_SetPriority
                0x0000000008002168       0x64 build/stm32f1xx_hal_cortex.o
                0x0000000008002168                HAL_NVIC_SetPriority
 .text.HAL_NVIC_EnableIRQ
                0x00000000080021cc       0x18 build/stm32f1xx_hal_cortex.o
                0x00000000080021cc                HAL_NVIC_EnableIRQ
 .text.SystemInit
                0x00000000080021e4       0x4c build/system_stm32f1xx.o
                0x00000000080021e4                SystemInit
 .text.vListInitialise
                0x0000000008002230       0x18 build/list.o
                0x0000000008002230                vListInitialise
 .text.vListInitialiseItem
                0x0000000008002248        0x8 build/list.o
                0x0000000008002248                vListInitialiseItem
 .text.vListInsertEnd
                0x0000000008002250       0x18 build/list.o
                0x0000000008002250                vListInsertEnd
 .text.vListInsert
                0x0000000008002268       0x34 build/list.o
                0x0000000008002268                vListInsert
 .text.uxListRemove
                0x000000000800229c       0x24 build/list.o
                0x000000000800229c                uxListRemove
 .text.prvIsQueueFull
                0x00000000080022c0       0x20 build/queue.o
 .text.prvIsQueueEmpty
                0x00000000080022e0       0x1c build/queue.o
 .text.prvCopyDataToQueue
                0x00000000080022fc       0x78 build/queue.o
 .text.prvCopyDataFromQueue
                0x0000000008002374       0x24 build/queue.o
 .text.prvUnlockQueue
                0x0000000008002398       0x68 build/queue.o
 .text.xQueueGenericReset
                0x0000000008002400       0x80 build/queue.o
                0x0000000008002400                xQueueGenericReset
 .text.prvInitialiseNewQueue
                0x0000000008002480       0x1c build/queue.o
 .text.xQueueGenericCreate
                0x000000000800249c       0x4c build/queue.o
                0x000000000800249c                xQueueGenericCreate
 .text.xQueueGenericSend
                0x00000000080024e8      0x190 build/queue.o
                0x00000000080024e8                xQueueGenericSend
 .text.xQueueGenericSendFromISR
                0x0000000008002678       0xe4 build/queue.o
                0x0000000008002678                xQueueGenericSendFromISR
 .text.xQueueGenericReceive
                0x000000000800275c      0x1a0 build/queue.o
                0x000000000800275c                xQueueGenericReceive
 .text.vQueueAddToRegistry
                0x00000000080028fc       0x28 build/queue.o
                0x00000000080028fc                vQueueAddToRegistry
 .text.vQueueWaitForMessageRestricted
                0x0000000008002924       0x4c build/queue.o
                0x0000000008002924                vQueueWaitForMessageRestricted
 .text.prvResetNextTaskUnblockTime
                0x0000000008002970       0x34 build/tasks.o
 .text.prvDeleteTCB
                0x00000000080029a4       0x14 build/tasks.o
 .text.prvInitialiseNewTask
                0x00000000080029b8       0x80 build/tasks.o
 .text.prvInitialiseTaskLists
                0x0000000008002a38       0x68 build/tasks.o
 .text.prvAddNewTaskToReadyList
                0x0000000008002aa0       0xa8 build/tasks.o
 .text.prvAddCurrentTaskToDelayedList
                0x0000000008002b48       0x98 build/tasks.o
 .text.xTaskCreate
                0x0000000008002be0       0x64 build/tasks.o
                0x0000000008002be0                xTaskCreate
 .text.vTaskStartScheduler
                0x0000000008002c44       0x84 build/tasks.o
                0x0000000008002c44                vTaskStartScheduler
 .text.vTaskSuspendAll
                0x0000000008002cc8       0x10 build/tasks.o
                0x0000000008002cc8                vTaskSuspendAll
 .text.xTaskGetTickCount
                0x0000000008002cd8        0xc build/tasks.o
                0x0000000008002cd8                xTaskGetTickCount
 .text.xTaskIncrementTick
                0x0000000008002ce4      0x124 build/tasks.o
                0x0000000008002ce4                xTaskIncrementTick
 .text.xTaskResumeAll
                0x0000000008002e08       0xf8 build/tasks.o
                0x0000000008002e08                xTaskResumeAll
 .text.vTaskDelay
                0x0000000008002f00       0x50 build/tasks.o
                0x0000000008002f00                vTaskDelay
 .text.prvCheckTasksWaitingTermination
                0x0000000008002f50       0x54 build/tasks.o
 .text.prvIdleTask
                0x0000000008002fa4       0x28 build/tasks.o
 .text.vTaskSwitchContext
                0x0000000008002fcc       0x94 build/tasks.o
                0x0000000008002fcc                vTaskSwitchContext
 .text.vTaskPlaceOnEventList
                0x0000000008003060       0x30 build/tasks.o
                0x0000000008003060                vTaskPlaceOnEventList
 .text.vTaskPlaceOnEventListRestricted
                0x0000000008003090       0x38 build/tasks.o
                0x0000000008003090                vTaskPlaceOnEventListRestricted
 .text.xTaskRemoveFromEventList
                0x00000000080030c8       0x8c build/tasks.o
                0x00000000080030c8                xTaskRemoveFromEventList
 .text.vTaskSetTimeOutState
                0x0000000008003154       0x2c build/tasks.o
                0x0000000008003154                vTaskSetTimeOutState
 .text.xTaskCheckForTimeOut
                0x0000000008003180       0x80 build/tasks.o
                0x0000000008003180                xTaskCheckForTimeOut
 .text.vTaskMissedYield
                0x0000000008003200        0xc build/tasks.o
                0x0000000008003200                vTaskMissedYield
 .text.xTaskGetSchedulerState
                0x000000000800320c       0x20 build/tasks.o
                0x000000000800320c                xTaskGetSchedulerState
 .text.vTaskPriorityInherit
                0x000000000800322c       0xa8 build/tasks.o
                0x000000000800322c                vTaskPriorityInherit
 .text.xTaskPriorityDisinherit
                0x00000000080032d4       0xb4 build/tasks.o
                0x00000000080032d4                xTaskPriorityDisinherit
 .text.pvTaskIncrementMutexHeldCount
                0x0000000008003388       0x1c build/tasks.o
                0x0000000008003388                pvTaskIncrementMutexHeldCount
 .text.prvGetNextExpireTime
                0x00000000080033a4       0x20 build/timers.o
 .text.prvInsertTimerInActiveList
                0x00000000080033c4       0x48 build/timers.o
 .text.prvCheckForValidListAndQueue
                0x000000000800340c       0x58 build/timers.o
 .text.prvInitialiseNewTimer
                0x0000000008003464       0x40 build/timers.o
 .text.xTimerCreateTimerTask
                0x00000000080034a4       0x54 build/timers.o
                0x00000000080034a4                xTimerCreateTimerTask
 .text.xTimerCreate
                0x00000000080034f8       0x34 build/timers.o
                0x00000000080034f8                xTimerCreate
 .text.xTimerGenericCommand
                0x000000000800352c       0x6c build/timers.o
                0x000000000800352c                xTimerGenericCommand
 .text.prvSwitchTimerLists
                0x0000000008003598       0x7c build/timers.o
 .text.prvSampleTimeNow
                0x0000000008003614       0x2c build/timers.o
 .text.prvProcessExpiredTimer
                0x0000000008003640       0x5c build/timers.o
 .text.prvProcessTimerOrBlockTask
                0x000000000800369c       0x74 build/timers.o
 .text.prvProcessReceivedCommands
                0x0000000008003710       0xbc build/timers.o
 .text.prvTimerTask
                0x00000000080037cc       0x18 build/timers.o
 .text.makeFreeRtosPriority
                0x00000000080037e4        0xc build/cmsis_os.o
 .text.inHandlerMode
                0x00000000080037f0        0xc build/cmsis_os.o
 .text.osKernelStart
                0x00000000080037fc        0xc build/cmsis_os.o
                0x00000000080037fc                osKernelStart
 .text.osThreadCreate
                0x0000000008003808       0x34 build/cmsis_os.o
                0x0000000008003808                osThreadCreate
 .text.osDelay  0x000000000800383c       0x10 build/cmsis_os.o
                0x000000000800383c                osDelay
 .text.osTimerCreate
                0x000000000800384c       0x28 build/cmsis_os.o
                0x000000000800384c                osTimerCreate
 .text.osTimerStart
                0x0000000008003874       0x6c build/cmsis_os.o
                0x0000000008003874                osTimerStart
 .text.prvHeapInit
                0x00000000080038e0       0x64 build/heap_4.o
 .text.prvInsertBlockIntoFreeList
                0x0000000008003944       0x54 build/heap_4.o
 .text.pvPortMalloc
                0x0000000008003998      0x104 build/heap_4.o
                0x0000000008003998                pvPortMalloc
 .text.vPortFree
                0x0000000008003a9c       0x78 build/heap_4.o
                0x0000000008003a9c                vPortFree
 .text.prvTaskExitError
                0x0000000008003b14       0x34 build/port.o
 .text.prvPortStartFirstTask
                0x0000000008003b48       0x20 build/port.o
 .text.pxPortInitialiseStack
                0x0000000008003b68       0x24 build/port.o
                0x0000000008003b68                pxPortInitialiseStack
 *fill*         0x0000000008003b8c        0x4 
 .text.SVC_Handler
                0x0000000008003b90       0x24 build/port.o
                0x0000000008003b90                SVC_Handler
 .text.vPortEnterCritical
                0x0000000008003bb4       0x44 build/port.o
                0x0000000008003bb4                vPortEnterCritical
 .text.vPortExitCritical
                0x0000000008003bf8       0x2c build/port.o
                0x0000000008003bf8                vPortExitCritical
 *fill*         0x0000000008003c24        0xc 
 .text.PendSV_Handler
                0x0000000008003c30       0x44 build/port.o
                0x0000000008003c30                PendSV_Handler
 .text.SysTick_Handler
                0x0000000008003c74       0x2c build/port.o
                0x0000000008003c74                SysTick_Handler
 .text.vPortSetupTimerInterrupt
                0x0000000008003ca0       0x2c build/port.o
                0x0000000008003ca0                vPortSetupTimerInterrupt
 .text.xPortStartScheduler
                0x0000000008003ccc       0x98 build/port.o
                0x0000000008003ccc                xPortStartScheduler
 .text.vPortValidateInterruptPriority
                0x0000000008003d64       0x5c build/port.o
                0x0000000008003d64                vPortValidateInterruptPriority
 .text._Z10Callback01PKv
                0x0000000008003dc0        0xc build/main.o
                0x0000000008003dc0                Callback01(void const*)
 .text._ZL12MX_GPIO_Initv
                0x0000000008003dcc       0xb4 build/main.o
 .text._Z18task1EntryFunctionPKv
                0x0000000008003e80       0x34 build/main.o
                0x0000000008003e80                task1EntryFunction(void const*)
 .text._Z18task2EntryFunctionPKv
                0x0000000008003eb4       0x38 build/main.o
                0x0000000008003eb4                task2EntryFunction(void const*)
 .text._Z18SystemClock_Configv
                0x0000000008003eec       0x54 build/main.o
                0x0000000008003eec                SystemClock_Config()
 .text.main     0x0000000008003f40       0x70 build/main.o
                0x0000000008003f40                main
 .text.HAL_TIM_PeriodElapsedCallback
                0x0000000008003fb0       0x14 build/main.o
                0x0000000008003fb0                HAL_TIM_PeriodElapsedCallback
 .text.Reset_Handler
                0x0000000008003fc4       0x48 build/startup_stm32f103xb.o
                0x0000000008003fc4                Reset_Handler
 .text.Default_Handler
                0x000000000800400c        0x2 build/startup_stm32f103xb.o
                0x000000000800400c                RTC_Alarm_IRQHandler
                0x000000000800400c                EXTI2_IRQHandler
                0x000000000800400c                TIM1_CC_IRQHandler
                0x000000000800400c                PVD_IRQHandler
                0x000000000800400c                EXTI3_IRQHandler
                0x000000000800400c                EXTI0_IRQHandler
                0x000000000800400c                I2C2_EV_IRQHandler
                0x000000000800400c                ADC1_2_IRQHandler
                0x000000000800400c                SPI1_IRQHandler
                0x000000000800400c                TAMPER_IRQHandler
                0x000000000800400c                DMA1_Channel4_IRQHandler
                0x000000000800400c                USART3_IRQHandler
                0x000000000800400c                RTC_IRQHandler
                0x000000000800400c                DMA1_Channel7_IRQHandler
                0x000000000800400c                CAN1_RX1_IRQHandler
                0x000000000800400c                TIM4_IRQHandler
                0x000000000800400c                I2C1_EV_IRQHandler
                0x000000000800400c                DMA1_Channel6_IRQHandler
                0x000000000800400c                TIM3_IRQHandler
                0x000000000800400c                RCC_IRQHandler
                0x000000000800400c                TIM1_TRG_COM_IRQHandler
                0x000000000800400c                DMA1_Channel1_IRQHandler
                0x000000000800400c                Default_Handler
                0x000000000800400c                EXTI15_10_IRQHandler
                0x000000000800400c                EXTI9_5_IRQHandler
                0x000000000800400c                SPI2_IRQHandler
                0x000000000800400c                DMA1_Channel5_IRQHandler
                0x000000000800400c                EXTI4_IRQHandler
                0x000000000800400c                USB_LP_CAN1_RX0_IRQHandler
                0x000000000800400c                USB_HP_CAN1_TX_IRQHandler
                0x000000000800400c                DMA1_Channel3_IRQHandler
                0x000000000800400c                WWDG_IRQHandler
                0x000000000800400c                TIM2_IRQHandler
                0x000000000800400c                TIM1_BRK_IRQHandler
                0x000000000800400c                EXTI1_IRQHandler
                0x000000000800400c                USART2_IRQHandler
                0x000000000800400c                I2C2_ER_IRQHandler
                0x000000000800400c                DMA1_Channel2_IRQHandler
                0x000000000800400c                CAN1_SCE_IRQHandler
                0x000000000800400c                FLASH_IRQHandler
                0x000000000800400c                USART1_IRQHandler
                0x000000000800400c                I2C1_ER_IRQHandler
                0x000000000800400c                USBWakeUp_IRQHandler
 *(.glue_7)
 .glue_7        0x000000000800400e        0x0 linker stubs
 *(.glue_7t)
 .glue_7t       0x000000000800400e        0x0 linker stubs
 *(.eh_frame)
 *fill*         0x000000000800400e        0x2 
 .eh_frame      0x0000000008004010        0x0 /usr/lib/gcc/arm-none-eabi/5.4.1/armv7-m/crtbegin.o
 *(.init)
 .init          0x0000000008004010        0x4 /usr/lib/gcc/arm-none-eabi/5.4.1/armv7-m/crti.o
                0x0000000008004010                _init
 .init          0x0000000008004014        0x8 /usr/lib/gcc/arm-none-eabi/5.4.1/armv7-m/crtn.o
 *(.fini)
 .fini          0x000000000800401c        0x4 /usr/lib/gcc/arm-none-eabi/5.4.1/armv7-m/crti.o
                0x000000000800401c                _fini
 .fini          0x0000000008004020        0x8 /usr/lib/gcc/arm-none-eabi/5.4.1/armv7-m/crtn.o
                0x0000000008004028                . = ALIGN (0x4)
                0x0000000008004028                _etext = .

.vfp11_veneer   0x0000000008004028        0x0
 .vfp11_veneer  0x0000000008004028        0x0 linker stubs

.v4_bx          0x0000000008004028        0x0
 .v4_bx         0x0000000008004028        0x0 linker stubs

.iplt           0x0000000008004028        0x0
 .iplt          0x0000000008004028        0x0 /usr/lib/gcc/arm-none-eabi/5.4.1/armv7-m/crtbegin.o

.rodata         0x0000000008004028       0x80
                0x0000000008004028                . = ALIGN (0x4)
 *(.rodata)
 .rodata        0x0000000008004028       0x12 build/stm32f1xx_hal_rcc.o
 *fill*         0x000000000800403a        0x2 
 .rodata        0x000000000800403c       0x28 build/main.o
 *(.rodata*)
 .rodata.AHBPrescTable
                0x0000000008004064       0x10 build/system_stm32f1xx.o
                0x0000000008004064                AHBPrescTable
 .rodata.APBPrescTable
                0x0000000008004074        0x8 build/system_stm32f1xx.o
                0x0000000008004074                APBPrescTable
 .rodata.str1.4
                0x000000000800407c        0x5 build/tasks.o
 *fill*         0x0000000008004081        0x3 
 .rodata.str1.4
                0x0000000008004084       0x10 build/timers.o
 .rodata.str1.4
                0x0000000008004094       0x10 build/cmsis_os.o
                                          0x1 (size before relaxing)
 .rodata.str1.4
                0x0000000008004094        0xe build/main.o
 *fill*         0x00000000080040a2        0x2 
 .rodata.str1.4
                0x00000000080040a4        0x4 /usr/lib/gcc/arm-none-eabi/5.4.1/../../../arm-none-eabi/lib/armv7-m/libc_nano.a(lib_a-impure.o)
                                          0x2 (size before relaxing)
                0x00000000080040a8                . = ALIGN (0x4)

.ARM.extab      0x00000000080040a8       0x3c
 *(.ARM.extab* .gnu.linkonce.armextab.*)
 .ARM.extab.text._Z18task1EntryFunctionPKv
                0x00000000080040a8        0xc build/main.o
 .ARM.extab.text._Z18task2EntryFunctionPKv
                0x00000000080040b4        0xc build/main.o
 .ARM.extab.text.HAL_TIM_PeriodElapsedCallback
                0x00000000080040c0        0xc build/main.o
 .ARM.extab     0x00000000080040cc       0x18 /usr/lib/gcc/arm-none-eabi/5.4.1/armv7-m/libgcc.a(pr-support.o)

.ARM            0x00000000080040e4       0xf0
                0x00000000080040e4                __exidx_start = .
 *(.ARM.exidx*)
 .ARM.exidx.text._Z10Callback01PKv
                0x000000000800419c        0x0 build/main.o
                                          0x8 (size before relaxing)
 .ARM.exidx.text._ZL12MX_GPIO_Initv
                0x000000000800419c        0x8 build/main.o
 .ARM.exidx.text._Z18task1EntryFunctionPKv
                0x00000000080041a4        0x8 build/main.o
 .ARM.exidx.text._Z18task2EntryFunctionPKv
                0x00000000080041ac        0x8 build/main.o
 .ARM.exidx.text._Z18SystemClock_Configv
                0x00000000080041b4        0x8 build/main.o
 .ARM.exidx.text.main
                0x00000000080041bc        0x8 build/main.o
 .ARM.exidx.text.HAL_TIM_PeriodElapsedCallback
                0x00000000080041c4       0x10 build/main.o
                                          0x8 (size before relaxing)
 .ARM.exidx     0x00000000080040e4       0x80 /usr/lib/gcc/arm-none-eabi/5.4.1/armv7-m/libgcc.a(unwind-arm.o)
                                         0xd8 (size before relaxing)
 .ARM.exidx     0x0000000008004164       0x38 /usr/lib/gcc/arm-none-eabi/5.4.1/armv7-m/libgcc.a(pr-support.o)
                                         0x48 (size before relaxing)
                0x00000000080041d4                __exidx_end = .

.rel.dyn        0x00000000080041d4        0x0
 .rel.iplt      0x00000000080041d4        0x0 /usr/lib/gcc/arm-none-eabi/5.4.1/armv7-m/crtbegin.o

.preinit_array  0x00000000080041d4        0x0
                0x00000000080041d4                PROVIDE (__preinit_array_start, .)
 *(.preinit_array*)
                0x00000000080041d4                PROVIDE (__preinit_array_end, .)

.init_array     0x00000000080041d4        0x4
                0x00000000080041d4                PROVIDE (__init_array_start, .)
 *(SORT(.init_array.*))
 *(.init_array*)
 .init_array    0x00000000080041d4        0x4 /usr/lib/gcc/arm-none-eabi/5.4.1/armv7-m/crtbegin.o
                0x00000000080041d8                PROVIDE (__init_array_end, .)

.fini_array     0x00000000080041d8        0x4
                0x00000000080041d8                PROVIDE (__fini_array_start, .)
 *(SORT(.fini_array.*))
 *(.fini_array*)
 .fini_array    0x00000000080041d8        0x4 /usr/lib/gcc/arm-none-eabi/5.4.1/armv7-m/crtbegin.o
                0x00000000080041dc                PROVIDE (__fini_array_end, .)
                0x00000000080041dc                _sidata = LOADADDR (.data)

.data           0x0000000020000000       0x74 load address 0x00000000080041dc
                0x0000000020000000                . = ALIGN (0x4)
                0x0000000020000000                _sdata = .
 *(.data)
 .data          0x0000000020000000       0x64 /usr/lib/gcc/arm-none-eabi/5.4.1/../../../arm-none-eabi/lib/armv7-m/libc_nano.a(lib_a-impure.o)
                0x0000000020000000                _impure_ptr
 *(.data*)
 .data.uwTickFreq
                0x0000000020000064        0x1 build/stm32f1xx_hal.o
                0x0000000020000064                uwTickFreq
 *fill*         0x0000000020000065        0x3 
 .data.SystemCoreClock
                0x0000000020000068        0x4 build/system_stm32f1xx.o
                0x0000000020000068                SystemCoreClock
 .data.uxCriticalNesting
                0x000000002000006c        0x4 build/port.o
 .data.timerFlag
                0x0000000020000070        0x4 build/main.o
                0x0000000020000070                timerFlag
                0x0000000020000074                . = ALIGN (0x4)
                0x0000000020000074                _edata = .

.jcr            0x0000000020000074        0x0 load address 0x0000000008004250
 .jcr           0x0000000020000074        0x0 /usr/lib/gcc/arm-none-eabi/5.4.1/armv7-m/crtbegin.o

.tm_clone_table
                0x0000000020000074        0x0 load address 0x0000000008004250
 .tm_clone_table
                0x0000000020000074        0x0 /usr/lib/gcc/arm-none-eabi/5.4.1/armv7-m/crtbegin.o
 .tm_clone_table
                0x0000000020000074        0x0 /usr/lib/gcc/arm-none-eabi/5.4.1/armv7-m/crtend.o

.igot.plt       0x0000000020000074        0x0 load address 0x0000000008004250
 .igot.plt      0x0000000020000074        0x0 /usr/lib/gcc/arm-none-eabi/5.4.1/armv7-m/crtbegin.o
                0x0000000020000074                . = ALIGN (0x4)

.bss            0x0000000020000074     0x21e4 load address 0x0000000008004250
                0x0000000020000074                _sbss = .
                0x0000000020000074                __bss_start__ = _sbss
 *(.bss)
 .bss           0x0000000020000074       0x1c /usr/lib/gcc/arm-none-eabi/5.4.1/armv7-m/crtbegin.o
 .bss           0x0000000020000090        0x8 /usr/lib/gcc/arm-none-eabi/5.4.1/../../../arm-none-eabi/lib/armv7-m/libc_nano.a(lib_a-nano-mallocr.o)
                0x0000000020000090                __malloc_free_list
                0x0000000020000094                __malloc_sbrk_start
 .bss           0x0000000020000098        0x4 /usr/lib/gcc/arm-none-eabi/5.4.1/../../../arm-none-eabi/lib/armv7-m/libnosys.a(sbrk.o)
 *(.bss*)
 .bss.xNumOfOverflows
                0x000000002000009c        0x4 build/tasks.o
 .bss.pxDelayedTaskList
                0x00000000200000a0        0x4 build/tasks.o
 .bss.xSchedulerRunning
                0x00000000200000a4        0x4 build/tasks.o
 .bss.xTasksWaitingTermination
                0x00000000200000a8       0x14 build/tasks.o
 .bss.pxOverflowDelayedTaskList
                0x00000000200000bc        0x4 build/tasks.o
 .bss.uxPendedTicks
                0x00000000200000c0        0x4 build/tasks.o
 .bss.pxReadyTasksLists
                0x00000000200000c4       0x8c build/tasks.o
 .bss.uxSchedulerSuspended
                0x0000000020000150        0x4 build/tasks.o
 .bss.uxDeletedTasksWaitingCleanUp
                0x0000000020000154        0x4 build/tasks.o
 .bss.uxCurrentNumberOfTasks
                0x0000000020000158        0x4 build/tasks.o
 .bss.pxCurrentTCB
                0x000000002000015c        0x4 build/tasks.o
                0x000000002000015c                pxCurrentTCB
 .bss.xPendingReadyList
                0x0000000020000160       0x14 build/tasks.o
 .bss.xIdleTaskHandle
                0x0000000020000174        0x4 build/tasks.o
 .bss.xTickCount
                0x0000000020000178        0x4 build/tasks.o
 .bss.xNextTaskUnblockTime
                0x000000002000017c        0x4 build/tasks.o
 .bss.uxTaskNumber
                0x0000000020000180        0x4 build/tasks.o
 .bss.xDelayedTaskList1
                0x0000000020000184       0x14 build/tasks.o
 .bss.xDelayedTaskList2
                0x0000000020000198       0x14 build/tasks.o
 .bss.xSuspendedTaskList
                0x00000000200001ac       0x14 build/tasks.o
 .bss.uxTopReadyPriority
                0x00000000200001c0        0x4 build/tasks.o
 .bss.xYieldPending
                0x00000000200001c4        0x4 build/tasks.o
 .bss.pxCurrentTimerList
                0x00000000200001c8        0x4 build/timers.o
 .bss.xActiveTimerList1
                0x00000000200001cc       0x14 build/timers.o
 .bss.xActiveTimerList2
                0x00000000200001e0       0x14 build/timers.o
 .bss.xLastTime.5430
                0x00000000200001f4        0x4 build/timers.o
 .bss.xTimerQueue
                0x00000000200001f8        0x4 build/timers.o
 .bss.pxOverflowTimerList
                0x00000000200001fc        0x4 build/timers.o
 .bss.xTimerTaskHandle
                0x0000000020000200        0x4 build/timers.o
 .bss.xFreeBytesRemaining
                0x0000000020000204        0x4 build/heap_4.o
 .bss.pxEnd     0x0000000020000208        0x4 build/heap_4.o
 .bss.xStart    0x000000002000020c        0x8 build/heap_4.o
 .bss.ucHeap    0x0000000020000214     0x1fa0 build/heap_4.o
 .bss.xBlockAllocatedBit
                0x00000000200021b4        0x4 build/heap_4.o
 .bss.xMinimumEverFreeBytesRemaining
                0x00000000200021b8        0x4 build/heap_4.o
 .bss.ucMaxSysCallPriority
                0x00000000200021bc        0x1 build/port.o
 *fill*         0x00000000200021bd        0x3 
 .bss.ulMaxPRIGROUPValue
                0x00000000200021c0        0x4 build/port.o
 .bss.task1Handle
                0x00000000200021c4        0x4 build/main.o
                0x00000000200021c4                task1Handle
 .bss.myTimer01Handle
                0x00000000200021c8        0x4 build/main.o
                0x00000000200021c8                myTimer01Handle
 .bss.task2Handle
                0x00000000200021cc        0x4 build/main.o
                0x00000000200021cc                task2Handle
 *(COMMON)
 COMMON         0x00000000200021d0       0x40 build/stm32f1xx_hal_timebase_tim.o
                0x00000000200021d0                htim1
 COMMON         0x0000000020002210        0x4 build/stm32f1xx_hal.o
                0x0000000020002210                uwTick
 COMMON         0x0000000020002214       0x40 build/queue.o
                0x0000000020002214                xQueueRegistry
 COMMON         0x0000000020002254        0x4 /usr/lib/gcc/arm-none-eabi/5.4.1/../../../arm-none-eabi/lib/armv7-m/libc_nano.a(lib_a-reent.o)
                0x0000000020002254                errno
                0x0000000020002258                . = ALIGN (0x4)
                0x0000000020002258                _ebss = .
                0x0000000020002258                __bss_end__ = _ebss

._user_heap_stack
                0x0000000020002258      0x600 load address 0x0000000008004250
                0x0000000020002258                . = ALIGN (0x8)
                0x0000000020002258                PROVIDE (end, .)
                [!provide]                        PROVIDE (_end, .)
                0x0000000020002458                . = (. + _Min_Heap_Size)
 *fill*         0x0000000020002258      0x200 
                0x0000000020002858                . = (. + _Min_Stack_Size)
 *fill*         0x0000000020002458      0x400 
                0x0000000020002858                . = ALIGN (0x8)

/DISCARD/
 libc.a(*)
 libm.a(*)
 libgcc.a(*)

.ARM.attributes
                0x0000000000000000       0x29
 *(.ARM.attributes)
 .ARM.attributes
                0x0000000000000000       0x1d /usr/lib/gcc/arm-none-eabi/5.4.1/armv7-m/crti.o
 .ARM.attributes
                0x000000000000001d       0x2d /usr/lib/gcc/arm-none-eabi/5.4.1/armv7-m/crtbegin.o
 .ARM.attributes
                0x000000000000004a       0x33 build/stm32f1xx_it.o
 .ARM.attributes
                0x000000000000007d       0x33 build/stm32f1xx_hal_msp.o
 .ARM.attributes
                0x00000000000000b0       0x33 build/stm32f1xx_hal_timebase_tim.o
 .ARM.attributes
                0x00000000000000e3       0x33 build/stm32f1xx_hal_tim.o
 .ARM.attributes
                0x0000000000000116       0x33 build/stm32f1xx_hal_tim_ex.o
 .ARM.attributes
                0x0000000000000149       0x33 build/stm32f1xx_hal.o
 .ARM.attributes
                0x000000000000017c       0x33 build/stm32f1xx_hal_rcc.o
 .ARM.attributes
                0x00000000000001af       0x33 build/stm32f1xx_hal_gpio.o
 .ARM.attributes
                0x00000000000001e2       0x33 build/stm32f1xx_hal_cortex.o
 .ARM.attributes
                0x0000000000000215       0x33 build/system_stm32f1xx.o
 .ARM.attributes
                0x0000000000000248       0x33 build/list.o
 .ARM.attributes
                0x000000000000027b       0x33 build/queue.o
 .ARM.attributes
                0x00000000000002ae       0x33 build/tasks.o
 .ARM.attributes
                0x00000000000002e1       0x33 build/timers.o
 .ARM.attributes
                0x0000000000000314       0x33 build/cmsis_os.o
 .ARM.attributes
                0x0000000000000347       0x33 build/heap_4.o
 .ARM.attributes
                0x000000000000037a       0x33 build/port.o
 .ARM.attributes
                0x00000000000003ad       0x33 build/main.o
 .ARM.attributes
                0x00000000000003e0       0x21 build/startup_stm32f103xb.o
 .ARM.attributes
                0x0000000000000401       0x2d /usr/lib/gcc/arm-none-eabi/5.4.1/../../../arm-none-eabi/lib/armv7-m/libc_nano.a(lib_a-init.o)
 .ARM.attributes
                0x000000000000042e       0x1b /usr/lib/gcc/arm-none-eabi/5.4.1/../../../arm-none-eabi/lib/armv7-m/libc_nano.a(lib_a-memcpy.o)
 .ARM.attributes
                0x0000000000000449       0x2d /usr/lib/gcc/arm-none-eabi/5.4.1/../../../arm-none-eabi/lib/armv7-m/libc_nano.a(lib_a-memset.o)
 .ARM.attributes
                0x0000000000000476       0x2d /usr/lib/gcc/arm-none-eabi/5.4.1/armv7-m/crtend.o
 .ARM.attributes
                0x00000000000004a3       0x1d /usr/lib/gcc/arm-none-eabi/5.4.1/armv7-m/crtn.o
OUTPUT(build/stm32FreeRTOSDemo.elf elf32-littlearm)

.comment        0x0000000000000000       0x2b
 .comment       0x0000000000000000       0x2b /usr/lib/gcc/arm-none-eabi/5.4.1/armv7-m/crtbegin.o
                                         0x2c (size before relaxing)
 .comment       0x000000000000002b       0x2c build/stm32f1xx_it.o
 .comment       0x000000000000002b       0x2c build/stm32f1xx_hal_msp.o
 .comment       0x000000000000002b       0x2c build/stm32f1xx_hal_timebase_tim.o
 .comment       0x000000000000002b       0x2c build/stm32f1xx_hal_tim.o
 .comment       0x000000000000002b       0x2c build/stm32f1xx_hal_tim_ex.o
 .comment       0x000000000000002b       0x2c build/stm32f1xx_hal.o
 .comment       0x000000000000002b       0x2c build/stm32f1xx_hal_rcc.o
 .comment       0x000000000000002b       0x2c build/stm32f1xx_hal_gpio.o
 .comment       0x000000000000002b       0x2c build/stm32f1xx_hal_cortex.o
 .comment       0x000000000000002b       0x2c build/system_stm32f1xx.o
 .comment       0x000000000000002b       0x2c build/list.o
 .comment       0x000000000000002b       0x2c build/queue.o
 .comment       0x000000000000002b       0x2c build/tasks.o
 .comment       0x000000000000002b       0x2c build/timers.o
 .comment       0x000000000000002b       0x2c build/cmsis_os.o
 .comment       0x000000000000002b       0x2c build/heap_4.o
 .comment       0x000000000000002b       0x2c build/port.o
 .comment       0x000000000000002b       0x2c build/main.o
 .comment       0x000000000000002b       0x2c /usr/lib/gcc/arm-none-eabi/5.4.1/../../../arm-none-eabi/lib/armv7-m/libc_nano.a(lib_a-init.o)
 .comment       0x000000000000002b       0x2c /usr/lib/gcc/arm-none-eabi/5.4.1/../../../arm-none-eabi/lib/armv7-m/libc_nano.a(lib_a-memset.o)
 .comment       0x000000000000002b       0x2c /usr/lib/gcc/arm-none-eabi/5.4.1/armv7-m/crtend.o

.debug_info     0x0000000000000000    0x10c14
 .debug_info    0x0000000000000000      0x678 build/stm32f1xx_it.o
 .debug_info    0x0000000000000678      0x3c5 build/stm32f1xx_hal_msp.o
 .debug_info    0x0000000000000a3d      0x9c4 build/stm32f1xx_hal_timebase_tim.o
 .debug_info    0x0000000000001401     0x309c build/stm32f1xx_hal_tim.o
 .debug_info    0x000000000000449d     0x137e build/stm32f1xx_hal_tim_ex.o
 .debug_info    0x000000000000581b      0x7d4 build/stm32f1xx_hal.o
 .debug_info    0x0000000000005fef      0xa90 build/stm32f1xx_hal_rcc.o
 .debug_info    0x0000000000006a7f      0x66e build/stm32f1xx_hal_gpio.o
 .debug_info    0x00000000000070ed      0xcd0 build/stm32f1xx_hal_cortex.o
 .debug_info    0x0000000000007dbd      0x437 build/system_stm32f1xx.o
 .debug_info    0x00000000000081f4      0x2d0 build/list.o
 .debug_info    0x00000000000084c4     0x18e1 build/queue.o
 .debug_info    0x0000000000009da5     0x22f5 build/tasks.o
 .debug_info    0x000000000000c09a     0x1103 build/timers.o
 .debug_info    0x000000000000d19d     0x1dd6 build/cmsis_os.o
 .debug_info    0x000000000000ef73      0x46f build/heap_4.o
 .debug_info    0x000000000000f3e2      0x506 build/port.o
 .debug_info    0x000000000000f8e8      0xfd6 build/main.o
 .debug_info    0x00000000000108be       0x61 build/startup_stm32f103xb.o
 .debug_info    0x000000000001091f      0x110 /usr/lib/gcc/arm-none-eabi/5.4.1/../../../arm-none-eabi/lib/armv7-m/libc_nano.a(lib_a-init.o)
 .debug_info    0x0000000000010a2f       0xc7 /usr/lib/gcc/arm-none-eabi/5.4.1/../../../arm-none-eabi/lib/armv7-m/libc_nano.a(lib_a-memcpy.o)
 .debug_info    0x0000000000010af6      0x11e /usr/lib/gcc/arm-none-eabi/5.4.1/../../../arm-none-eabi/lib/armv7-m/libc_nano.a(lib_a-memset.o)

.debug_abbrev   0x0000000000000000     0x296b
 .debug_abbrev  0x0000000000000000      0x188 build/stm32f1xx_it.o
 .debug_abbrev  0x0000000000000188      0x119 build/stm32f1xx_hal_msp.o
 .debug_abbrev  0x00000000000002a1      0x1d4 build/stm32f1xx_hal_timebase_tim.o
 .debug_abbrev  0x0000000000000475      0x278 build/stm32f1xx_hal_tim.o
 .debug_abbrev  0x00000000000006ed      0x251 build/stm32f1xx_hal_tim_ex.o
 .debug_abbrev  0x000000000000093e      0x20f build/stm32f1xx_hal.o
 .debug_abbrev  0x0000000000000b4d      0x28e build/stm32f1xx_hal_rcc.o
 .debug_abbrev  0x0000000000000ddb      0x202 build/stm32f1xx_hal_gpio.o
 .debug_abbrev  0x0000000000000fdd      0x2ee build/stm32f1xx_hal_cortex.o
 .debug_abbrev  0x00000000000012cb      0x124 build/system_stm32f1xx.o
 .debug_abbrev  0x00000000000013ef       0xf8 build/list.o
 .debug_abbrev  0x00000000000014e7      0x2cf build/queue.o
 .debug_abbrev  0x00000000000017b6      0x358 build/tasks.o
 .debug_abbrev  0x0000000000001b0e      0x260 build/timers.o
 .debug_abbrev  0x0000000000001d6e      0x31b build/cmsis_os.o
 .debug_abbrev  0x0000000000002089      0x216 build/heap_4.o
 .debug_abbrev  0x000000000000229f      0x26e build/port.o
 .debug_abbrev  0x000000000000250d      0x2df build/main.o
 .debug_abbrev  0x00000000000027ec       0x12 build/startup_stm32f103xb.o
 .debug_abbrev  0x00000000000027fe       0xba /usr/lib/gcc/arm-none-eabi/5.4.1/../../../arm-none-eabi/lib/armv7-m/libc_nano.a(lib_a-init.o)
 .debug_abbrev  0x00000000000028b8       0x14 /usr/lib/gcc/arm-none-eabi/5.4.1/../../../arm-none-eabi/lib/armv7-m/libc_nano.a(lib_a-memcpy.o)
 .debug_abbrev  0x00000000000028cc       0x9f /usr/lib/gcc/arm-none-eabi/5.4.1/../../../arm-none-eabi/lib/armv7-m/libc_nano.a(lib_a-memset.o)

.debug_loc      0x0000000000000000     0xb7d7
 .debug_loc     0x0000000000000000       0x20 build/stm32f1xx_it.o
 .debug_loc     0x0000000000000020       0x38 build/stm32f1xx_hal_msp.o
 .debug_loc     0x0000000000000058       0xb1 build/stm32f1xx_hal_timebase_tim.o
 .debug_loc     0x0000000000000109     0x3cc6 build/stm32f1xx_hal_tim.o
 .debug_loc     0x0000000000003dcf     0x11d2 build/stm32f1xx_hal_tim_ex.o
 .debug_loc     0x0000000000004fa1      0x1a8 build/stm32f1xx_hal.o
 .debug_loc     0x0000000000005149      0x6e5 build/stm32f1xx_hal_rcc.o
 .debug_loc     0x000000000000582e      0x41b build/stm32f1xx_hal_gpio.o
 .debug_loc     0x0000000000005c49      0x59f build/stm32f1xx_hal_cortex.o
 .debug_loc     0x00000000000061e8       0xdf build/system_stm32f1xx.o
 .debug_loc     0x00000000000062c7       0x91 build/list.o
 .debug_loc     0x0000000000006358     0x112b build/queue.o
 .debug_loc     0x0000000000007483     0x1769 build/tasks.o
 .debug_loc     0x0000000000008bec      0xc41 build/timers.o
 .debug_loc     0x000000000000982d     0x17a4 build/cmsis_os.o
 .debug_loc     0x000000000000afd1      0x32f build/heap_4.o
 .debug_loc     0x000000000000b300      0x11a build/port.o
 .debug_loc     0x000000000000b41a      0x161 build/main.o
 .debug_loc     0x000000000000b57b       0xae /usr/lib/gcc/arm-none-eabi/5.4.1/../../../arm-none-eabi/lib/armv7-m/libc_nano.a(lib_a-init.o)
 .debug_loc     0x000000000000b629      0x1ae /usr/lib/gcc/arm-none-eabi/5.4.1/../../../arm-none-eabi/lib/armv7-m/libc_nano.a(lib_a-memset.o)

.debug_aranges  0x0000000000000000      0xea8
 .debug_aranges
                0x0000000000000000       0x50 build/stm32f1xx_it.o
 .debug_aranges
                0x0000000000000050       0x20 build/stm32f1xx_hal_msp.o
 .debug_aranges
                0x0000000000000070       0x30 build/stm32f1xx_hal_timebase_tim.o
 .debug_aranges
                0x00000000000000a0      0x368 build/stm32f1xx_hal_tim.o
 .debug_aranges
                0x0000000000000408      0x138 build/stm32f1xx_hal_tim_ex.o
 .debug_aranges
                0x0000000000000540       0xd0 build/stm32f1xx_hal.o
 .debug_aranges
                0x0000000000000610       0x90 build/stm32f1xx_hal_rcc.o
 .debug_aranges
                0x00000000000006a0       0x58 build/stm32f1xx_hal_gpio.o
 .debug_aranges
                0x00000000000006f8       0x90 build/stm32f1xx_hal_cortex.o
 .debug_aranges
                0x0000000000000788       0x28 build/system_stm32f1xx.o
 .debug_aranges
                0x00000000000007b0       0x40 build/list.o
 .debug_aranges
                0x00000000000007f0       0xe8 build/queue.o
 .debug_aranges
                0x00000000000008d8      0x198 build/tasks.o
 .debug_aranges
                0x0000000000000a70       0xb8 build/timers.o
 .debug_aranges
                0x0000000000000b28      0x1d8 build/cmsis_os.o
 .debug_aranges
                0x0000000000000d00       0x50 build/heap_4.o
 .debug_aranges
                0x0000000000000d50       0x78 build/port.o
 .debug_aranges
                0x0000000000000dc8       0x58 build/main.o
 .debug_aranges
                0x0000000000000e20       0x28 build/startup_stm32f103xb.o
 .debug_aranges
                0x0000000000000e48       0x20 /usr/lib/gcc/arm-none-eabi/5.4.1/../../../arm-none-eabi/lib/armv7-m/libc_nano.a(lib_a-init.o)
 .debug_aranges
                0x0000000000000e68       0x20 /usr/lib/gcc/arm-none-eabi/5.4.1/../../../arm-none-eabi/lib/armv7-m/libc_nano.a(lib_a-memcpy.o)
 .debug_aranges
                0x0000000000000e88       0x20 /usr/lib/gcc/arm-none-eabi/5.4.1/../../../arm-none-eabi/lib/armv7-m/libc_nano.a(lib_a-memset.o)

.debug_ranges   0x0000000000000000      0xdb8
 .debug_ranges  0x0000000000000000       0x40 build/stm32f1xx_it.o
 .debug_ranges  0x0000000000000040       0x10 build/stm32f1xx_hal_msp.o
 .debug_ranges  0x0000000000000050       0x20 build/stm32f1xx_hal_timebase_tim.o
 .debug_ranges  0x0000000000000070      0x358 build/stm32f1xx_hal_tim.o
 .debug_ranges  0x00000000000003c8      0x128 build/stm32f1xx_hal_tim_ex.o
 .debug_ranges  0x00000000000004f0       0xc0 build/stm32f1xx_hal.o
 .debug_ranges  0x00000000000005b0       0x98 build/stm32f1xx_hal_rcc.o
 .debug_ranges  0x0000000000000648       0x48 build/stm32f1xx_hal_gpio.o
 .debug_ranges  0x0000000000000690       0x80 build/stm32f1xx_hal_cortex.o
 .debug_ranges  0x0000000000000710       0x18 build/system_stm32f1xx.o
 .debug_ranges  0x0000000000000728       0x30 build/list.o
 .debug_ranges  0x0000000000000758      0x120 build/queue.o
 .debug_ranges  0x0000000000000878      0x1c0 build/tasks.o
 .debug_ranges  0x0000000000000a38       0xa8 build/timers.o
 .debug_ranges  0x0000000000000ae0      0x1c8 build/cmsis_os.o
 .debug_ranges  0x0000000000000ca8       0x40 build/heap_4.o
 .debug_ranges  0x0000000000000ce8       0x68 build/port.o
 .debug_ranges  0x0000000000000d50       0x48 build/main.o
 .debug_ranges  0x0000000000000d98       0x20 build/startup_stm32f103xb.o

.debug_line     0x0000000000000000     0x548b
 .debug_line    0x0000000000000000      0x1bf build/stm32f1xx_it.o
 .debug_line    0x00000000000001bf      0x13c build/stm32f1xx_hal_msp.o
 .debug_line    0x00000000000002fb      0x1cc build/stm32f1xx_hal_timebase_tim.o
 .debug_line    0x00000000000004c7     0x1029 build/stm32f1xx_hal_tim.o
 .debug_line    0x00000000000014f0      0x6f5 build/stm32f1xx_hal_tim_ex.o
 .debug_line    0x0000000000001be5      0x331 build/stm32f1xx_hal.o
 .debug_line    0x0000000000001f16      0x4b4 build/stm32f1xx_hal_rcc.o
 .debug_line    0x00000000000023ca      0x2ee build/stm32f1xx_hal_gpio.o
 .debug_line    0x00000000000026b8      0x2b4 build/stm32f1xx_hal_cortex.o
 .debug_line    0x000000000000296c      0x13c build/system_stm32f1xx.o
 .debug_line    0x0000000000002aa8      0x1a7 build/list.o
 .debug_line    0x0000000000002c4f      0x70d build/queue.o
 .debug_line    0x000000000000335c      0xa35 build/tasks.o
 .debug_line    0x0000000000003d91      0x41b build/timers.o
 .debug_line    0x00000000000041ac      0x7fb build/cmsis_os.o
 .debug_line    0x00000000000049a7      0x28b build/heap_4.o
 .debug_line    0x0000000000004c32      0x26f build/port.o
 .debug_line    0x0000000000004ea1      0x2f9 build/main.o
 .debug_line    0x000000000000519a       0x72 build/startup_stm32f103xb.o
 .debug_line    0x000000000000520c       0xb6 /usr/lib/gcc/arm-none-eabi/5.4.1/../../../arm-none-eabi/lib/armv7-m/libc_nano.a(lib_a-init.o)
 .debug_line    0x00000000000052c2       0xbb /usr/lib/gcc/arm-none-eabi/5.4.1/../../../arm-none-eabi/lib/armv7-m/libc_nano.a(lib_a-memcpy.o)
 .debug_line    0x000000000000537d      0x10e /usr/lib/gcc/arm-none-eabi/5.4.1/../../../arm-none-eabi/lib/armv7-m/libc_nano.a(lib_a-memset.o)

.debug_str      0x0000000000000000     0x4aab
 .debug_str     0x0000000000000000      0x46e build/stm32f1xx_it.o
                                        0x5b4 (size before relaxing)
 .debug_str     0x000000000000046e      0x376 build/stm32f1xx_hal_msp.o
                                        0x4e0 (size before relaxing)
 .debug_str     0x00000000000007e4      0x15a build/stm32f1xx_hal_timebase_tim.o
                                        0x9c5 (size before relaxing)
 .debug_str     0x000000000000093e      0xd3b build/stm32f1xx_hal_tim.o
                                       0x1311 (size before relaxing)
 .debug_str     0x0000000000001679      0x4ee build/stm32f1xx_hal_tim_ex.o
                                        0xbb3 (size before relaxing)
 .debug_str     0x0000000000001b67      0x2a8 build/stm32f1xx_hal.o
                                        0x7d7 (size before relaxing)
 .debug_str     0x0000000000001e0f      0x2ae build/stm32f1xx_hal_rcc.o
                                        0x5f7 (size before relaxing)
 .debug_str     0x00000000000020bd      0x147 build/stm32f1xx_hal_gpio.o
                                        0x3e2 (size before relaxing)
 .debug_str     0x0000000000002204      0x2b2 build/stm32f1xx_hal_cortex.o
                                        0x887 (size before relaxing)
 .debug_str     0x00000000000024b6       0x4a build/system_stm32f1xx.o
                                        0x289 (size before relaxing)
 .debug_str     0x0000000000002500      0x163 build/list.o
                                        0x2ad (size before relaxing)
 .debug_str     0x0000000000002663      0x6aa build/queue.o
                                        0x8f7 (size before relaxing)
 .debug_str     0x0000000000002d0d      0x907 build/tasks.o
                                        0xdf0 (size before relaxing)
 .debug_str     0x0000000000003614      0x424 build/timers.o
                                        0x83f (size before relaxing)
 .debug_str     0x0000000000003a38      0x7dc build/cmsis_os.o
                                        0xd88 (size before relaxing)
 .debug_str     0x0000000000004214      0x1d5 build/heap_4.o
                                        0x396 (size before relaxing)
 .debug_str     0x00000000000043e9      0x165 build/port.o
                                        0x3fe (size before relaxing)
 .debug_str     0x000000000000454e      0x37d build/main.o
                                        0xd1b (size before relaxing)
 .debug_str     0x00000000000048cb      0x146 /usr/lib/gcc/arm-none-eabi/5.4.1/../../../arm-none-eabi/lib/armv7-m/libc_nano.a(lib_a-init.o)
                                        0x1f1 (size before relaxing)
 .debug_str     0x0000000000004a11       0x9a /usr/lib/gcc/arm-none-eabi/5.4.1/../../../arm-none-eabi/lib/armv7-m/libc_nano.a(lib_a-memset.o)
                                        0x1a6 (size before relaxing)

.debug_frame    0x0000000000000000     0x2a74
 .debug_frame   0x0000000000000000       0x8c build/stm32f1xx_it.o
 .debug_frame   0x000000000000008c       0x2c build/stm32f1xx_hal_msp.o
 .debug_frame   0x00000000000000b8       0x4c build/stm32f1xx_hal_timebase_tim.o
 .debug_frame   0x0000000000000104      0xb08 build/stm32f1xx_hal_tim.o
 .debug_frame   0x0000000000000c0c      0x420 build/stm32f1xx_hal_tim_ex.o
 .debug_frame   0x000000000000102c      0x1c0 build/stm32f1xx_hal.o
 .debug_frame   0x00000000000011ec      0x190 build/stm32f1xx_hal_rcc.o
 .debug_frame   0x000000000000137c       0xd4 build/stm32f1xx_hal_gpio.o
 .debug_frame   0x0000000000001450      0x134 build/stm32f1xx_hal_cortex.o
 .debug_frame   0x0000000000001584       0x30 build/system_stm32f1xx.o
 .debug_frame   0x00000000000015b4       0x70 build/list.o
 .debug_frame   0x0000000000001624      0x314 build/queue.o
 .debug_frame   0x0000000000001938      0x59c build/tasks.o
 .debug_frame   0x0000000000001ed4      0x260 build/timers.o
 .debug_frame   0x0000000000002134      0x648 build/cmsis_os.o
 .debug_frame   0x000000000000277c       0xb8 build/heap_4.o
 .debug_frame   0x0000000000002834       0xe8 build/port.o
 .debug_frame   0x000000000000291c       0xf8 build/main.o
 .debug_frame   0x0000000000002a14       0x2c /usr/lib/gcc/arm-none-eabi/5.4.1/../../../arm-none-eabi/lib/armv7-m/libc_nano.a(lib_a-init.o)
 .debug_frame   0x0000000000002a40       0x34 /usr/lib/gcc/arm-none-eabi/5.4.1/../../../arm-none-eabi/lib/armv7-m/libc_nano.a(lib_a-memset.o)

.stabstr        0x0000000000000000       0x76
 .stabstr       0x0000000000000000       0x76 /usr/lib/gcc/arm-none-eabi/5.4.1/../../../arm-none-eabi/lib/armv7-m/libnosys.a(getpid.o)

Cross Reference Table

Symbol                                            File
ADC1_2_IRQHandler                                 build/startup_stm32f103xb.o
AHBPrescTable                                     build/system_stm32f1xx.o
                                                  build/stm32f1xx_hal_rcc.o
APBPrescTable                                     build/system_stm32f1xx.o
                                                  build/stm32f1xx_hal_rcc.o
BusFault_Handler                                  build/stm32f1xx_it.o
CAN1_RX1_IRQHandler                               build/startup_stm32f103xb.o
CAN1_SCE_IRQHandler                               build/startup_stm32f103xb.o
Callback01(void const*)                           build/main.o
DMA1_Channel1_IRQHandler                          build/startup_stm32f103xb.o
DMA1_Channel2_IRQHandler                          build/startup_stm32f103xb.o
DMA1_Channel3_IRQHandler                          build/startup_stm32f103xb.o
DMA1_Channel4_IRQHandler                          build/startup_stm32f103xb.o
DMA1_Channel5_IRQHandler                          build/startup_stm32f103xb.o
DMA1_Channel6_IRQHandler                          build/startup_stm32f103xb.o
DMA1_Channel7_IRQHandler                          build/startup_stm32f103xb.o
DebugMon_Handler                                  build/stm32f1xx_it.o
Default_Handler                                   build/startup_stm32f103xb.o
EXTI0_IRQHandler                                  build/startup_stm32f103xb.o
EXTI15_10_IRQHandler                              build/startup_stm32f103xb.o
EXTI1_IRQHandler                                  build/startup_stm32f103xb.o
EXTI2_IRQHandler                                  build/startup_stm32f103xb.o
EXTI3_IRQHandler                                  build/startup_stm32f103xb.o
EXTI4_IRQHandler                                  build/startup_stm32f103xb.o
EXTI9_5_IRQHandler                                build/startup_stm32f103xb.o
Error_Handler                                     build/main.o
FLASH_IRQHandler                                  build/startup_stm32f103xb.o
FLASH_PageErase                                   build/stm32f1xx_hal_flash_ex.o
                                                  build/stm32f1xx_hal_flash.o
FLASH_WaitForLastOperation                        build/stm32f1xx_hal_flash.o
                                                  build/stm32f1xx_hal_flash_ex.o
HAL_DBGMCU_DisableDBGSleepMode                    build/stm32f1xx_hal.o
HAL_DBGMCU_DisableDBGStandbyMode                  build/stm32f1xx_hal.o
HAL_DBGMCU_DisableDBGStopMode                     build/stm32f1xx_hal.o
HAL_DBGMCU_EnableDBGSleepMode                     build/stm32f1xx_hal.o
HAL_DBGMCU_EnableDBGStandbyMode                   build/stm32f1xx_hal.o
HAL_DBGMCU_EnableDBGStopMode                      build/stm32f1xx_hal.o
HAL_DMA_Abort                                     build/stm32f1xx_hal_dma.o
                                                  build/stm32f1xx_hal_tim.o
HAL_DMA_Abort_IT                                  build/stm32f1xx_hal_dma.o
HAL_DMA_DeInit                                    build/stm32f1xx_hal_dma.o
HAL_DMA_GetError                                  build/stm32f1xx_hal_dma.o
HAL_DMA_GetState                                  build/stm32f1xx_hal_dma.o
HAL_DMA_IRQHandler                                build/stm32f1xx_hal_dma.o
HAL_DMA_Init                                      build/stm32f1xx_hal_dma.o
HAL_DMA_PollForTransfer                           build/stm32f1xx_hal_dma.o
HAL_DMA_RegisterCallback                          build/stm32f1xx_hal_dma.o
HAL_DMA_Start                                     build/stm32f1xx_hal_dma.o
HAL_DMA_Start_IT                                  build/stm32f1xx_hal_dma.o
                                                  build/stm32f1xx_hal_tim_ex.o
                                                  build/stm32f1xx_hal_tim.o
HAL_DMA_UnRegisterCallback                        build/stm32f1xx_hal_dma.o
HAL_DeInit                                        build/stm32f1xx_hal.o
HAL_Delay                                         build/stm32f1xx_hal.o
HAL_FLASHEx_Erase                                 build/stm32f1xx_hal_flash_ex.o
HAL_FLASHEx_Erase_IT                              build/stm32f1xx_hal_flash_ex.o
HAL_FLASHEx_OBErase                               build/stm32f1xx_hal_flash_ex.o
HAL_FLASHEx_OBGetConfig                           build/stm32f1xx_hal_flash_ex.o
HAL_FLASHEx_OBGetUserData                         build/stm32f1xx_hal_flash_ex.o
HAL_FLASHEx_OBProgram                             build/stm32f1xx_hal_flash_ex.o
HAL_FLASH_EndOfOperationCallback                  build/stm32f1xx_hal_flash.o
HAL_FLASH_GetError                                build/stm32f1xx_hal_flash.o
HAL_FLASH_IRQHandler                              build/stm32f1xx_hal_flash.o
HAL_FLASH_Lock                                    build/stm32f1xx_hal_flash.o
HAL_FLASH_OB_Launch                               build/stm32f1xx_hal_flash.o
HAL_FLASH_OB_Lock                                 build/stm32f1xx_hal_flash.o
HAL_FLASH_OB_Unlock                               build/stm32f1xx_hal_flash.o
HAL_FLASH_OperationErrorCallback                  build/stm32f1xx_hal_flash.o
HAL_FLASH_Program                                 build/stm32f1xx_hal_flash.o
HAL_FLASH_Program_IT                              build/stm32f1xx_hal_flash.o
HAL_FLASH_Unlock                                  build/stm32f1xx_hal_flash.o
HAL_GPIOEx_ConfigEventout                         build/stm32f1xx_hal_gpio_ex.o
HAL_GPIOEx_DisableEventout                        build/stm32f1xx_hal_gpio_ex.o
HAL_GPIOEx_EnableEventout                         build/stm32f1xx_hal_gpio_ex.o
HAL_GPIO_DeInit                                   build/stm32f1xx_hal_gpio.o
HAL_GPIO_EXTI_Callback                            build/stm32f1xx_hal_gpio.o
HAL_GPIO_EXTI_IRQHandler                          build/stm32f1xx_hal_gpio.o
HAL_GPIO_Init                                     build/stm32f1xx_hal_gpio.o
                                                  build/main.o
                                                  build/stm32f1xx_hal_rcc.o
HAL_GPIO_LockPin                                  build/stm32f1xx_hal_gpio.o
HAL_GPIO_ReadPin                                  build/stm32f1xx_hal_gpio.o
                                                  build/main.o
HAL_GPIO_TogglePin                                build/stm32f1xx_hal_gpio.o
                                                  build/main.o
HAL_GPIO_WritePin                                 build/stm32f1xx_hal_gpio.o
                                                  build/main.o
HAL_GetDEVID                                      build/stm32f1xx_hal.o
HAL_GetHalVersion                                 build/stm32f1xx_hal.o
HAL_GetREVID                                      build/stm32f1xx_hal.o
HAL_GetTick                                       build/stm32f1xx_hal.o
                                                  build/stm32f1xx_hal_flash.o
                                                  build/stm32f1xx_hal_dma.o
                                                  build/stm32f1xx_hal_rcc_ex.o
                                                  build/stm32f1xx_hal_rcc.o
HAL_GetTickFreq                                   build/stm32f1xx_hal.o
HAL_GetTickPrio                                   build/stm32f1xx_hal.o
HAL_GetUID                                        build/stm32f1xx_hal.o
HAL_IncTick                                       build/stm32f1xx_hal.o
                                                  build/main.o
HAL_Init                                          build/stm32f1xx_hal.o
                                                  build/main.o
HAL_InitTick                                      build/stm32f1xx_hal_timebase_tim.o
                                                  build/stm32f1xx_hal_rcc.o
HAL_MspDeInit                                     build/stm32f1xx_hal.o
HAL_MspInit                                       build/stm32f1xx_hal_msp.o
HAL_NVIC_ClearPendingIRQ                          build/stm32f1xx_hal_cortex.o
HAL_NVIC_DisableIRQ                               build/stm32f1xx_hal_cortex.o
HAL_NVIC_EnableIRQ                                build/stm32f1xx_hal_cortex.o
                                                  build/stm32f1xx_hal_timebase_tim.o
HAL_NVIC_GetActive                                build/stm32f1xx_hal_cortex.o
HAL_NVIC_GetPendingIRQ                            build/stm32f1xx_hal_cortex.o
HAL_NVIC_GetPriority                              build/stm32f1xx_hal_cortex.o
HAL_NVIC_GetPriorityGrouping                      build/stm32f1xx_hal_cortex.o
HAL_NVIC_SetPendingIRQ                            build/stm32f1xx_hal_cortex.o
HAL_NVIC_SetPriority                              build/stm32f1xx_hal_cortex.o
                                                  build/stm32f1xx_hal.o
                                                  build/stm32f1xx_hal_timebase_tim.o
                                                  build/stm32f1xx_hal_msp.o
HAL_NVIC_SetPriorityGrouping                      build/stm32f1xx_hal_cortex.o
                                                  build/stm32f1xx_hal.o
HAL_NVIC_SystemReset                              build/stm32f1xx_hal_cortex.o
                                                  build/stm32f1xx_hal_flash.o
HAL_PWR_ConfigPVD                                 build/stm32f1xx_hal_pwr.o
HAL_PWR_DeInit                                    build/stm32f1xx_hal_pwr.o
HAL_PWR_DisableBkUpAccess                         build/stm32f1xx_hal_pwr.o
HAL_PWR_DisablePVD                                build/stm32f1xx_hal_pwr.o
HAL_PWR_DisableSEVOnPend                          build/stm32f1xx_hal_pwr.o
HAL_PWR_DisableSleepOnExit                        build/stm32f1xx_hal_pwr.o
HAL_PWR_DisableWakeUpPin                          build/stm32f1xx_hal_pwr.o
HAL_PWR_EnableBkUpAccess                          build/stm32f1xx_hal_pwr.o
HAL_PWR_EnablePVD                                 build/stm32f1xx_hal_pwr.o
HAL_PWR_EnableSEVOnPend                           build/stm32f1xx_hal_pwr.o
HAL_PWR_EnableSleepOnExit                         build/stm32f1xx_hal_pwr.o
HAL_PWR_EnableWakeUpPin                           build/stm32f1xx_hal_pwr.o
HAL_PWR_EnterSLEEPMode                            build/stm32f1xx_hal_pwr.o
HAL_PWR_EnterSTANDBYMode                          build/stm32f1xx_hal_pwr.o
HAL_PWR_EnterSTOPMode                             build/stm32f1xx_hal_pwr.o
HAL_PWR_PVDCallback                               build/stm32f1xx_hal_pwr.o
HAL_PWR_PVD_IRQHandler                            build/stm32f1xx_hal_pwr.o
HAL_RCCEx_GetPeriphCLKConfig                      build/stm32f1xx_hal_rcc_ex.o
HAL_RCCEx_GetPeriphCLKFreq                        build/stm32f1xx_hal_rcc_ex.o
HAL_RCCEx_PeriphCLKConfig                         build/stm32f1xx_hal_rcc_ex.o
HAL_RCC_CSSCallback                               build/stm32f1xx_hal_rcc.o
HAL_RCC_ClockConfig                               build/stm32f1xx_hal_rcc.o
                                                  build/main.o
HAL_RCC_DeInit                                    build/stm32f1xx_hal_rcc.o
HAL_RCC_DisableCSS                                build/stm32f1xx_hal_rcc.o
HAL_RCC_EnableCSS                                 build/stm32f1xx_hal_rcc.o
HAL_RCC_GetClockConfig                            build/stm32f1xx_hal_rcc.o
                                                  build/stm32f1xx_hal_timebase_tim.o
HAL_RCC_GetHCLKFreq                               build/stm32f1xx_hal_rcc.o
HAL_RCC_GetOscConfig                              build/stm32f1xx_hal_rcc.o
HAL_RCC_GetPCLK1Freq                              build/stm32f1xx_hal_rcc.o
HAL_RCC_GetPCLK2Freq                              build/stm32f1xx_hal_rcc.o
                                                  build/stm32f1xx_hal_rcc_ex.o
                                                  build/stm32f1xx_hal_timebase_tim.o
HAL_RCC_GetSysClockFreq                           build/stm32f1xx_hal_rcc.o
HAL_RCC_MCOConfig                                 build/stm32f1xx_hal_rcc.o
HAL_RCC_NMI_IRQHandler                            build/stm32f1xx_hal_rcc.o
HAL_RCC_OscConfig                                 build/stm32f1xx_hal_rcc.o
                                                  build/main.o
HAL_ResumeTick                                    build/stm32f1xx_hal_timebase_tim.o
HAL_SYSTICK_CLKSourceConfig                       build/stm32f1xx_hal_cortex.o
HAL_SYSTICK_Callback                              build/stm32f1xx_hal_cortex.o
HAL_SYSTICK_Config                                build/stm32f1xx_hal_cortex.o
                                                  build/stm32f1xx_hal.o
HAL_SYSTICK_IRQHandler                            build/stm32f1xx_hal_cortex.o
HAL_SetTickFreq                                   build/stm32f1xx_hal.o
HAL_SuspendTick                                   build/stm32f1xx_hal_timebase_tim.o
HAL_TIMEx_BreakCallback                           build/stm32f1xx_hal_tim_ex.o
                                                  build/stm32f1xx_hal_tim.o
HAL_TIMEx_CommutationCallback                     build/stm32f1xx_hal_tim_ex.o
                                                  build/stm32f1xx_hal_tim.o
HAL_TIMEx_ConfigBreakDeadTime                     build/stm32f1xx_hal_tim_ex.o
HAL_TIMEx_ConfigCommutationEvent                  build/stm32f1xx_hal_tim_ex.o
HAL_TIMEx_ConfigCommutationEvent_DMA              build/stm32f1xx_hal_tim_ex.o
HAL_TIMEx_ConfigCommutationEvent_IT               build/stm32f1xx_hal_tim_ex.o
HAL_TIMEx_HallSensor_DeInit                       build/stm32f1xx_hal_tim_ex.o
HAL_TIMEx_HallSensor_GetState                     build/stm32f1xx_hal_tim_ex.o
HAL_TIMEx_HallSensor_Init                         build/stm32f1xx_hal_tim_ex.o
HAL_TIMEx_HallSensor_MspDeInit                    build/stm32f1xx_hal_tim_ex.o
HAL_TIMEx_HallSensor_MspInit                      build/stm32f1xx_hal_tim_ex.o
HAL_TIMEx_HallSensor_Start                        build/stm32f1xx_hal_tim_ex.o
HAL_TIMEx_HallSensor_Start_DMA                    build/stm32f1xx_hal_tim_ex.o
HAL_TIMEx_HallSensor_Start_IT                     build/stm32f1xx_hal_tim_ex.o
HAL_TIMEx_HallSensor_Stop                         build/stm32f1xx_hal_tim_ex.o
HAL_TIMEx_HallSensor_Stop_DMA                     build/stm32f1xx_hal_tim_ex.o
HAL_TIMEx_HallSensor_Stop_IT                      build/stm32f1xx_hal_tim_ex.o
HAL_TIMEx_MasterConfigSynchronization             build/stm32f1xx_hal_tim_ex.o
HAL_TIMEx_OCN_Start                               build/stm32f1xx_hal_tim_ex.o
HAL_TIMEx_OCN_Start_DMA                           build/stm32f1xx_hal_tim_ex.o
HAL_TIMEx_OCN_Start_IT                            build/stm32f1xx_hal_tim_ex.o
HAL_TIMEx_OCN_Stop                                build/stm32f1xx_hal_tim_ex.o
HAL_TIMEx_OCN_Stop_DMA                            build/stm32f1xx_hal_tim_ex.o
HAL_TIMEx_OCN_Stop_IT                             build/stm32f1xx_hal_tim_ex.o
HAL_TIMEx_OnePulseN_Start                         build/stm32f1xx_hal_tim_ex.o
HAL_TIMEx_OnePulseN_Start_IT                      build/stm32f1xx_hal_tim_ex.o
HAL_TIMEx_OnePulseN_Stop                          build/stm32f1xx_hal_tim_ex.o
HAL_TIMEx_OnePulseN_Stop_IT                       build/stm32f1xx_hal_tim_ex.o
HAL_TIMEx_PWMN_Start                              build/stm32f1xx_hal_tim_ex.o
HAL_TIMEx_PWMN_Start_DMA                          build/stm32f1xx_hal_tim_ex.o
HAL_TIMEx_PWMN_Start_IT                           build/stm32f1xx_hal_tim_ex.o
HAL_TIMEx_PWMN_Stop                               build/stm32f1xx_hal_tim_ex.o
HAL_TIMEx_PWMN_Stop_DMA                           build/stm32f1xx_hal_tim_ex.o
HAL_TIMEx_PWMN_Stop_IT                            build/stm32f1xx_hal_tim_ex.o
HAL_TIM_Base_DeInit                               build/stm32f1xx_hal_tim.o
HAL_TIM_Base_GetState                             build/stm32f1xx_hal_tim.o
HAL_TIM_Base_Init                                 build/stm32f1xx_hal_tim.o
                                                  build/stm32f1xx_hal_timebase_tim.o
HAL_TIM_Base_MspDeInit                            build/stm32f1xx_hal_tim.o
HAL_TIM_Base_MspInit                              build/stm32f1xx_hal_tim.o
HAL_TIM_Base_Start                                build/stm32f1xx_hal_tim.o
HAL_TIM_Base_Start_DMA                            build/stm32f1xx_hal_tim.o
HAL_TIM_Base_Start_IT                             build/stm32f1xx_hal_tim.o
                                                  build/stm32f1xx_hal_timebase_tim.o
HAL_TIM_Base_Stop                                 build/stm32f1xx_hal_tim.o
HAL_TIM_Base_Stop_DMA                             build/stm32f1xx_hal_tim.o
HAL_TIM_Base_Stop_IT                              build/stm32f1xx_hal_tim.o
HAL_TIM_ConfigClockSource                         build/stm32f1xx_hal_tim.o
HAL_TIM_ConfigOCrefClear                          build/stm32f1xx_hal_tim.o
HAL_TIM_ConfigTI1Input                            build/stm32f1xx_hal_tim.o
HAL_TIM_DMABurst_ReadStart                        build/stm32f1xx_hal_tim.o
HAL_TIM_DMABurst_ReadStop                         build/stm32f1xx_hal_tim.o
HAL_TIM_DMABurst_WriteStart                       build/stm32f1xx_hal_tim.o
HAL_TIM_DMABurst_WriteStop                        build/stm32f1xx_hal_tim.o
HAL_TIM_Encoder_DeInit                            build/stm32f1xx_hal_tim.o
HAL_TIM_Encoder_GetState                          build/stm32f1xx_hal_tim.o
HAL_TIM_Encoder_Init                              build/stm32f1xx_hal_tim.o
HAL_TIM_Encoder_MspDeInit                         build/stm32f1xx_hal_tim.o
HAL_TIM_Encoder_MspInit                           build/stm32f1xx_hal_tim.o
HAL_TIM_Encoder_Start                             build/stm32f1xx_hal_tim.o
HAL_TIM_Encoder_Start_DMA                         build/stm32f1xx_hal_tim.o
HAL_TIM_Encoder_Start_IT                          build/stm32f1xx_hal_tim.o
HAL_TIM_Encoder_Stop                              build/stm32f1xx_hal_tim.o
HAL_TIM_Encoder_Stop_DMA                          build/stm32f1xx_hal_tim.o
HAL_TIM_Encoder_Stop_IT                           build/stm32f1xx_hal_tim.o
HAL_TIM_ErrorCallback                             build/stm32f1xx_hal_tim.o
HAL_TIM_GenerateEvent                             build/stm32f1xx_hal_tim.o
HAL_TIM_IC_CaptureCallback                        build/stm32f1xx_hal_tim.o
HAL_TIM_IC_ConfigChannel                          build/stm32f1xx_hal_tim.o
HAL_TIM_IC_DeInit                                 build/stm32f1xx_hal_tim.o
HAL_TIM_IC_GetState                               build/stm32f1xx_hal_tim.o
HAL_TIM_IC_Init                                   build/stm32f1xx_hal_tim.o
HAL_TIM_IC_MspDeInit                              build/stm32f1xx_hal_tim.o
HAL_TIM_IC_MspInit                                build/stm32f1xx_hal_tim.o
HAL_TIM_IC_Start                                  build/stm32f1xx_hal_tim.o
HAL_TIM_IC_Start_DMA                              build/stm32f1xx_hal_tim.o
HAL_TIM_IC_Start_IT                               build/stm32f1xx_hal_tim.o
HAL_TIM_IC_Stop                                   build/stm32f1xx_hal_tim.o
HAL_TIM_IC_Stop_DMA                               build/stm32f1xx_hal_tim.o
HAL_TIM_IC_Stop_IT                                build/stm32f1xx_hal_tim.o
HAL_TIM_IRQHandler                                build/stm32f1xx_hal_tim.o
                                                  build/stm32f1xx_it.o
HAL_TIM_OC_ConfigChannel                          build/stm32f1xx_hal_tim.o
HAL_TIM_OC_DeInit                                 build/stm32f1xx_hal_tim.o
HAL_TIM_OC_DelayElapsedCallback                   build/stm32f1xx_hal_tim.o
HAL_TIM_OC_GetState                               build/stm32f1xx_hal_tim.o
HAL_TIM_OC_Init                                   build/stm32f1xx_hal_tim.o
HAL_TIM_OC_MspDeInit                              build/stm32f1xx_hal_tim.o
HAL_TIM_OC_MspInit                                build/stm32f1xx_hal_tim.o
HAL_TIM_OC_Start                                  build/stm32f1xx_hal_tim.o
HAL_TIM_OC_Start_DMA                              build/stm32f1xx_hal_tim.o
HAL_TIM_OC_Start_IT                               build/stm32f1xx_hal_tim.o
HAL_TIM_OC_Stop                                   build/stm32f1xx_hal_tim.o
HAL_TIM_OC_Stop_DMA                               build/stm32f1xx_hal_tim.o
HAL_TIM_OC_Stop_IT                                build/stm32f1xx_hal_tim.o
HAL_TIM_OnePulse_ConfigChannel                    build/stm32f1xx_hal_tim.o
HAL_TIM_OnePulse_DeInit                           build/stm32f1xx_hal_tim.o
HAL_TIM_OnePulse_GetState                         build/stm32f1xx_hal_tim.o
HAL_TIM_OnePulse_Init                             build/stm32f1xx_hal_tim.o
HAL_TIM_OnePulse_MspDeInit                        build/stm32f1xx_hal_tim.o
HAL_TIM_OnePulse_MspInit                          build/stm32f1xx_hal_tim.o
HAL_TIM_OnePulse_Start                            build/stm32f1xx_hal_tim.o
HAL_TIM_OnePulse_Start_IT                         build/stm32f1xx_hal_tim.o
HAL_TIM_OnePulse_Stop                             build/stm32f1xx_hal_tim.o
HAL_TIM_OnePulse_Stop_IT                          build/stm32f1xx_hal_tim.o
HAL_TIM_PWM_ConfigChannel                         build/stm32f1xx_hal_tim.o
HAL_TIM_PWM_DeInit                                build/stm32f1xx_hal_tim.o
HAL_TIM_PWM_GetState                              build/stm32f1xx_hal_tim.o
HAL_TIM_PWM_Init                                  build/stm32f1xx_hal_tim.o
HAL_TIM_PWM_MspDeInit                             build/stm32f1xx_hal_tim.o
HAL_TIM_PWM_MspInit                               build/stm32f1xx_hal_tim.o
HAL_TIM_PWM_PulseFinishedCallback                 build/stm32f1xx_hal_tim.o
HAL_TIM_PWM_Start                                 build/stm32f1xx_hal_tim.o
HAL_TIM_PWM_Start_DMA                             build/stm32f1xx_hal_tim.o
HAL_TIM_PWM_Start_IT                              build/stm32f1xx_hal_tim.o
HAL_TIM_PWM_Stop                                  build/stm32f1xx_hal_tim.o
HAL_TIM_PWM_Stop_DMA                              build/stm32f1xx_hal_tim.o
HAL_TIM_PWM_Stop_IT                               build/stm32f1xx_hal_tim.o
HAL_TIM_PeriodElapsedCallback                     build/main.o
                                                  build/stm32f1xx_hal_tim.o
HAL_TIM_ReadCapturedValue                         build/stm32f1xx_hal_tim.o
HAL_TIM_SlaveConfigSynchronization                build/stm32f1xx_hal_tim.o
HAL_TIM_SlaveConfigSynchronization_IT             build/stm32f1xx_hal_tim.o
HAL_TIM_TriggerCallback                           build/stm32f1xx_hal_tim.o
HardFault_Handler                                 build/stm32f1xx_it.o
I2C1_ER_IRQHandler                                build/startup_stm32f103xb.o
I2C1_EV_IRQHandler                                build/startup_stm32f103xb.o
I2C2_ER_IRQHandler                                build/startup_stm32f103xb.o
I2C2_EV_IRQHandler                                build/startup_stm32f103xb.o
MemManage_Handler                                 build/stm32f1xx_it.o
NMI_Handler                                       build/stm32f1xx_it.o
PVD_IRQHandler                                    build/startup_stm32f103xb.o
PendSV_Handler                                    build/port.o
RCC_IRQHandler                                    build/startup_stm32f103xb.o
RTC_Alarm_IRQHandler                              build/startup_stm32f103xb.o
RTC_IRQHandler                                    build/startup_stm32f103xb.o
Reset_Handler                                     build/startup_stm32f103xb.o
SPI1_IRQHandler                                   build/startup_stm32f103xb.o
SPI2_IRQHandler                                   build/startup_stm32f103xb.o
SVC_Handler                                       build/port.o
SysTick_Handler                                   build/port.o
                                                  build/cmsis_os.o
SystemClock_Config()                              build/main.o
SystemCoreClock                                   build/system_stm32f1xx.o
                                                  build/port.o
                                                  build/stm32f1xx_hal_rcc.o
                                                  build/stm32f1xx_hal.o
SystemCoreClockUpdate                             build/system_stm32f1xx.o
SystemInit                                        build/system_stm32f1xx.o
                                                  build/startup_stm32f103xb.o
TAMPER_IRQHandler                                 build/startup_stm32f103xb.o
TIM1_BRK_IRQHandler                               build/startup_stm32f103xb.o
TIM1_CC_IRQHandler                                build/startup_stm32f103xb.o
TIM1_TRG_COM_IRQHandler                           build/startup_stm32f103xb.o
TIM1_UP_IRQHandler                                build/stm32f1xx_it.o
TIM2_IRQHandler                                   build/startup_stm32f103xb.o
TIM3_IRQHandler                                   build/startup_stm32f103xb.o
TIM4_IRQHandler                                   build/startup_stm32f103xb.o
TIMEx_DMACommutationCplt                          build/stm32f1xx_hal_tim_ex.o
                                                  build/stm32f1xx_hal_tim.o
TIM_Base_SetConfig                                build/stm32f1xx_hal_tim.o
                                                  build/stm32f1xx_hal_tim_ex.o
TIM_CCxChannelCmd                                 build/stm32f1xx_hal_tim.o
                                                  build/stm32f1xx_hal_tim_ex.o
TIM_DMACaptureCplt                                build/stm32f1xx_hal_tim.o
                                                  build/stm32f1xx_hal_tim_ex.o
TIM_DMADelayPulseCplt                             build/stm32f1xx_hal_tim.o
                                                  build/stm32f1xx_hal_tim_ex.o
TIM_DMAError                                      build/stm32f1xx_hal_tim.o
                                                  build/stm32f1xx_hal_tim_ex.o
TIM_OC2_SetConfig                                 build/stm32f1xx_hal_tim.o
                                                  build/stm32f1xx_hal_tim_ex.o
TIM_TI1_SetConfig                                 build/stm32f1xx_hal_tim.o
                                                  build/stm32f1xx_hal_tim_ex.o
USART1_IRQHandler                                 build/startup_stm32f103xb.o
USART2_IRQHandler                                 build/startup_stm32f103xb.o
USART3_IRQHandler                                 build/startup_stm32f103xb.o
USBWakeUp_IRQHandler                              build/startup_stm32f103xb.o
USB_HP_CAN1_TX_IRQHandler                         build/startup_stm32f103xb.o
USB_LP_CAN1_RX0_IRQHandler                        build/startup_stm32f103xb.o
UsageFault_Handler                                build/stm32f1xx_it.o
WWDG_IRQHandler                                   build/startup_stm32f103xb.o
_ITM_deregisterTMCloneTable                       /usr/lib/gcc/arm-none-eabi/5.4.1/armv7-m/crtbegin.o
_ITM_registerTMCloneTable                         /usr/lib/gcc/arm-none-eabi/5.4.1/armv7-m/crtbegin.o
_Jv_RegisterClasses                               /usr/lib/gcc/arm-none-eabi/5.4.1/armv7-m/crtbegin.o
_Unwind_Backtrace                                 /usr/lib/gcc/arm-none-eabi/5.4.1/armv7-m/libgcc.a(libunwind.o)
_Unwind_Complete                                  /usr/lib/gcc/arm-none-eabi/5.4.1/armv7-m/libgcc.a(unwind-arm.o)
_Unwind_DeleteException                           /usr/lib/gcc/arm-none-eabi/5.4.1/armv7-m/libgcc.a(unwind-arm.o)
_Unwind_ForcedUnwind                              /usr/lib/gcc/arm-none-eabi/5.4.1/armv7-m/libgcc.a(libunwind.o)
_Unwind_GetCFA                                    /usr/lib/gcc/arm-none-eabi/5.4.1/armv7-m/libgcc.a(unwind-arm.o)
_Unwind_GetDataRelBase                            /usr/lib/gcc/arm-none-eabi/5.4.1/armv7-m/libgcc.a(pr-support.o)
_Unwind_GetLanguageSpecificData                   /usr/lib/gcc/arm-none-eabi/5.4.1/armv7-m/libgcc.a(pr-support.o)
_Unwind_GetRegionStart                            /usr/lib/gcc/arm-none-eabi/5.4.1/armv7-m/libgcc.a(pr-support.o)
_Unwind_GetTextRelBase                            /usr/lib/gcc/arm-none-eabi/5.4.1/armv7-m/libgcc.a(pr-support.o)
_Unwind_RaiseException                            /usr/lib/gcc/arm-none-eabi/5.4.1/armv7-m/libgcc.a(libunwind.o)
_Unwind_Resume                                    /usr/lib/gcc/arm-none-eabi/5.4.1/armv7-m/libgcc.a(libunwind.o)
_Unwind_Resume_or_Rethrow                         /usr/lib/gcc/arm-none-eabi/5.4.1/armv7-m/libgcc.a(libunwind.o)
_Unwind_VRS_Get                                   /usr/lib/gcc/arm-none-eabi/5.4.1/armv7-m/libgcc.a(unwind-arm.o)
                                                  /usr/lib/gcc/arm-none-eabi/5.4.1/armv7-m/libgcc.a(pr-support.o)
_Unwind_VRS_Pop                                   /usr/lib/gcc/arm-none-eabi/5.4.1/armv7-m/libgcc.a(unwind-arm.o)
                                                  /usr/lib/gcc/arm-none-eabi/5.4.1/armv7-m/libgcc.a(pr-support.o)
_Unwind_VRS_Set                                   /usr/lib/gcc/arm-none-eabi/5.4.1/armv7-m/libgcc.a(unwind-arm.o)
                                                  /usr/lib/gcc/arm-none-eabi/5.4.1/armv7-m/libgcc.a(pr-support.o)
__TMC_END__                                       /usr/lib/gcc/arm-none-eabi/5.4.1/armv7-m/crtend.o
                                                  /usr/lib/gcc/arm-none-eabi/5.4.1/armv7-m/crtbegin.o
___Unwind_Backtrace                               /usr/lib/gcc/arm-none-eabi/5.4.1/armv7-m/libgcc.a(libunwind.o)
___Unwind_ForcedUnwind                            /usr/lib/gcc/arm-none-eabi/5.4.1/armv7-m/libgcc.a(libunwind.o)
___Unwind_RaiseException                          /usr/lib/gcc/arm-none-eabi/5.4.1/armv7-m/libgcc.a(libunwind.o)
___Unwind_Resume                                  /usr/lib/gcc/arm-none-eabi/5.4.1/armv7-m/libgcc.a(libunwind.o)
___Unwind_Resume_or_Rethrow                       /usr/lib/gcc/arm-none-eabi/5.4.1/armv7-m/libgcc.a(libunwind.o)
__adddf3                                          /usr/lib/gcc/arm-none-eabi/5.4.1/armv7-m/libgcc.a(_arm_addsubdf3.o)
__aeabi_d2iz                                      /usr/lib/gcc/arm-none-eabi/5.4.1/armv7-m/libgcc.a(_arm_fixdfsi.o)
                                                  build/duration.o
__aeabi_dadd                                      /usr/lib/gcc/arm-none-eabi/5.4.1/armv7-m/libgcc.a(_arm_addsubdf3.o)
__aeabi_ddiv                                      /usr/lib/gcc/arm-none-eabi/5.4.1/armv7-m/libgcc.a(_arm_muldivdf3.o)
__aeabi_dmul                                      /usr/lib/gcc/arm-none-eabi/5.4.1/armv7-m/libgcc.a(_arm_muldivdf3.o)
                                                  build/duration.o
__aeabi_drsub                                     /usr/lib/gcc/arm-none-eabi/5.4.1/armv7-m/libgcc.a(_arm_addsubdf3.o)
__aeabi_dsub                                      /usr/lib/gcc/arm-none-eabi/5.4.1/armv7-m/libgcc.a(_arm_addsubdf3.o)
__aeabi_f2d                                       /usr/lib/gcc/arm-none-eabi/5.4.1/armv7-m/libgcc.a(_arm_addsubdf3.o)
__aeabi_i2d                                       /usr/lib/gcc/arm-none-eabi/5.4.1/armv7-m/libgcc.a(_arm_addsubdf3.o)
                                                  build/duration.o
__aeabi_l2d                                       /usr/lib/gcc/arm-none-eabi/5.4.1/armv7-m/libgcc.a(_arm_addsubdf3.o)
__aeabi_ui2d                                      /usr/lib/gcc/arm-none-eabi/5.4.1/armv7-m/libgcc.a(_arm_addsubdf3.o)
__aeabi_ul2d                                      /usr/lib/gcc/arm-none-eabi/5.4.1/armv7-m/libgcc.a(_arm_addsubdf3.o)
__aeabi_unwind_cpp_pr0                            /usr/lib/gcc/arm-none-eabi/5.4.1/armv7-m/libgcc.a(unwind-arm.o)
                                                  /usr/lib/gcc/arm-none-eabi/5.4.1/armv7-m/libgcc.a(pr-support.o)
                                                  build/main.o