Archive member included to satisfy reference by file (symbol)

/usr/local/Cellar/gcc-arm-none-eabi/20180627/bin/../lib/gcc/arm-none-eabi/7.3.1/../../../../arm-none-eabi/lib/thumb/v7-m/libc_nano.a(lib_a-exit.o)
                              /usr/local/Cellar/gcc-arm-none-eabi/20180627/bin/../lib/gcc/arm-none-eabi/7.3.1/../../../../arm-none-eabi/lib/thumb/v7-m/crt0.o (exit)
/usr/local/Cellar/gcc-arm-none-eabi/20180627/bin/../lib/gcc/arm-none-eabi/7.3.1/../../../../arm-none-eabi/lib/thumb/v7-m/libc_nano.a(lib_a-impure.o)
                              /usr/local/Cellar/gcc-arm-none-eabi/20180627/bin/../lib/gcc/arm-none-eabi/7.3.1/../../../../arm-none-eabi/lib/thumb/v7-m/libc_nano.a(lib_a-exit.o) (_global_impure_ptr)
/usr/local/Cellar/gcc-arm-none-eabi/20180627/bin/../lib/gcc/arm-none-eabi/7.3.1/../../../../arm-none-eabi/lib/thumb/v7-m/libc_nano.a(lib_a-init.o)
                              /usr/local/Cellar/gcc-arm-none-eabi/20180627/bin/../lib/gcc/arm-none-eabi/7.3.1/../../../../arm-none-eabi/lib/thumb/v7-m/crt0.o (__libc_init_array)
/usr/local/Cellar/gcc-arm-none-eabi/20180627/bin/../lib/gcc/arm-none-eabi/7.3.1/../../../../arm-none-eabi/lib/thumb/v7-m/libc_nano.a(lib_a-memcpy-stub.o)
                              build/queue.o (memcpy)
/usr/local/Cellar/gcc-arm-none-eabi/20180627/bin/../lib/gcc/arm-none-eabi/7.3.1/../../../../arm-none-eabi/lib/thumb/v7-m/libc_nano.a(lib_a-memset.o)
                              /usr/local/Cellar/gcc-arm-none-eabi/20180627/bin/../lib/gcc/arm-none-eabi/7.3.1/../../../../arm-none-eabi/lib/thumb/v7-m/crt0.o (memset)
/usr/local/Cellar/gcc-arm-none-eabi/20180627/bin/../lib/gcc/arm-none-eabi/7.3.1/../../../../arm-none-eabi/lib/thumb/v7-m/libnosys.a(_exit.o)
                              /usr/local/Cellar/gcc-arm-none-eabi/20180627/bin/../lib/gcc/arm-none-eabi/7.3.1/../../../../arm-none-eabi/lib/thumb/v7-m/libc_nano.a(lib_a-exit.o) (_exit)

Allocating common symbols
Common symbol       size              file

task1Handle         0x4               build/main.o
uwTick              0x4               build/stm32f1xx_hal.o
xQueueRegistry      0x40              build/queue.o
pFlash              0x20              build/stm32f1xx_hal_flash.o
htim1               0x40              build/stm32f1xx_hal_timebase_tim.o
myTimer01Handle     0x4               build/main.o
task2Handle         0x4               build/main.o

Discarded input sections

 .text          0x0000000000000000        0x0 /usr/local/Cellar/gcc-arm-none-eabi/20180627/bin/../lib/gcc/arm-none-eabi/7.3.1/thumb/v7-m/crti.o
 .data          0x0000000000000000        0x0 /usr/local/Cellar/gcc-arm-none-eabi/20180627/bin/../lib/gcc/arm-none-eabi/7.3.1/thumb/v7-m/crti.o
 .bss           0x0000000000000000        0x0 /usr/local/Cellar/gcc-arm-none-eabi/20180627/bin/../lib/gcc/arm-none-eabi/7.3.1/thumb/v7-m/crti.o
 .data          0x0000000000000000        0x4 /usr/local/Cellar/gcc-arm-none-eabi/20180627/bin/../lib/gcc/arm-none-eabi/7.3.1/thumb/v7-m/crtbegin.o
 .text          0x0000000000000000       0x74 /usr/local/Cellar/gcc-arm-none-eabi/20180627/bin/../lib/gcc/arm-none-eabi/7.3.1/../../../../arm-none-eabi/lib/thumb/v7-m/crt0.o
 .data          0x0000000000000000        0x0 /usr/local/Cellar/gcc-arm-none-eabi/20180627/bin/../lib/gcc/arm-none-eabi/7.3.1/../../../../arm-none-eabi/lib/thumb/v7-m/crt0.o
 .bss           0x0000000000000000        0x0 /usr/local/Cellar/gcc-arm-none-eabi/20180627/bin/../lib/gcc/arm-none-eabi/7.3.1/../../../../arm-none-eabi/lib/thumb/v7-m/crt0.o
 .ARM.extab     0x0000000000000000        0x0 /usr/local/Cellar/gcc-arm-none-eabi/20180627/bin/../lib/gcc/arm-none-eabi/7.3.1/../../../../arm-none-eabi/lib/thumb/v7-m/crt0.o
 .ARM.exidx     0x0000000000000000        0x8 /usr/local/Cellar/gcc-arm-none-eabi/20180627/bin/../lib/gcc/arm-none-eabi/7.3.1/../../../../arm-none-eabi/lib/thumb/v7-m/crt0.o
 .ARM.attributes
                0x0000000000000000       0x1b /usr/local/Cellar/gcc-arm-none-eabi/20180627/bin/../lib/gcc/arm-none-eabi/7.3.1/../../../../arm-none-eabi/lib/thumb/v7-m/crt0.o
 .text          0x0000000000000000        0x0 build/main.o
 .data          0x0000000000000000        0x0 build/main.o
 .bss           0x0000000000000000        0x0 build/main.o
 .text.Error_Handler
                0x0000000000000000        0x2 build/main.o
 .text          0x0000000000000000        0x0 build/freertos.o
 .data          0x0000000000000000        0x0 build/freertos.o
 .bss           0x0000000000000000        0x0 build/freertos.o
 .debug_info    0x0000000000000000      0xa63 build/freertos.o
 .debug_abbrev  0x0000000000000000      0x18e build/freertos.o
 .debug_aranges
                0x0000000000000000       0x18 build/freertos.o
 .debug_line    0x0000000000000000      0x1fe build/freertos.o
 .debug_str     0x0000000000000000      0x62c build/freertos.o
 .comment       0x0000000000000000       0x80 build/freertos.o
 .ARM.attributes
                0x0000000000000000       0x33 build/freertos.o
[...]
Memory Configuration

Name             Origin             Length             Attributes
RAM              0x0000000020000000 0x0000000000005000 xrw
FLASH            0x0000000008000000 0x0000000000010000 xr
*default*        0x0000000000000000 0xffffffffffffffff

Linker script and memory map

LOAD /usr/local/Cellar/gcc-arm-none-eabi/20180627/bin/../lib/gcc/arm-none-eabi/7.3.1/thumb/v7-m/crti.o
LOAD /usr/local/Cellar/gcc-arm-none-eabi/20180627/bin/../lib/gcc/arm-none-eabi/7.3.1/thumb/v7-m/crtbegin.o
LOAD /usr/local/Cellar/gcc-arm-none-eabi/20180627/bin/../lib/gcc/arm-none-eabi/7.3.1/../../../../arm-none-eabi/lib/thumb/v7-m/crt0.o
LOAD build/main.o
LOAD build/freertos.o
LOAD build/stm32f1xx_it.o
LOAD build/stm32f1xx_hal_msp.o
LOAD build/stm32f1xx_hal_timebase_tim.o
LOAD build/stm32f1xx_hal_gpio_ex.o
LOAD build/stm32f1xx_hal_tim.o
LOAD build/stm32f1xx_hal_tim_ex.o
LOAD build/stm32f1xx_hal.o
LOAD build/stm32f1xx_hal_rcc.o
LOAD build/stm32f1xx_hal_rcc_ex.o
LOAD build/stm32f1xx_hal_gpio.o
LOAD build/stm32f1xx_hal_dma.o
LOAD build/stm32f1xx_hal_cortex.o
LOAD build/stm32f1xx_hal_pwr.o
LOAD build/stm32f1xx_hal_flash.o
LOAD build/stm32f1xx_hal_flash_ex.o
LOAD build/system_stm32f1xx.o
LOAD build/croutine.o
LOAD build/event_groups.o
LOAD build/list.o
LOAD build/queue.o
LOAD build/tasks.o
LOAD build/timers.o
LOAD build/cmsis_os.o
LOAD build/heap_4.o
LOAD build/port.o
LOAD build/startup_stm32f103xb.o
LOAD /usr/local/Cellar/gcc-arm-none-eabi/20180627/bin/../lib/gcc/arm-none-eabi/7.3.1/../../../../arm-none-eabi/lib/thumb/v7-m/libc_nano.a
LOAD /usr/local/Cellar/gcc-arm-none-eabi/20180627/bin/../lib/gcc/arm-none-eabi/7.3.1/../../../../arm-none-eabi/lib/thumb/v7-m/libm.a
LOAD /usr/local/Cellar/gcc-arm-none-eabi/20180627/bin/../lib/gcc/arm-none-eabi/7.3.1/../../../../arm-none-eabi/lib/thumb/v7-m/libnosys.a
START GROUP
LOAD /usr/local/Cellar/gcc-arm-none-eabi/20180627/bin/../lib/gcc/arm-none-eabi/7.3.1/thumb/v7-m/libgcc.a
LOAD /usr/local/Cellar/gcc-arm-none-eabi/20180627/bin/../lib/gcc/arm-none-eabi/7.3.1/../../../../arm-none-eabi/lib/thumb/v7-m/libc_nano.a
END GROUP
START GROUP
LOAD /usr/local/Cellar/gcc-arm-none-eabi/20180627/bin/../lib/gcc/arm-none-eabi/7.3.1/thumb/v7-m/libgcc.a
LOAD /usr/local/Cellar/gcc-arm-none-eabi/20180627/bin/../lib/gcc/arm-none-eabi/7.3.1/../../../../arm-none-eabi/lib/thumb/v7-m/libc_nano.a
END GROUP
LOAD /usr/local/Cellar/gcc-arm-none-eabi/20180627/bin/../lib/gcc/arm-none-eabi/7.3.1/thumb/v7-m/crtend.o
LOAD /usr/local/Cellar/gcc-arm-none-eabi/20180627/bin/../lib/gcc/arm-none-eabi/7.3.1/thumb/v7-m/crtn.o
                0x0000000020005000                _estack = 0x20005000
                0x0000000000000200                _Min_Heap_Size = 0x200
                0x0000000000000400                _Min_Stack_Size = 0x400

.isr_vector     0x0000000008000000      0x10c
                0x0000000008000000                . = ALIGN (0x4)
 *(.isr_vector)
 .isr_vector    0x0000000008000000      0x10c build/startup_stm32f103xb.o
                0x0000000008000000                g_pfnVectors
                0x000000000800010c                . = ALIGN (0x4)

.text           0x0000000008000110     0x2b64
                0x0000000008000110                . = ALIGN (0x4)
 *(.text)
 .text          0x0000000008000110       0x40 /usr/local/Cellar/gcc-arm-none-eabi/20180627/bin/../lib/gcc/arm-none-eabi/7.3.1/thumb/v7-m/crtbegin.o
 *(.text*)
 .text.Callback01
                0x0000000008000150        0xc build/main.o
                0x0000000008000150                Callback01
 .text.MX_GPIO_Init
                0x000000000800015c       0xb4 build/main.o
 .text.task1EntryFunction
                0x0000000008000210       0x34 build/main.o
                0x0000000008000210                task1EntryFunction
 .text.task2EntryFunction
                0x0000000008000244       0x38 build/main.o
                0x0000000008000244                task2EntryFunction
 .text.SystemClock_Config
                0x000000000800027c       0x52 build/main.o
                0x000000000800027c                SystemClock_Config
 *fill*         0x00000000080002ce        0x2 
 .text.main     0x00000000080002d0       0x70 build/main.o
                0x00000000080002d0                main
 .text.HAL_TIM_PeriodElapsedCallback
                0x0000000008000340       0x18 build/main.o
                0x0000000008000340                HAL_TIM_PeriodElapsedCallback
 .text.NMI_Handler
                0x0000000008000358        0x2 build/stm32f1xx_it.o
                0x0000000008000358                NMI_Handler
 .text.HardFault_Handler
                0x000000000800035a        0x2 build/stm32f1xx_it.o
                0x000000000800035a                HardFault_Handler
 .text.MemManage_Handler
                0x000000000800035c        0x2 build/stm32f1xx_it.o
                0x000000000800035c                MemManage_Handler
 .text.BusFault_Handler
                0x000000000800035e        0x2 build/stm32f1xx_it.o
                0x000000000800035e                BusFault_Handler
 .text.UsageFault_Handler
                0x0000000008000360        0x2 build/stm32f1xx_it.o
                0x0000000008000360                UsageFault_Handler
 .text.DebugMon_Handler
                0x0000000008000362        0x2 build/stm32f1xx_it.o
                0x0000000008000362                DebugMon_Handler
 .text.TIM1_UP_IRQHandler
                0x0000000008000364       0x10 build/stm32f1xx_it.o
                0x0000000008000364                TIM1_UP_IRQHandler
 .text.HAL_MspInit
                0x0000000008000374       0x54 build/stm32f1xx_hal_msp.o
                0x0000000008000374                HAL_MspInit
 .text.HAL_InitTick
                0x00000000080003c8       0x78 build/stm32f1xx_hal_timebase_tim.o
                0x00000000080003c8                HAL_InitTick
 .text.HAL_TIM_Base_MspInit
                0x0000000008000440        0x2 build/stm32f1xx_hal_tim.o
                0x0000000008000440                HAL_TIM_Base_MspInit
 .text.HAL_TIM_Base_Start_IT
                0x0000000008000442       0x18 build/stm32f1xx_hal_tim.o
                0x0000000008000442                HAL_TIM_Base_Start_IT
 .text.HAL_TIM_OC_DelayElapsedCallback
                0x000000000800045a        0x2 build/stm32f1xx_hal_tim.o
                0x000000000800045a                HAL_TIM_OC_DelayElapsedCallback
 .text.HAL_TIM_IC_CaptureCallback
                0x000000000800045c        0x2 build/stm32f1xx_hal_tim.o
                0x000000000800045c                HAL_TIM_IC_CaptureCallback
 .text.HAL_TIM_PWM_PulseFinishedCallback
                0x000000000800045e        0x2 build/stm32f1xx_hal_tim.o
                0x000000000800045e                HAL_TIM_PWM_PulseFinishedCallback
 .text.HAL_TIM_TriggerCallback
                0x0000000008000460        0x2 build/stm32f1xx_hal_tim.o
                0x0000000008000460                HAL_TIM_TriggerCallback
 .text.HAL_TIM_IRQHandler
                0x0000000008000462      0x17a build/stm32f1xx_hal_tim.o
                0x0000000008000462                HAL_TIM_IRQHandler
 .text.TIM_Base_SetConfig
                0x00000000080005dc       0x74 build/stm32f1xx_hal_tim.o
                0x00000000080005dc                TIM_Base_SetConfig
 .text.HAL_TIM_Base_Init
                0x0000000008000650       0x32 build/stm32f1xx_hal_tim.o
                0x0000000008000650                HAL_TIM_Base_Init
 .text.HAL_TIMEx_CommutationCallback
                0x0000000008000682        0x2 build/stm32f1xx_hal_tim_ex.o
                0x0000000008000682                HAL_TIMEx_CommutationCallback
 .text.HAL_TIMEx_BreakCallback
                0x0000000008000684        0x2 build/stm32f1xx_hal_tim_ex.o
                0x0000000008000684                HAL_TIMEx_BreakCallback
 *fill*         0x0000000008000686        0x2 
 .text.HAL_Init
                0x0000000008000688       0x24 build/stm32f1xx_hal.o
                0x0000000008000688                HAL_Init
 .text.HAL_IncTick
                0x00000000080006ac       0x18 build/stm32f1xx_hal.o
                0x00000000080006ac                HAL_IncTick
 .text.HAL_GetTick
                0x00000000080006c4        0xc build/stm32f1xx_hal.o
                0x00000000080006c4                HAL_GetTick
 .text.RCC_Delay
                0x00000000080006d0       0x2c build/stm32f1xx_hal_rcc.o
 .text.HAL_RCC_OscConfig
                0x00000000080006fc      0x3dc build/stm32f1xx_hal_rcc.o
                0x00000000080006fc                HAL_RCC_OscConfig
 .text.HAL_RCC_GetSysClockFreq
                0x0000000008000ad8       0x70 build/stm32f1xx_hal_rcc.o
                0x0000000008000ad8                HAL_RCC_GetSysClockFreq
 .text.HAL_RCC_ClockConfig
                0x0000000008000b48      0x19c build/stm32f1xx_hal_rcc.o
                0x0000000008000b48                HAL_RCC_ClockConfig
 .text.HAL_RCC_GetHCLKFreq
                0x0000000008000ce4        0xc build/stm32f1xx_hal_rcc.o
                0x0000000008000ce4                HAL_RCC_GetHCLKFreq
 .text.HAL_RCC_GetPCLK2Freq
                0x0000000008000cf0       0x20 build/stm32f1xx_hal_rcc.o
                0x0000000008000cf0                HAL_RCC_GetPCLK2Freq
 .text.HAL_RCC_GetClockConfig
                0x0000000008000d10       0x3c build/stm32f1xx_hal_rcc.o
                0x0000000008000d10                HAL_RCC_GetClockConfig
 .text.HAL_GPIO_Init
                0x0000000008000d4c      0x1d4 build/stm32f1xx_hal_gpio.o
                0x0000000008000d4c                HAL_GPIO_Init
 .text.HAL_GPIO_ReadPin
                0x0000000008000f20        0xe build/stm32f1xx_hal_gpio.o
                0x0000000008000f20                HAL_GPIO_ReadPin
 .text.HAL_GPIO_WritePin
                0x0000000008000f2e        0xc build/stm32f1xx_hal_gpio.o
                0x0000000008000f2e                HAL_GPIO_WritePin
 .text.HAL_GPIO_TogglePin
                0x0000000008000f3a        0x8 build/stm32f1xx_hal_gpio.o
                0x0000000008000f3a                HAL_GPIO_TogglePin
 *fill*         0x0000000008000f42        0x2 
 .text.HAL_NVIC_SetPriorityGrouping
                0x0000000008000f44       0x24 build/stm32f1xx_hal_cortex.o
                0x0000000008000f44                HAL_NVIC_SetPriorityGrouping
 .text.HAL_NVIC_SetPriority
                0x0000000008000f68       0x68 build/stm32f1xx_hal_cortex.o
                0x0000000008000f68                HAL_NVIC_SetPriority
 .text.HAL_NVIC_EnableIRQ
                0x0000000008000fd0       0x18 build/stm32f1xx_hal_cortex.o
                0x0000000008000fd0                HAL_NVIC_EnableIRQ
 .text.SystemInit
                0x0000000008000fe8       0x4c build/system_stm32f1xx.o
                0x0000000008000fe8                SystemInit
 .text.vListInitialise
                0x0000000008001034       0x16 build/list.o
                0x0000000008001034                vListInitialise
 .text.vListInitialiseItem
                0x000000000800104a        0x6 build/list.o
                0x000000000800104a                vListInitialiseItem
 .text.vListInsertEnd
                0x0000000008001050       0x18 build/list.o
                0x0000000008001050                vListInsertEnd
 .text.vListInsert
                0x0000000008001068       0x34 build/list.o
                0x0000000008001068                vListInsert
 .text.uxListRemove
                0x000000000800109c       0x26 build/list.o
                0x000000000800109c                uxListRemove
 .text.prvIsQueueFull
                0x00000000080010c2       0x1e build/queue.o
 .text.prvIsQueueEmpty
                0x00000000080010e0       0x1a build/queue.o
 .text.prvCopyDataToQueue
                0x00000000080010fa       0x76 build/queue.o
 .text.prvCopyDataFromQueue
                0x0000000008001170       0x24 build/queue.o
 .text.prvUnlockQueue
                0x0000000008001194       0x6e build/queue.o
 *fill*         0x0000000008001202        0x2 
 .text.xQueueGenericReset
                0x0000000008001204       0x84 build/queue.o
                0x0000000008001204                xQueueGenericReset
 .text.prvInitialiseNewQueue
                0x0000000008001288       0x1c build/queue.o
 .text.xQueueGenericCreate
                0x00000000080012a4       0x48 build/queue.o
                0x00000000080012a4                xQueueGenericCreate
 .text.xQueueGenericSend
                0x00000000080012ec      0x17c build/queue.o
                0x00000000080012ec                xQueueGenericSend
 .text.xQueueGenericSendFromISR
                0x0000000008001468       0xcc build/queue.o
                0x0000000008001468                xQueueGenericSendFromISR
 .text.xQueueGenericReceive
                0x0000000008001534      0x1a4 build/queue.o
                0x0000000008001534                xQueueGenericReceive
 .text.vQueueAddToRegistry
                0x00000000080016d8       0x28 build/queue.o
                0x00000000080016d8                vQueueAddToRegistry
 .text.vQueueWaitForMessageRestricted
                0x0000000008001700       0x52 build/queue.o
                0x0000000008001700                vQueueWaitForMessageRestricted
 *fill*         0x0000000008001752        0x2 
 .text.prvResetNextTaskUnblockTime
                0x0000000008001754       0x2c build/tasks.o
 .text.prvDeleteTCB
                0x0000000008001780       0x12 build/tasks.o
 .text.prvInitialiseNewTask
                0x0000000008001792       0x80 build/tasks.o
 *fill*         0x0000000008001812        0x2 
 .text.prvInitialiseTaskLists
                0x0000000008001814       0x68 build/tasks.o
 .text.prvAddNewTaskToReadyList
                0x000000000800187c       0xa8 build/tasks.o
 .text.prvAddCurrentTaskToDelayedList
                0x0000000008001924       0x98 build/tasks.o
 .text.xTaskCreate
                0x00000000080019bc       0x62 build/tasks.o
                0x00000000080019bc                xTaskCreate
 *fill*         0x0000000008001a1e        0x2 
 .text.vTaskStartScheduler
                0x0000000008001a20       0x84 build/tasks.o
                0x0000000008001a20                vTaskStartScheduler
 .text.vTaskSuspendAll
                0x0000000008001aa4       0x10 build/tasks.o
                0x0000000008001aa4                vTaskSuspendAll
 .text.xTaskGetTickCount
                0x0000000008001ab4        0xc build/tasks.o
                0x0000000008001ab4                xTaskGetTickCount
 .text.xTaskIncrementTick
                0x0000000008001ac0      0x118 build/tasks.o
                0x0000000008001ac0                xTaskIncrementTick
 .text.xTaskResumeAll
                0x0000000008001bd8       0xf4 build/tasks.o
                0x0000000008001bd8                xTaskResumeAll
 .text.vTaskDelay
                0x0000000008001ccc       0x4c build/tasks.o
                0x0000000008001ccc                vTaskDelay
 .text.prvCheckTasksWaitingTermination
                0x0000000008001d18       0x5c build/tasks.o
 .text.prvIdleTask
                0x0000000008001d74       0x28 build/tasks.o
 .text.vTaskSwitchContext
                0x0000000008001d9c       0x98 build/tasks.o
                0x0000000008001d9c                vTaskSwitchContext
 .text.vTaskPlaceOnEventList
                0x0000000008001e34       0x30 build/tasks.o
                0x0000000008001e34                vTaskPlaceOnEventList
 .text.vTaskPlaceOnEventListRestricted
                0x0000000008001e64       0x38 build/tasks.o
                0x0000000008001e64                vTaskPlaceOnEventListRestricted
 .text.xTaskRemoveFromEventList
                0x0000000008001e9c       0x8c build/tasks.o
                0x0000000008001e9c                xTaskRemoveFromEventList
 .text.vTaskSetTimeOutState
                0x0000000008001f28       0x2c build/tasks.o
                0x0000000008001f28                vTaskSetTimeOutState
 .text.xTaskCheckForTimeOut
                0x0000000008001f54       0x80 build/tasks.o
                0x0000000008001f54                xTaskCheckForTimeOut
 .text.vTaskMissedYield
                0x0000000008001fd4        0xc build/tasks.o
                0x0000000008001fd4                vTaskMissedYield
 .text.xTaskGetSchedulerState
                0x0000000008001fe0       0x20 build/tasks.o
                0x0000000008001fe0                xTaskGetSchedulerState
 .text.vTaskPriorityInherit
                0x0000000008002000       0xa0 build/tasks.o
                0x0000000008002000                vTaskPriorityInherit
 .text.xTaskPriorityDisinherit
                0x00000000080020a0       0xb0 build/tasks.o
                0x00000000080020a0                xTaskPriorityDisinherit
 .text.pvTaskIncrementMutexHeldCount
                0x0000000008002150       0x1c build/tasks.o
                0x0000000008002150                pvTaskIncrementMutexHeldCount
 .text.prvGetNextExpireTime
                0x000000000800216c       0x20 build/timers.o
 .text.prvInsertTimerInActiveList
                0x000000000800218c       0x48 build/timers.o
 .text.prvCheckForValidListAndQueue
                0x00000000080021d4       0x5c build/timers.o
 .text.prvInitialiseNewTimer
                0x0000000008002230       0x40 build/timers.o
 .text.xTimerCreateTimerTask
                0x0000000008002270       0x50 build/timers.o
                0x0000000008002270                xTimerCreateTimerTask
 .text.xTimerCreate
                0x00000000080022c0       0x32 build/timers.o
                0x00000000080022c0                xTimerCreate
 *fill*         0x00000000080022f2        0x2 
 .text.xTimerGenericCommand
                0x00000000080022f4       0x6c build/timers.o
                0x00000000080022f4                xTimerGenericCommand
 .text.prvSwitchTimerLists
                0x0000000008002360       0x78 build/timers.o
 .text.prvSampleTimeNow
                0x00000000080023d8       0x2c build/timers.o
 .text.prvProcessExpiredTimer
                0x0000000008002404       0x60 build/timers.o
 .text.prvProcessTimerOrBlockTask
                0x0000000008002464       0x74 build/timers.o
 .text.prvProcessReceivedCommands
                0x00000000080024d8       0xe4 build/timers.o
 .text.prvTimerTask
                0x00000000080025bc       0x16 build/timers.o
 .text.makeFreeRtosPriority
                0x00000000080025d2        0xc build/cmsis_os.o
 .text.inHandlerMode
                0x00000000080025de        0xc build/cmsis_os.o
 .text.osKernelStart
                0x00000000080025ea        0xa build/cmsis_os.o
                0x00000000080025ea                osKernelStart
 .text.osThreadCreate
                0x00000000080025f4       0x34 build/cmsis_os.o
                0x00000000080025f4                osThreadCreate
 .text.osDelay  0x0000000008002628       0x12 build/cmsis_os.o
                0x0000000008002628                osDelay
 *fill*         0x000000000800263a        0x2 
 .text.osTimerCreate
                0x000000000800263c       0x28 build/cmsis_os.o
                0x000000000800263c                osTimerCreate
 .text.osTimerStart
                0x0000000008002664       0x6c build/cmsis_os.o
                0x0000000008002664                osTimerStart
 .text.prvHeapInit
                0x00000000080026d0       0x64 build/heap_4.o
 .text.prvInsertBlockIntoFreeList
                0x0000000008002734       0x54 build/heap_4.o
 .text.pvPortMalloc
                0x0000000008002788      0x108 build/heap_4.o
                0x0000000008002788                pvPortMalloc
 .text.vPortFree
                0x0000000008002890       0x70 build/heap_4.o
                0x0000000008002890                vPortFree
 .text.prvTaskExitError
                0x0000000008002900       0x34 build/port.o
 .text.prvPortStartFirstTask
                0x0000000008002934       0x20 build/port.o
 .text.pxPortInitialiseStack
                0x0000000008002954       0x24 build/port.o
                0x0000000008002954                pxPortInitialiseStack
 *fill*         0x0000000008002978        0x8 
 .text.SVC_Handler
                0x0000000008002980       0x24 build/port.o
                0x0000000008002980                SVC_Handler
 .text.vPortEnterCritical
                0x00000000080029a4       0x44 build/port.o
                0x00000000080029a4                vPortEnterCritical
 .text.vPortExitCritical
                0x00000000080029e8       0x2c build/port.o
                0x00000000080029e8                vPortExitCritical
 *fill*         0x0000000008002a14        0xc 
 .text.PendSV_Handler
                0x0000000008002a20       0x44 build/port.o
                0x0000000008002a20                PendSV_Handler
 .text.SysTick_Handler
                0x0000000008002a64       0x2c build/port.o
                0x0000000008002a64                SysTick_Handler
 .text.vPortSetupTimerInterrupt
                0x0000000008002a90       0x2c build/port.o
                0x0000000008002a90                vPortSetupTimerInterrupt
 .text.xPortStartScheduler
                0x0000000008002abc       0x98 build/port.o
                0x0000000008002abc                xPortStartScheduler
 .text.vPortValidateInterruptPriority
                0x0000000008002b54       0x5c build/port.o
                0x0000000008002b54                vPortValidateInterruptPriority
 .text.Reset_Handler
                0x0000000008002bb0       0x48 build/startup_stm32f103xb.o
                0x0000000008002bb0                Reset_Handler
 .text.Default_Handler
                0x0000000008002bf8        0x2 build/startup_stm32f103xb.o
                0x0000000008002bf8                USBWakeUp_IRQHandler
                0x0000000008002bf8                EXTI2_IRQHandler
                0x0000000008002bf8                TIM1_CC_IRQHandler
                0x0000000008002bf8                PVD_IRQHandler
                0x0000000008002bf8                EXTI3_IRQHandler
                0x0000000008002bf8                EXTI0_IRQHandler
                0x0000000008002bf8                I2C2_EV_IRQHandler
                0x0000000008002bf8                ADC1_2_IRQHandler
                0x0000000008002bf8                SPI1_IRQHandler
                0x0000000008002bf8                TAMPER_IRQHandler
                0x0000000008002bf8                DMA1_Channel4_IRQHandler
                0x0000000008002bf8                USART3_IRQHandler
                0x0000000008002bf8                RTC_IRQHandler
                0x0000000008002bf8                DMA1_Channel7_IRQHandler
                0x0000000008002bf8                CAN1_RX1_IRQHandler
                0x0000000008002bf8                TIM4_IRQHandler
                0x0000000008002bf8                I2C1_EV_IRQHandler
                0x0000000008002bf8                DMA1_Channel6_IRQHandler
                0x0000000008002bf8                TIM3_IRQHandler
                0x0000000008002bf8                RCC_IRQHandler
                0x0000000008002bf8                TIM1_TRG_COM_IRQHandler
                0x0000000008002bf8                DMA1_Channel1_IRQHandler
                0x0000000008002bf8                Default_Handler
                0x0000000008002bf8                EXTI15_10_IRQHandler
                0x0000000008002bf8                EXTI9_5_IRQHandler
                0x0000000008002bf8                SPI2_IRQHandler
                0x0000000008002bf8                DMA1_Channel5_IRQHandler
                0x0000000008002bf8                EXTI4_IRQHandler
                0x0000000008002bf8                USB_LP_CAN1_RX0_IRQHandler
                0x0000000008002bf8                USB_HP_CAN1_TX_IRQHandler
                0x0000000008002bf8                DMA1_Channel3_IRQHandler
                0x0000000008002bf8                WWDG_IRQHandler
                0x0000000008002bf8                TIM2_IRQHandler
                0x0000000008002bf8                TIM1_BRK_IRQHandler
                0x0000000008002bf8                EXTI1_IRQHandler
                0x0000000008002bf8                USART2_IRQHandler
                0x0000000008002bf8                I2C2_ER_IRQHandler
                0x0000000008002bf8                DMA1_Channel2_IRQHandler
                0x0000000008002bf8                CAN1_SCE_IRQHandler
                0x0000000008002bf8                FLASH_IRQHandler
                0x0000000008002bf8                USART1_IRQHandler
                0x0000000008002bf8                I2C1_ER_IRQHandler
                0x0000000008002bf8                RTC_Alarm_IRQHandler
 *fill*         0x0000000008002bfa        0x2 
 .text.__libc_init_array
                0x0000000008002bfc       0x48 /usr/local/Cellar/gcc-arm-none-eabi/20180627/bin/../lib/gcc/arm-none-eabi/7.3.1/../../../../arm-none-eabi/lib/thumb/v7-m/libc_nano.a(lib_a-init.o)
                0x0000000008002bfc                __libc_init_array
 .text.memcpy   0x0000000008002c44       0x16 /usr/local/Cellar/gcc-arm-none-eabi/20180627/bin/../lib/gcc/arm-none-eabi/7.3.1/../../../../arm-none-eabi/lib/thumb/v7-m/libc_nano.a(lib_a-memcpy-stub.o)
                0x0000000008002c44                memcpy
 *(.glue_7)
 .glue_7        0x0000000008002c5a        0x0 linker stubs
 *(.glue_7t)
 .glue_7t       0x0000000008002c5a        0x0 linker stubs
 *(.eh_frame)
 *fill*         0x0000000008002c5a        0x2 
 .eh_frame      0x0000000008002c5c        0x0 /usr/local/Cellar/gcc-arm-none-eabi/20180627/bin/../lib/gcc/arm-none-eabi/7.3.1/thumb/v7-m/crtbegin.o
 *(.init)
 .init          0x0000000008002c5c        0x4 /usr/local/Cellar/gcc-arm-none-eabi/20180627/bin/../lib/gcc/arm-none-eabi/7.3.1/thumb/v7-m/crti.o
                0x0000000008002c5c                _init
 .init          0x0000000008002c60        0x8 /usr/local/Cellar/gcc-arm-none-eabi/20180627/bin/../lib/gcc/arm-none-eabi/7.3.1/thumb/v7-m/crtn.o
 *(.fini)
 .fini          0x0000000008002c68        0x4 /usr/local/Cellar/gcc-arm-none-eabi/20180627/bin/../lib/gcc/arm-none-eabi/7.3.1/thumb/v7-m/crti.o
                0x0000000008002c68                _fini
 .fini          0x0000000008002c6c        0x8 /usr/local/Cellar/gcc-arm-none-eabi/20180627/bin/../lib/gcc/arm-none-eabi/7.3.1/thumb/v7-m/crtn.o
                0x0000000008002c74                . = ALIGN (0x4)
                0x0000000008002c74                _etext = .

.vfp11_veneer   0x0000000008002c74        0x0
 .vfp11_veneer  0x0000000008002c74        0x0 linker stubs

.v4_bx          0x0000000008002c74        0x0
 .v4_bx         0x0000000008002c74        0x0 linker stubs

.iplt           0x0000000008002c74        0x0
 .iplt          0x0000000008002c74        0x0 /usr/local/Cellar/gcc-arm-none-eabi/20180627/bin/../lib/gcc/arm-none-eabi/7.3.1/thumb/v7-m/crtbegin.o

.rodata         0x0000000008002c74       0x7c
                0x0000000008002c74                . = ALIGN (0x4)
 *(.rodata)
 .rodata        0x0000000008002c74       0x28 build/main.o
 .rodata        0x0000000008002c9c       0x12 build/stm32f1xx_hal_rcc.o
 *(.rodata*)
 *fill*         0x0000000008002cae        0x2 
 .rodata.str1.4
                0x0000000008002cb0        0xe build/main.o
 *fill*         0x0000000008002cbe        0x2 
 .rodata.AHBPrescTable
                0x0000000008002cc0       0x10 build/system_stm32f1xx.o
                0x0000000008002cc0                AHBPrescTable
 .rodata.APBPrescTable
                0x0000000008002cd0        0x8 build/system_stm32f1xx.o
                0x0000000008002cd0                APBPrescTable
 .rodata.vTaskStartScheduler.str1.4
                0x0000000008002cd8        0x5 build/tasks.o
 *fill*         0x0000000008002cdd        0x3 
 .rodata.prvCheckForValidListAndQueue.str1.4
                0x0000000008002ce0        0x5 build/timers.o
 *fill*         0x0000000008002ce5        0x3 
 .rodata.xTimerCreateTimerTask.str1.4
                0x0000000008002ce8        0x8 build/timers.o
 .rodata.osTimerCreate.str1.4
                0x0000000008002cf0        0x8 build/cmsis_os.o
                                          0x1 (size before relaxing)
                0x0000000008002cf8                . = ALIGN (0x4)

.rel.dyn        0x0000000008002cf0        0x0
 .rel.iplt      0x0000000008002cf0        0x0 /usr/local/Cellar/gcc-arm-none-eabi/20180627/bin/../lib/gcc/arm-none-eabi/7.3.1/thumb/v7-m/crtbegin.o

.ARM.extab
 *(.ARM.extab* .gnu.linkonce.armextab.*)

.ARM            0x0000000008002cf0        0x0
                0x0000000008002cf0                __exidx_start = .
 *(.ARM.exidx*)
                0x0000000008002cf0                __exidx_end = .

.preinit_array  0x0000000008002cf0        0x0
                0x0000000008002cf0                PROVIDE (__preinit_array_start = .)
 *(.preinit_array*)
                0x0000000008002cf0                PROVIDE (__preinit_array_end = .)

.init_array     0x0000000008002cf0        0x4
                0x0000000008002cf0                PROVIDE (__init_array_start = .)
 *(SORT_BY_NAME(.init_array.*))
 *(.init_array*)
 .init_array    0x0000000008002cf0        0x4 /usr/local/Cellar/gcc-arm-none-eabi/20180627/bin/../lib/gcc/arm-none-eabi/7.3.1/thumb/v7-m/crtbegin.o
                0x0000000008002cf4                PROVIDE (__init_array_end = .)

.fini_array     0x0000000008002cf4        0x4
                [!provide]                        PROVIDE (__fini_array_start = .)
 *(SORT_BY_NAME(.fini_array.*))
 *(.fini_array*)
 .fini_array    0x0000000008002cf4        0x4 /usr/local/Cellar/gcc-arm-none-eabi/20180627/bin/../lib/gcc/arm-none-eabi/7.3.1/thumb/v7-m/crtbegin.o
                [!provide]                        PROVIDE (__fini_array_end = .)
                0x0000000008002cf8                _sidata = LOADADDR (.data)

.data           0x0000000020000000       0x10 load address 0x0000000008002cf8
                0x0000000020000000                . = ALIGN (0x4)
                0x0000000020000000                _sdata = .
 *(.data)
 *(.data*)
 .data.timerFlag
                0x0000000020000000        0x4 build/main.o
                0x0000000020000000                timerFlag
 .data.uwTickFreq
                0x0000000020000004        0x1 build/stm32f1xx_hal.o
                0x0000000020000004                uwTickFreq
 *fill*         0x0000000020000005        0x3 
 .data.SystemCoreClock
                0x0000000020000008        0x4 build/system_stm32f1xx.o
                0x0000000020000008                SystemCoreClock
 .data.uxCriticalNesting
                0x000000002000000c        0x4 build/port.o
                0x0000000020000010                . = ALIGN (0x4)
                0x0000000020000010                _edata = .

.igot.plt       0x0000000020000010        0x0 load address 0x0000000008002d08
 .igot.plt      0x0000000020000010        0x0 /usr/local/Cellar/gcc-arm-none-eabi/20180627/bin/../lib/gcc/arm-none-eabi/7.3.1/thumb/v7-m/crtbegin.o
                0x0000000020000010                . = ALIGN (0x4)

.bss            0x0000000020000010     0x21d4 load address 0x0000000008002d08
                0x0000000020000010                _sbss = .
                0x0000000020000010                __bss_start__ = _sbss
 *(.bss)
 .bss           0x0000000020000010       0x1c /usr/local/Cellar/gcc-arm-none-eabi/20180627/bin/../lib/gcc/arm-none-eabi/7.3.1/thumb/v7-m/crtbegin.o
 *(.bss*)
 .bss.pxCurrentTCB
                0x000000002000002c        0x4 build/tasks.o
                0x000000002000002c                pxCurrentTCB
 .bss.pxDelayedTaskList
                0x0000000020000030        0x4 build/tasks.o
 .bss.pxOverflowDelayedTaskList
                0x0000000020000034        0x4 build/tasks.o
 .bss.pxReadyTasksLists
                0x0000000020000038       0x8c build/tasks.o
 .bss.uxCurrentNumberOfTasks
                0x00000000200000c4        0x4 build/tasks.o
 .bss.uxDeletedTasksWaitingCleanUp
                0x00000000200000c8        0x4 build/tasks.o
 .bss.uxPendedTicks
                0x00000000200000cc        0x4 build/tasks.o
 .bss.uxSchedulerSuspended
                0x00000000200000d0        0x4 build/tasks.o
 .bss.uxTaskNumber
                0x00000000200000d4        0x4 build/tasks.o
 .bss.uxTopReadyPriority
                0x00000000200000d8        0x4 build/tasks.o
 .bss.xDelayedTaskList1
                0x00000000200000dc       0x14 build/tasks.o
 .bss.xDelayedTaskList2
                0x00000000200000f0       0x14 build/tasks.o
 .bss.xIdleTaskHandle
                0x0000000020000104        0x4 build/tasks.o
 .bss.xNextTaskUnblockTime
                0x0000000020000108        0x4 build/tasks.o
 .bss.xNumOfOverflows
                0x000000002000010c        0x4 build/tasks.o
 .bss.xPendingReadyList
                0x0000000020000110       0x14 build/tasks.o
 .bss.xSchedulerRunning
                0x0000000020000124        0x4 build/tasks.o
 .bss.xSuspendedTaskList
                0x0000000020000128       0x14 build/tasks.o
 .bss.xTasksWaitingTermination
                0x000000002000013c       0x14 build/tasks.o
 .bss.xTickCount
                0x0000000020000150        0x4 build/tasks.o
 .bss.xYieldPending
                0x0000000020000154        0x4 build/tasks.o
 .bss.pxCurrentTimerList
                0x0000000020000158        0x4 build/timers.o
 .bss.pxOverflowTimerList
                0x000000002000015c        0x4 build/timers.o
 .bss.xActiveTimerList1
                0x0000000020000160       0x14 build/timers.o
 .bss.xActiveTimerList2
                0x0000000020000174       0x14 build/timers.o
 .bss.xLastTime.5392
                0x0000000020000188        0x4 build/timers.o
 .bss.xTimerQueue
                0x000000002000018c        0x4 build/timers.o
 .bss.xTimerTaskHandle
                0x0000000020000190        0x4 build/timers.o
 .bss.pxEnd     0x0000000020000194        0x4 build/heap_4.o
 .bss.ucHeap    0x0000000020000198     0x1fa0 build/heap_4.o
 .bss.xBlockAllocatedBit
                0x0000000020002138        0x4 build/heap_4.o
 .bss.xFreeBytesRemaining
                0x000000002000213c        0x4 build/heap_4.o
 .bss.xMinimumEverFreeBytesRemaining
                0x0000000020002140        0x4 build/heap_4.o
 .bss.xStart    0x0000000020002144        0x8 build/heap_4.o
 .bss.ucMaxSysCallPriority
                0x000000002000214c        0x1 build/port.o
 *fill*         0x000000002000214d        0x3 
 .bss.ulMaxPRIGROUPValue
                0x0000000020002150        0x4 build/port.o
 *(COMMON)
 COMMON         0x0000000020002154        0xc build/main.o
                0x0000000020002154                task1Handle
                0x0000000020002158                myTimer01Handle
                0x000000002000215c                task2Handle
 COMMON         0x0000000020002160       0x40 build/stm32f1xx_hal_timebase_tim.o
                0x0000000020002160                htim1
 COMMON         0x00000000200021a0        0x4 build/stm32f1xx_hal.o
                0x00000000200021a0                uwTick
 COMMON         0x00000000200021a4       0x40 build/queue.o
                0x00000000200021a4                xQueueRegistry
                0x00000000200021e4                . = ALIGN (0x4)
                0x00000000200021e4                _ebss = .
                0x00000000200021e4                __bss_end__ = _ebss

._user_heap_stack
                0x00000000200021e4      0x604 load address 0x0000000008002d08
                0x00000000200021e8                . = ALIGN (0x8)
 *fill*         0x00000000200021e4        0x4 
                [!provide]                        PROVIDE (end = .)
                [!provide]                        PROVIDE (_end = .)
                0x00000000200023e8                . = (. + _Min_Heap_Size)
 *fill*         0x00000000200021e8      0x200 
                0x00000000200027e8                . = (. + _Min_Stack_Size)
 *fill*         0x00000000200023e8      0x400 
                0x00000000200027e8                . = ALIGN (0x8)

/DISCARD/
 libc.a(*)
 libm.a(*)
 libgcc.a(*)

.ARM.attributes
                0x0000000000000000       0x29
 *(.ARM.attributes)
 .ARM.attributes
                0x0000000000000000       0x1d /usr/local/Cellar/gcc-arm-none-eabi/20180627/bin/../lib/gcc/arm-none-eabi/7.3.1/thumb/v7-m/crti.o
 .ARM.attributes
                0x000000000000001d       0x2d /usr/local/Cellar/gcc-arm-none-eabi/20180627/bin/../lib/gcc/arm-none-eabi/7.3.1/thumb/v7-m/crtbegin.o
 .ARM.attributes
                0x000000000000004a       0x33 build/main.o
 .ARM.attributes
                0x000000000000007d       0x33 build/stm32f1xx_it.o
 .ARM.attributes
                0x00000000000000b0       0x33 build/stm32f1xx_hal_msp.o
 .ARM.attributes
                0x00000000000000e3       0x33 build/stm32f1xx_hal_timebase_tim.o
 .ARM.attributes
                0x0000000000000116       0x33 build/stm32f1xx_hal_tim.o
 .ARM.attributes
                0x0000000000000149       0x33 build/stm32f1xx_hal_tim_ex.o
 .ARM.attributes
                0x000000000000017c       0x33 build/stm32f1xx_hal.o
 .ARM.attributes
                0x00000000000001af       0x33 build/stm32f1xx_hal_rcc.o
 .ARM.attributes
                0x00000000000001e2       0x33 build/stm32f1xx_hal_gpio.o
 .ARM.attributes
                0x0000000000000215       0x33 build/stm32f1xx_hal_cortex.o
 .ARM.attributes
                0x0000000000000248       0x33 build/system_stm32f1xx.o
 .ARM.attributes
                0x000000000000027b       0x33 build/list.o
 .ARM.attributes
                0x00000000000002ae       0x33 build/queue.o
 .ARM.attributes
                0x00000000000002e1       0x33 build/tasks.o
 .ARM.attributes
                0x0000000000000314       0x33 build/timers.o
 .ARM.attributes
                0x0000000000000347       0x33 build/cmsis_os.o
 .ARM.attributes
                0x000000000000037a       0x33 build/heap_4.o
 .ARM.attributes
                0x00000000000003ad       0x33 build/port.o
 .ARM.attributes
                0x00000000000003e0       0x21 build/startup_stm32f103xb.o
 .ARM.attributes
                0x0000000000000401       0x2d /usr/local/Cellar/gcc-arm-none-eabi/20180627/bin/../lib/gcc/arm-none-eabi/7.3.1/../../../../arm-none-eabi/lib/thumb/v7-m/libc_nano.a(lib_a-init.o)
 .ARM.attributes
                0x000000000000042e       0x2d /usr/local/Cellar/gcc-arm-none-eabi/20180627/bin/../lib/gcc/arm-none-eabi/7.3.1/../../../../arm-none-eabi/lib/thumb/v7-m/libc_nano.a(lib_a-memcpy-stub.o)
 .ARM.attributes
                0x000000000000045b       0x1d /usr/local/Cellar/gcc-arm-none-eabi/20180627/bin/../lib/gcc/arm-none-eabi/7.3.1/thumb/v7-m/crtn.o
OUTPUT(build/stm32FreeRTOSDemo.elf elf32-littlearm)

.debug_info     0x0000000000000000    0x1a6ab
 .debug_info    0x0000000000000000     0x1837 build/main.o
 .debug_info    0x0000000000001837     0x1021 build/stm32f1xx_it.o
 .debug_info    0x0000000000002858      0xd71 build/stm32f1xx_hal_msp.o
 .debug_info    0x00000000000035c9     0x1373 build/stm32f1xx_hal_timebase_tim.o
 .debug_info    0x000000000000493c     0x3a49 build/stm32f1xx_hal_tim.o
 .debug_info    0x0000000000008385     0x1d2f build/stm32f1xx_hal_tim_ex.o
 .debug_info    0x000000000000a0b4     0x113a build/stm32f1xx_hal.o
 .debug_info    0x000000000000b1ee     0x13cd build/stm32f1xx_hal_rcc.o
 .debug_info    0x000000000000c5bb     0x101e build/stm32f1xx_hal_gpio.o
 .debug_info    0x000000000000d5d9     0x1646 build/stm32f1xx_hal_cortex.o
 .debug_info    0x000000000000ec1f      0xd8f build/system_stm32f1xx.o
 .debug_info    0x000000000000f9ae      0xbdc build/list.o
 .debug_info    0x000000000001058a     0x21de build/queue.o
 .debug_info    0x0000000000012768     0x2bd2 build/tasks.o
 .debug_info    0x000000000001533a     0x19fb build/timers.o
 .debug_info    0x0000000000016d35     0x26d7 build/cmsis_os.o
 .debug_info    0x000000000001940c      0xd7b build/heap_4.o
 .debug_info    0x000000000001a187      0x502 build/port.o
 .debug_info    0x000000000001a689       0x22 build/startup_stm32f103xb.o

.debug_abbrev   0x0000000000000000     0x348c
 .debug_abbrev  0x0000000000000000      0x307 build/main.o
 .debug_abbrev  0x0000000000000307      0x203 build/stm32f1xx_it.o
 .debug_abbrev  0x000000000000050a      0x209 build/stm32f1xx_hal_msp.o
 .debug_abbrev  0x0000000000000713      0x27b build/stm32f1xx_hal_timebase_tim.o
 .debug_abbrev  0x000000000000098e      0x31f build/stm32f1xx_hal_tim.o
 .debug_abbrev  0x0000000000000cad      0x2f8 build/stm32f1xx_hal_tim_ex.o
 .debug_abbrev  0x0000000000000fa5      0x2fd build/stm32f1xx_hal.o
 .debug_abbrev  0x00000000000012a2      0x332 build/stm32f1xx_hal_rcc.o
 .debug_abbrev  0x00000000000015d4      0x2be build/stm32f1xx_hal_gpio.o
 .debug_abbrev  0x0000000000001892      0x3d3 build/stm32f1xx_hal_cortex.o
 .debug_abbrev  0x0000000000001c65      0x209 build/system_stm32f1xx.o
 .debug_abbrev  0x0000000000001e6e      0x217 build/list.o
 .debug_abbrev  0x0000000000002085      0x3a0 build/queue.o
 .debug_abbrev  0x0000000000002425      0x400 build/tasks.o
 .debug_abbrev  0x0000000000002825      0x308 build/timers.o
 .debug_abbrev  0x0000000000002b2d      0x3d3 build/cmsis_os.o
 .debug_abbrev  0x0000000000002f00      0x312 build/heap_4.o
 .debug_abbrev  0x0000000000003212      0x268 build/port.o
 .debug_abbrev  0x000000000000347a       0x12 build/startup_stm32f103xb.o

.debug_loc      0x0000000000000000     0xbd87
 .debug_loc     0x0000000000000000      0x179 build/main.o
 .debug_loc     0x0000000000000179       0x20 build/stm32f1xx_it.o
 .debug_loc     0x0000000000000199       0x38 build/stm32f1xx_hal_msp.o
 .debug_loc     0x00000000000001d1       0xbd build/stm32f1xx_hal_timebase_tim.o
 .debug_loc     0x000000000000028e     0x40e2 build/stm32f1xx_hal_tim.o
 .debug_loc     0x0000000000004370     0x13ca build/stm32f1xx_hal_tim_ex.o
 .debug_loc     0x000000000000573a      0x19d build/stm32f1xx_hal.o
 .debug_loc     0x00000000000058d7      0x68e build/stm32f1xx_hal_rcc.o
 .debug_loc     0x0000000000005f65      0x516 build/stm32f1xx_hal_gpio.o
 .debug_loc     0x000000000000647b      0x63d build/stm32f1xx_hal_cortex.o
 .debug_loc     0x0000000000006ab8       0xdf build/system_stm32f1xx.o
 .debug_loc     0x0000000000006b97       0x9c build/list.o
 .debug_loc     0x0000000000006c33     0x114b build/queue.o
 .debug_loc     0x0000000000007d7e     0x17ba build/tasks.o
 .debug_loc     0x0000000000009538      0xc38 build/timers.o
 .debug_loc     0x000000000000a170     0x17d9 build/cmsis_os.o
 .debug_loc     0x000000000000b949      0x324 build/heap_4.o
 .debug_loc     0x000000000000bc6d      0x11a build/port.o

.debug_aranges  0x0000000000000000      0xe48
 .debug_aranges
                0x0000000000000000       0x58 build/main.o
 .debug_aranges
                0x0000000000000058       0x50 build/stm32f1xx_it.o
 .debug_aranges
                0x00000000000000a8       0x20 build/stm32f1xx_hal_msp.o
 .debug_aranges
                0x00000000000000c8       0x30 build/stm32f1xx_hal_timebase_tim.o
 .debug_aranges
                0x00000000000000f8      0x368 build/stm32f1xx_hal_tim.o
 .debug_aranges
                0x0000000000000460      0x138 build/stm32f1xx_hal_tim_ex.o
 .debug_aranges
                0x0000000000000598       0xd0 build/stm32f1xx_hal.o
 .debug_aranges
                0x0000000000000668       0x90 build/stm32f1xx_hal_rcc.o
 .debug_aranges
                0x00000000000006f8       0x58 build/stm32f1xx_hal_gpio.o
 .debug_aranges
                0x0000000000000750       0x90 build/stm32f1xx_hal_cortex.o
 .debug_aranges
                0x00000000000007e0       0x28 build/system_stm32f1xx.o
 .debug_aranges
                0x0000000000000808       0x40 build/list.o
 .debug_aranges
                0x0000000000000848       0xe8 build/queue.o
 .debug_aranges
                0x0000000000000930      0x198 build/tasks.o
 .debug_aranges
                0x0000000000000ac8       0xb8 build/timers.o
 .debug_aranges
                0x0000000000000b80      0x1d8 build/cmsis_os.o
 .debug_aranges
                0x0000000000000d58       0x50 build/heap_4.o
 .debug_aranges
                0x0000000000000da8       0x78 build/port.o
 .debug_aranges
                0x0000000000000e20       0x28 build/startup_stm32f103xb.o

.debug_ranges   0x0000000000000000      0xed0
 .debug_ranges  0x0000000000000000       0x48 build/main.o
 .debug_ranges  0x0000000000000048       0x40 build/stm32f1xx_it.o
 .debug_ranges  0x0000000000000088       0x10 build/stm32f1xx_hal_msp.o
 .debug_ranges  0x0000000000000098       0x20 build/stm32f1xx_hal_timebase_tim.o
 .debug_ranges  0x00000000000000b8      0x358 build/stm32f1xx_hal_tim.o
 .debug_ranges  0x0000000000000410      0x128 build/stm32f1xx_hal_tim_ex.o
 .debug_ranges  0x0000000000000538       0xc0 build/stm32f1xx_hal.o
 .debug_ranges  0x00000000000005f8       0xa0 build/stm32f1xx_hal_rcc.o
 .debug_ranges  0x0000000000000698       0x48 build/stm32f1xx_hal_gpio.o
 .debug_ranges  0x00000000000006e0       0xe0 build/stm32f1xx_hal_cortex.o
 .debug_ranges  0x00000000000007c0       0x18 build/system_stm32f1xx.o
 .debug_ranges  0x00000000000007d8       0x30 build/list.o
 .debug_ranges  0x0000000000000808      0x178 build/queue.o
 .debug_ranges  0x0000000000000980      0x218 build/tasks.o
 .debug_ranges  0x0000000000000b98       0xa8 build/timers.o
 .debug_ranges  0x0000000000000c40      0x1c8 build/cmsis_os.o
 .debug_ranges  0x0000000000000e08       0x40 build/heap_4.o
 .debug_ranges  0x0000000000000e48       0x68 build/port.o
 .debug_ranges  0x0000000000000eb0       0x20 build/startup_stm32f103xb.o

.debug_line     0x0000000000000000     0x6688
 .debug_line    0x0000000000000000      0x3e2 build/main.o
 .debug_line    0x00000000000003e2      0x2c6 build/stm32f1xx_it.o
 .debug_line    0x00000000000006a8      0x241 build/stm32f1xx_hal_msp.o
 .debug_line    0x00000000000008e9      0x2d3 build/stm32f1xx_hal_timebase_tim.o
 .debug_line    0x0000000000000bbc     0x1268 build/stm32f1xx_hal_tim.o
 .debug_line    0x0000000000001e24      0x822 build/stm32f1xx_hal_tim_ex.o
 .debug_line    0x0000000000002646      0x416 build/stm32f1xx_hal.o
 .debug_line    0x0000000000002a5c      0x581 build/stm32f1xx_hal_rcc.o
 .debug_line    0x0000000000002fdd      0x420 build/stm32f1xx_hal_gpio.o
 .debug_line    0x00000000000033fd      0x40c build/stm32f1xx_hal_cortex.o
 .debug_line    0x0000000000003809      0x271 build/system_stm32f1xx.o
 .debug_line    0x0000000000003a7a      0x2f6 build/list.o
 .debug_line    0x0000000000003d70      0x817 build/queue.o
 .debug_line    0x0000000000004587      0xb86 build/tasks.o
 .debug_line    0x000000000000510d      0x54b build/timers.o
 .debug_line    0x0000000000005658      0x938 build/cmsis_os.o
 .debug_line    0x0000000000005f90      0x39f build/heap_4.o
 .debug_line    0x000000000000632f      0x2e7 build/port.o
 .debug_line    0x0000000000006616       0x72 build/startup_stm32f103xb.o

.debug_str      0x0000000000000000     0x4ba8
 .debug_str     0x0000000000000000      0xe0c build/main.o
                                        0xee9 (size before relaxing)
 .debug_str     0x0000000000000e0c       0xa4 build/stm32f1xx_it.o
                                        0xa73 (size before relaxing)
 .debug_str     0x0000000000000eb0      0x33c build/stm32f1xx_hal_msp.o
                                        0x99f (size before relaxing)
 .debug_str     0x00000000000011ec      0x103 build/stm32f1xx_hal_timebase_tim.o
                                        0xe84 (size before relaxing)
 .debug_str     0x00000000000012ef      0xd0d build/stm32f1xx_hal_tim.o
                                       0x17d0 (size before relaxing)
 .debug_str     0x0000000000001ffc      0x4ee build/stm32f1xx_hal_tim_ex.o
                                       0x1072 (size before relaxing)
 .debug_str     0x00000000000024ea      0x21d build/stm32f1xx_hal.o
                                        0xc0c (size before relaxing)
 .debug_str     0x0000000000002707      0x1b6 build/stm32f1xx_hal_rcc.o
                                        0xa78 (size before relaxing)
 .debug_str     0x00000000000028bd      0x103 build/stm32f1xx_hal_gpio.o
                                        0x8a1 (size before relaxing)
 .debug_str     0x00000000000029c0      0x2b2 build/stm32f1xx_hal_cortex.o
                                        0xd34 (size before relaxing)
 .debug_str     0x0000000000002c72       0x4a build/system_stm32f1xx.o
                                        0x70a (size before relaxing)
 .debug_str     0x0000000000002cbc      0x16d build/list.o
                                        0x6ce (size before relaxing)
 .debug_str     0x0000000000002e29      0x6b4 build/queue.o
                                        0xd29 (size before relaxing)
 .debug_str     0x00000000000034dd      0x8fa build/tasks.o
                                       0x1211 (size before relaxing)
 .debug_str     0x0000000000003dd7      0x416 build/timers.o
                                        0xc60 (size before relaxing)
 .debug_str     0x00000000000041ed      0x65d build/cmsis_os.o
                                       0x119f (size before relaxing)
 .debug_str     0x000000000000484a      0x1d5 build/heap_4.o
                                        0x7b7 (size before relaxing)
 .debug_str     0x0000000000004a1f      0x165 build/port.o
                                        0x429 (size before relaxing)
 .debug_str     0x0000000000004b84       0x24 build/startup_stm32f103xb.o
                                         0x4f (size before relaxing)

.comment        0x0000000000000000       0x7f
 .comment       0x0000000000000000       0x7f build/main.o
                                         0x80 (size before relaxing)
 .comment       0x000000000000007f       0x80 build/stm32f1xx_it.o
 .comment       0x000000000000007f       0x80 build/stm32f1xx_hal_msp.o
 .comment       0x000000000000007f       0x80 build/stm32f1xx_hal_timebase_tim.o
 .comment       0x000000000000007f       0x80 build/stm32f1xx_hal_tim.o
 .comment       0x000000000000007f       0x80 build/stm32f1xx_hal_tim_ex.o
 .comment       0x000000000000007f       0x80 build/stm32f1xx_hal.o
 .comment       0x000000000000007f       0x80 build/stm32f1xx_hal_rcc.o
 .comment       0x000000000000007f       0x80 build/stm32f1xx_hal_gpio.o
 .comment       0x000000000000007f       0x80 build/stm32f1xx_hal_cortex.o
 .comment       0x000000000000007f       0x80 build/system_stm32f1xx.o
 .comment       0x000000000000007f       0x80 build/list.o
 .comment       0x000000000000007f       0x80 build/queue.o
 .comment       0x000000000000007f       0x80 build/tasks.o
 .comment       0x000000000000007f       0x80 build/timers.o
 .comment       0x000000000000007f       0x80 build/cmsis_os.o
 .comment       0x000000000000007f       0x80 build/heap_4.o
 .comment       0x000000000000007f       0x80 build/port.o

.debug_frame    0x0000000000000000     0x2adc
 .debug_frame   0x0000000000000000       0xf0 build/main.o
 .debug_frame   0x00000000000000f0       0x8c build/stm32f1xx_it.o
 .debug_frame   0x000000000000017c       0x2c build/stm32f1xx_hal_msp.o
 .debug_frame   0x00000000000001a8       0x50 build/stm32f1xx_hal_timebase_tim.o
 .debug_frame   0x00000000000001f8      0xb1c build/stm32f1xx_hal_tim.o
 .debug_frame   0x0000000000000d14      0x3e4 build/stm32f1xx_hal_tim_ex.o
 .debug_frame   0x00000000000010f8      0x1c0 build/stm32f1xx_hal.o
 .debug_frame   0x00000000000012b8      0x194 build/stm32f1xx_hal_rcc.o
 .debug_frame   0x000000000000144c       0xe8 build/stm32f1xx_hal_gpio.o
 .debug_frame   0x0000000000001534      0x13c build/stm32f1xx_hal_cortex.o
 .debug_frame   0x0000000000001670       0x30 build/system_stm32f1xx.o
 .debug_frame   0x00000000000016a0       0x70 build/list.o
 .debug_frame   0x0000000000001710      0x338 build/queue.o
 .debug_frame   0x0000000000001a48      0x5a8 build/tasks.o
 .debug_frame   0x0000000000001ff0      0x278 build/timers.o
 .debug_frame   0x0000000000002268      0x67c build/cmsis_os.o
 .debug_frame   0x00000000000028e4       0xbc build/heap_4.o
 .debug_frame   0x00000000000029a0       0xe8 build/port.o
 .debug_frame   0x0000000000002a88       0x2c /usr/local/Cellar/gcc-arm-none-eabi/20180627/bin/../lib/gcc/arm-none-eabi/7.3.1/../../../../arm-none-eabi/lib/thumb/v7-m/libc_nano.a(lib_a-init.o)
 .debug_frame   0x0000000000002ab4       0x28 /usr/local/Cellar/gcc-arm-none-eabi/20180627/bin/../lib/gcc/arm-none-eabi/7.3.1/../../../../arm-none-eabi/lib/thumb/v7-m/libc_nano.a(lib_a-memcpy-stub.o)

Cross Reference Table

Symbol                                            File
ADC1_2_IRQHandler                                 build/startup_stm32f103xb.o
AHBPrescTable                                     build/system_stm32f1xx.o
                                                  build/stm32f1xx_hal_rcc.o
APBPrescTable                                     build/system_stm32f1xx.o
                                                  build/stm32f1xx_hal_rcc.o
BusFault_Handler                                  build/stm32f1xx_it.o
CAN1_RX1_IRQHandler                               build/startup_stm32f103xb.o
CAN1_SCE_IRQHandler                               build/startup_stm32f103xb.o
Callback01                                        build/main.o
DMA1_Channel1_IRQHandler                          build/startup_stm32f103xb.o
DMA1_Channel2_IRQHandler                          build/startup_stm32f103xb.o
DMA1_Channel3_IRQHandler                          build/startup_stm32f103xb.o
DMA1_Channel4_IRQHandler                          build/startup_stm32f103xb.o
DMA1_Channel5_IRQHandler                          build/startup_stm32f103xb.o
DMA1_Channel6_IRQHandler                          build/startup_stm32f103xb.o
DMA1_Channel7_IRQHandler                          build/startup_stm32f103xb.o
DebugMon_Handler                                  build/stm32f1xx_it.o
Default_Handler                                   build/startup_stm32f103xb.o
EXTI0_IRQHandler                                  build/startup_stm32f103xb.o
EXTI15_10_IRQHandler                              build/startup_stm32f103xb.o
EXTI1_IRQHandler                                  build/startup_stm32f103xb.o
EXTI2_IRQHandler                                  build/startup_stm32f103xb.o
EXTI3_IRQHandler                                  build/startup_stm32f103xb.o
EXTI4_IRQHandler                                  build/startup_stm32f103xb.o
EXTI9_5_IRQHandler                                build/startup_stm32f103xb.o
Error_Handler                                     build/main.o
FLASH_IRQHandler                                  build/startup_stm32f103xb.o
FLASH_PageErase                                   build/stm32f1xx_hal_flash_ex.o
                                                  build/stm32f1xx_hal_flash.o
FLASH_WaitForLastOperation                        build/stm32f1xx_hal_flash.o
                                                  build/stm32f1xx_hal_flash_ex.o
HAL_DBGMCU_DisableDBGSleepMode                    build/stm32f1xx_hal.o
HAL_DBGMCU_DisableDBGStandbyMode                  build/stm32f1xx_hal.o
HAL_DBGMCU_DisableDBGStopMode                     build/stm32f1xx_hal.o
HAL_DBGMCU_EnableDBGSleepMode                     build/stm32f1xx_hal.o
HAL_DBGMCU_EnableDBGStandbyMode                   build/stm32f1xx_hal.o
HAL_DBGMCU_EnableDBGStopMode                      build/stm32f1xx_hal.o
HAL_DMA_Abort                                     build/stm32f1xx_hal_dma.o
                                                  build/stm32f1xx_hal_tim.o
HAL_DMA_Abort_IT                                  build/stm32f1xx_hal_dma.o
HAL_DMA_DeInit                                    build/stm32f1xx_hal_dma.o
HAL_DMA_GetError                                  build/stm32f1xx_hal_dma.o
HAL_DMA_GetState                                  build/stm32f1xx_hal_dma.o
HAL_DMA_IRQHandler                                build/stm32f1xx_hal_dma.o
HAL_DMA_Init                                      build/stm32f1xx_hal_dma.o
HAL_DMA_PollForTransfer                           build/stm32f1xx_hal_dma.o
HAL_DMA_RegisterCallback                          build/stm32f1xx_hal_dma.o
HAL_DMA_Start                                     build/stm32f1xx_hal_dma.o
HAL_DMA_Start_IT                                  build/stm32f1xx_hal_dma.o
                                                  build/stm32f1xx_hal_tim_ex.o
                                                  build/stm32f1xx_hal_tim.o
HAL_DMA_UnRegisterCallback                        build/stm32f1xx_hal_dma.o
HAL_DeInit                                        build/stm32f1xx_hal.o
HAL_Delay                                         build/stm32f1xx_hal.o
HAL_FLASHEx_Erase                                 build/stm32f1xx_hal_flash_ex.o
HAL_FLASHEx_Erase_IT                              build/stm32f1xx_hal_flash_ex.o
HAL_FLASHEx_OBErase                               build/stm32f1xx_hal_flash_ex.o
HAL_FLASHEx_OBGetConfig                           build/stm32f1xx_hal_flash_ex.o
HAL_FLASHEx_OBGetUserData                         build/stm32f1xx_hal_flash_ex.o
HAL_FLASHEx_OBProgram                             build/stm32f1xx_hal_flash_ex.o
HAL_FLASH_EndOfOperationCallback                  build/stm32f1xx_hal_flash.o
HAL_FLASH_GetError                                build/stm32f1xx_hal_flash.o
HAL_FLASH_IRQHandler                              build/stm32f1xx_hal_flash.o
HAL_FLASH_Lock                                    build/stm32f1xx_hal_flash.o
HAL_FLASH_OB_Launch                               build/stm32f1xx_hal_flash.o
HAL_FLASH_OB_Lock                                 build/stm32f1xx_hal_flash.o
HAL_FLASH_OB_Unlock                               build/stm32f1xx_hal_flash.o
HAL_FLASH_OperationErrorCallback                  build/stm32f1xx_hal_flash.o
HAL_FLASH_Program                                 build/stm32f1xx_hal_flash.o
HAL_FLASH_Program_IT                              build/stm32f1xx_hal_flash.o
HAL_FLASH_Unlock                                  build/stm32f1xx_hal_flash.o
HAL_GPIOEx_ConfigEventout                         build/stm32f1xx_hal_gpio_ex.o
HAL_GPIOEx_DisableEventout                        build/stm32f1xx_hal_gpio_ex.o
HAL_GPIOEx_EnableEventout                         build/stm32f1xx_hal_gpio_ex.o
HAL_GPIO_DeInit                                   build/stm32f1xx_hal_gpio.o
HAL_GPIO_EXTI_Callback                            build/stm32f1xx_hal_gpio.o
HAL_GPIO_EXTI_IRQHandler                          build/stm32f1xx_hal_gpio.o
HAL_GPIO_Init                                     build/stm32f1xx_hal_gpio.o
                                                  build/stm32f1xx_hal_rcc.o
                                                  build/main.o
HAL_GPIO_LockPin                                  build/stm32f1xx_hal_gpio.o
HAL_GPIO_ReadPin                                  build/stm32f1xx_hal_gpio.o
                                                  build/main.o
HAL_GPIO_TogglePin                                build/stm32f1xx_hal_gpio.o
                                                  build/main.o
HAL_GPIO_WritePin                                 build/stm32f1xx_hal_gpio.o
                                                  build/main.o
HAL_GetDEVID                                      build/stm32f1xx_hal.o
HAL_GetHalVersion                                 build/stm32f1xx_hal.o
HAL_GetREVID                                      build/stm32f1xx_hal.o
HAL_GetTick                                       build/stm32f1xx_hal.o
                                                  build/stm32f1xx_hal_flash.o
                                                  build/stm32f1xx_hal_dma.o
                                                  build/stm32f1xx_hal_rcc_ex.o
                                                  build/stm32f1xx_hal_rcc.o
HAL_GetTickFreq                                   build/stm32f1xx_hal.o
HAL_GetTickPrio                                   build/stm32f1xx_hal.o
HAL_GetUID                                        build/stm32f1xx_hal.o
HAL_IncTick                                       build/stm32f1xx_hal.o
                                                  build/main.o
HAL_Init                                          build/stm32f1xx_hal.o
                                                  build/main.o
HAL_InitTick                                      build/stm32f1xx_hal_timebase_tim.o
                                                  build/stm32f1xx_hal_rcc.o
HAL_MspDeInit                                     build/stm32f1xx_hal.o
HAL_MspInit                                       build/stm32f1xx_hal_msp.o
HAL_NVIC_ClearPendingIRQ                          build/stm32f1xx_hal_cortex.o
HAL_NVIC_DisableIRQ                               build/stm32f1xx_hal_cortex.o
HAL_NVIC_EnableIRQ                                build/stm32f1xx_hal_cortex.o
                                                  build/stm32f1xx_hal_timebase_tim.o
HAL_NVIC_GetActive                                build/stm32f1xx_hal_cortex.o
HAL_NVIC_GetPendingIRQ                            build/stm32f1xx_hal_cortex.o
HAL_NVIC_GetPriority                              build/stm32f1xx_hal_cortex.o
HAL_NVIC_GetPriorityGrouping                      build/stm32f1xx_hal_cortex.o
HAL_NVIC_SetPendingIRQ                            build/stm32f1xx_hal_cortex.o
HAL_NVIC_SetPriority                              build/stm32f1xx_hal_cortex.o
                                                  build/stm32f1xx_hal.o
                                                  build/stm32f1xx_hal_timebase_tim.o
                                                  build/stm32f1xx_hal_msp.o
HAL_NVIC_SetPriorityGrouping                      build/stm32f1xx_hal_cortex.o
                                                  build/stm32f1xx_hal.o
HAL_NVIC_SystemReset                              build/stm32f1xx_hal_cortex.o
                                                  build/stm32f1xx_hal_flash.o
HAL_PWR_ConfigPVD                                 build/stm32f1xx_hal_pwr.o
HAL_PWR_DeInit                                    build/stm32f1xx_hal_pwr.o
HAL_PWR_DisableBkUpAccess                         build/stm32f1xx_hal_pwr.o
HAL_PWR_DisablePVD                                build/stm32f1xx_hal_pwr.o
HAL_PWR_DisableSEVOnPend                          build/stm32f1xx_hal_pwr.o
HAL_PWR_DisableSleepOnExit                        build/stm32f1xx_hal_pwr.o
HAL_PWR_DisableWakeUpPin                          build/stm32f1xx_hal_pwr.o
HAL_PWR_EnableBkUpAccess                          build/stm32f1xx_hal_pwr.o
HAL_PWR_EnablePVD                                 build/stm32f1xx_hal_pwr.o
HAL_PWR_EnableSEVOnPend                           build/stm32f1xx_hal_pwr.o
HAL_PWR_EnableSleepOnExit                         build/stm32f1xx_hal_pwr.o
HAL_PWR_EnableWakeUpPin                           build/stm32f1xx_hal_pwr.o
HAL_PWR_EnterSLEEPMode                            build/stm32f1xx_hal_pwr.o
HAL_PWR_EnterSTANDBYMode                          build/stm32f1xx_hal_pwr.o
HAL_PWR_EnterSTOPMode                             build/stm32f1xx_hal_pwr.o
HAL_PWR_PVDCallback                               build/stm32f1xx_hal_pwr.o
HAL_PWR_PVD_IRQHandler                            build/stm32f1xx_hal_pwr.o
HAL_RCCEx_GetPeriphCLKConfig                      build/stm32f1xx_hal_rcc_ex.o
HAL_RCCEx_GetPeriphCLKFreq                        build/stm32f1xx_hal_rcc_ex.o
HAL_RCCEx_PeriphCLKConfig                         build/stm32f1xx_hal_rcc_ex.o
HAL_RCC_CSSCallback                               build/stm32f1xx_hal_rcc.o
HAL_RCC_ClockConfig                               build/stm32f1xx_hal_rcc.o
                                                  build/main.o
HAL_RCC_DeInit                                    build/stm32f1xx_hal_rcc.o
HAL_RCC_DisableCSS                                build/stm32f1xx_hal_rcc.o
HAL_RCC_EnableCSS                                 build/stm32f1xx_hal_rcc.o
HAL_RCC_GetClockConfig                            build/stm32f1xx_hal_rcc.o
                                                  build/stm32f1xx_hal_timebase_tim.o
HAL_RCC_GetHCLKFreq                               build/stm32f1xx_hal_rcc.o
HAL_RCC_GetOscConfig                              build/stm32f1xx_hal_rcc.o
HAL_RCC_GetPCLK1Freq                              build/stm32f1xx_hal_rcc.o
HAL_RCC_GetPCLK2Freq                              build/stm32f1xx_hal_rcc.o
                                                  build/stm32f1xx_hal_rcc_ex.o
                                                  build/stm32f1xx_hal_timebase_tim.o
HAL_RCC_GetSysClockFreq                           build/stm32f1xx_hal_rcc.o
HAL_RCC_MCOConfig                                 build/stm32f1xx_hal_rcc.o
HAL_RCC_NMI_IRQHandler                            build/stm32f1xx_hal_rcc.o
HAL_RCC_OscConfig                                 build/stm32f1xx_hal_rcc.o
                                                  build/main.o
HAL_ResumeTick                                    build/stm32f1xx_hal_timebase_tim.o
HAL_SYSTICK_CLKSourceConfig                       build/stm32f1xx_hal_cortex.o
HAL_SYSTICK_Callback                              build/stm32f1xx_hal_cortex.o
HAL_SYSTICK_Config                                build/stm32f1xx_hal_cortex.o
                                                  build/stm32f1xx_hal.o
HAL_SYSTICK_IRQHandler                            build/stm32f1xx_hal_cortex.o
HAL_SetTickFreq                                   build/stm32f1xx_hal.o
HAL_SuspendTick                                   build/stm32f1xx_hal_timebase_tim.o
HAL_TIMEx_BreakCallback                           build/stm32f1xx_hal_tim_ex.o
                                                  build/stm32f1xx_hal_tim.o
HAL_TIMEx_CommutationCallback                     build/stm32f1xx_hal_tim_ex.o
                                                  build/stm32f1xx_hal_tim.o
HAL_TIMEx_ConfigBreakDeadTime                     build/stm32f1xx_hal_tim_ex.o
HAL_TIMEx_ConfigCommutationEvent                  build/stm32f1xx_hal_tim_ex.o
HAL_TIMEx_ConfigCommutationEvent_DMA              build/stm32f1xx_hal_tim_ex.o
HAL_TIMEx_ConfigCommutationEvent_IT               build/stm32f1xx_hal_tim_ex.o
HAL_TIMEx_HallSensor_DeInit                       build/stm32f1xx_hal_tim_ex.o
HAL_TIMEx_HallSensor_GetState                     build/stm32f1xx_hal_tim_ex.o
HAL_TIMEx_HallSensor_Init                         build/stm32f1xx_hal_tim_ex.o
HAL_TIMEx_HallSensor_MspDeInit                    build/stm32f1xx_hal_tim_ex.o
HAL_TIMEx_HallSensor_MspInit                      build/stm32f1xx_hal_tim_ex.o
HAL_TIMEx_HallSensor_Start                        build/stm32f1xx_hal_tim_ex.o
HAL_TIMEx_HallSensor_Start_DMA                    build/stm32f1xx_hal_tim_ex.o
HAL_TIMEx_HallSensor_Start_IT                     build/stm32f1xx_hal_tim_ex.o
HAL_TIMEx_HallSensor_Stop                         build/stm32f1xx_hal_tim_ex.o
HAL_TIMEx_HallSensor_Stop_DMA                     build/stm32f1xx_hal_tim_ex.o
HAL_TIMEx_HallSensor_Stop_IT                      build/stm32f1xx_hal_tim_ex.o
HAL_TIMEx_MasterConfigSynchronization             build/stm32f1xx_hal_tim_ex.o
HAL_TIMEx_OCN_Start                               build/stm32f1xx_hal_tim_ex.o
HAL_TIMEx_OCN_Start_DMA                           build/stm32f1xx_hal_tim_ex.o
HAL_TIMEx_OCN_Start_IT                            build/stm32f1xx_hal_tim_ex.o
HAL_TIMEx_OCN_Stop                                build/stm32f1xx_hal_tim_ex.o
HAL_TIMEx_OCN_Stop_DMA                            build/stm32f1xx_hal_tim_ex.o
HAL_TIMEx_OCN_Stop_IT                             build/stm32f1xx_hal_tim_ex.o
HAL_TIMEx_OnePulseN_Start                         build/stm32f1xx_hal_tim_ex.o
HAL_TIMEx_OnePulseN_Start_IT                      build/stm32f1xx_hal_tim_ex.o
HAL_TIMEx_OnePulseN_Stop                          build/stm32f1xx_hal_tim_ex.o
HAL_TIMEx_OnePulseN_Stop_IT                       build/stm32f1xx_hal_tim_ex.o
HAL_TIMEx_PWMN_Start                              build/stm32f1xx_hal_tim_ex.o
HAL_TIMEx_PWMN_Start_DMA                          build/stm32f1xx_hal_tim_ex.o
HAL_TIMEx_PWMN_Start_IT                           build/stm32f1xx_hal_tim_ex.o
HAL_TIMEx_PWMN_Stop                               build/stm32f1xx_hal_tim_ex.o
HAL_TIMEx_PWMN_Stop_DMA                           build/stm32f1xx_hal_tim_ex.o
HAL_TIMEx_PWMN_Stop_IT                            build/stm32f1xx_hal_tim_ex.o
HAL_TIM_Base_DeInit                               build/stm32f1xx_hal_tim.o
HAL_TIM_Base_GetState                             build/stm32f1xx_hal_tim.o
HAL_TIM_Base_Init                                 build/stm32f1xx_hal_tim.o
                                                  build/stm32f1xx_hal_timebase_tim.o
HAL_TIM_Base_MspDeInit                            build/stm32f1xx_hal_tim.o
HAL_TIM_Base_MspInit                              build/stm32f1xx_hal_tim.o
HAL_TIM_Base_Start                                build/stm32f1xx_hal_tim.o
HAL_TIM_Base_Start_DMA                            build/stm32f1xx_hal_tim.o
HAL_TIM_Base_Start_IT                             build/stm32f1xx_hal_tim.o
                                                  build/stm32f1xx_hal_timebase_tim.o
HAL_TIM_Base_Stop                                 build/stm32f1xx_hal_tim.o
HAL_TIM_Base_Stop_DMA                             build/stm32f1xx_hal_tim.o
HAL_TIM_Base_Stop_IT                              build/stm32f1xx_hal_tim.o
HAL_TIM_ConfigClockSource                         build/stm32f1xx_hal_tim.o
HAL_TIM_ConfigOCrefClear                          build/stm32f1xx_hal_tim.o
HAL_TIM_ConfigTI1Input                            build/stm32f1xx_hal_tim.o
HAL_TIM_DMABurst_ReadStart                        build/stm32f1xx_hal_tim.o
HAL_TIM_DMABurst_ReadStop                         build/stm32f1xx_hal_tim.o
HAL_TIM_DMABurst_WriteStart                       build/stm32f1xx_hal_tim.o
HAL_TIM_DMABurst_WriteStop                        build/stm32f1xx_hal_tim.o
HAL_TIM_Encoder_DeInit                            build/stm32f1xx_hal_tim.o
HAL_TIM_Encoder_GetState                          build/stm32f1xx_hal_tim.o
HAL_TIM_Encoder_Init                              build/stm32f1xx_hal_tim.o
HAL_TIM_Encoder_MspDeInit                         build/stm32f1xx_hal_tim.o
HAL_TIM_Encoder_MspInit                           build/stm32f1xx_hal_tim.o
HAL_TIM_Encoder_Start                             build/stm32f1xx_hal_tim.o
HAL_TIM_Encoder_Start_DMA                         build/stm32f1xx_hal_tim.o
HAL_TIM_Encoder_Start_IT                          build/stm32f1xx_hal_tim.o
HAL_TIM_Encoder_Stop                              build/stm32f1xx_hal_tim.o
HAL_TIM_Encoder_Stop_DMA                          build/stm32f1xx_hal_tim.o
HAL_TIM_Encoder_Stop_IT                           build/stm32f1xx_hal_tim.o
HAL_TIM_ErrorCallback                             build/stm32f1xx_hal_tim.o
HAL_TIM_GenerateEvent                             build/stm32f1xx_hal_tim.o
HAL_TIM_IC_CaptureCallback                        build/stm32f1xx_hal_tim.o
HAL_TIM_IC_ConfigChannel                          build/stm32f1xx_hal_tim.o
HAL_TIM_IC_DeInit                                 build/stm32f1xx_hal_tim.o
HAL_TIM_IC_GetState                               build/stm32f1xx_hal_tim.o
HAL_TIM_IC_Init                                   build/stm32f1xx_hal_tim.o
HAL_TIM_IC_MspDeInit                              build/stm32f1xx_hal_tim.o
HAL_TIM_IC_MspInit                                build/stm32f1xx_hal_tim.o
HAL_TIM_IC_Start                                  build/stm32f1xx_hal_tim.o
HAL_TIM_IC_Start_DMA                              build/stm32f1xx_hal_tim.o
HAL_TIM_IC_Start_IT                               build/stm32f1xx_hal_tim.o
HAL_TIM_IC_Stop                                   build/stm32f1xx_hal_tim.o
HAL_TIM_IC_Stop_DMA                               build/stm32f1xx_hal_tim.o
HAL_TIM_IC_Stop_IT                                build/stm32f1xx_hal_tim.o
HAL_TIM_IRQHandler                                build/stm32f1xx_hal_tim.o
                                                  build/stm32f1xx_it.o
HAL_TIM_OC_ConfigChannel                          build/stm32f1xx_hal_tim.o
HAL_TIM_OC_DeInit                                 build/stm32f1xx_hal_tim.o
HAL_TIM_OC_DelayElapsedCallback                   build/stm32f1xx_hal_tim.o
HAL_TIM_OC_GetState                               build/stm32f1xx_hal_tim.o
HAL_TIM_OC_Init                                   build/stm32f1xx_hal_tim.o
HAL_TIM_OC_MspDeInit                              build/stm32f1xx_hal_tim.o
HAL_TIM_OC_MspInit                                build/stm32f1xx_hal_tim.o
HAL_TIM_OC_Start                                  build/stm32f1xx_hal_tim.o
HAL_TIM_OC_Start_DMA                              build/stm32f1xx_hal_tim.o
HAL_TIM_OC_Start_IT                               build/stm32f1xx_hal_tim.o
HAL_TIM_OC_Stop                                   build/stm32f1xx_hal_tim.o
HAL_TIM_OC_Stop_DMA                               build/stm32f1xx_hal_tim.o
HAL_TIM_OC_Stop_IT                                build/stm32f1xx_hal_tim.o
HAL_TIM_OnePulse_ConfigChannel                    build/stm32f1xx_hal_tim.o
HAL_TIM_OnePulse_DeInit                           build/stm32f1xx_hal_tim.o
HAL_TIM_OnePulse_GetState                         build/stm32f1xx_hal_tim.o
HAL_TIM_OnePulse_Init                             build/stm32f1xx_hal_tim.o
HAL_TIM_OnePulse_MspDeInit                        build/stm32f1xx_hal_tim.o
HAL_TIM_OnePulse_MspInit                          build/stm32f1xx_hal_tim.o
HAL_TIM_OnePulse_Start                            build/stm32f1xx_hal_tim.o
HAL_TIM_OnePulse_Start_IT                         build/stm32f1xx_hal_tim.o
HAL_TIM_OnePulse_Stop                             build/stm32f1xx_hal_tim.o
HAL_TIM_OnePulse_Stop_IT                          build/stm32f1xx_hal_tim.o
HAL_TIM_PWM_ConfigChannel                         build/stm32f1xx_hal_tim.o
HAL_TIM_PWM_DeInit                                build/stm32f1xx_hal_tim.o
HAL_TIM_PWM_GetState                              build/stm32f1xx_hal_tim.o
HAL_TIM_PWM_Init                                  build/stm32f1xx_hal_tim.o
HAL_TIM_PWM_MspDeInit                             build/stm32f1xx_hal_tim.o
HAL_TIM_PWM_MspInit                               build/stm32f1xx_hal_tim.o
HAL_TIM_PWM_PulseFinishedCallback                 build/stm32f1xx_hal_tim.o
HAL_TIM_PWM_Start                                 build/stm32f1xx_hal_tim.o
HAL_TIM_PWM_Start_DMA                             build/stm32f1xx_hal_tim.o
HAL_TIM_PWM_Start_IT                              build/stm32f1xx_hal_tim.o
HAL_TIM_PWM_Stop                                  build/stm32f1xx_hal_tim.o
HAL_TIM_PWM_Stop_DMA                              build/stm32f1xx_hal_tim.o
HAL_TIM_PWM_Stop_IT                               build/stm32f1xx_hal_tim.o
HAL_TIM_PeriodElapsedCallback                     build/main.o
HAL_TIM_ReadCapturedValue                         build/stm32f1xx_hal_tim.o
HAL_TIM_SlaveConfigSynchronization                build/stm32f1xx_hal_tim.o
HAL_TIM_SlaveConfigSynchronization_IT             build/stm32f1xx_hal_tim.o
HAL_TIM_TriggerCallback                           build/stm32f1xx_hal_tim.o
HardFault_Handler                                 build/stm32f1xx_it.o
I2C1_ER_IRQHandler                                build/startup_stm32f103xb.o
I2C1_EV_IRQHandler                                build/startup_stm32f103xb.o
I2C2_ER_IRQHandler                                build/startup_stm32f103xb.o
I2C2_EV_IRQHandler                                build/startup_stm32f103xb.o
MemManage_Handler                                 build/stm32f1xx_it.o
NMI_Handler                                       build/stm32f1xx_it.o
PVD_IRQHandler                                    build/startup_stm32f103xb.o
PendSV_Handler                                    build/port.o
RCC_IRQHandler                                    build/startup_stm32f103xb.o
RTC_Alarm_IRQHandler                              build/startup_stm32f103xb.o
RTC_IRQHandler                                    build/startup_stm32f103xb.o
Reset_Handler                                     build/startup_stm32f103xb.o
SPI1_IRQHandler                                   build/startup_stm32f103xb.o
SPI2_IRQHandler                                   build/startup_stm32f103xb.o
SVC_Handler                                       build/port.o
SysTick_Handler                                   build/port.o
                                                  build/cmsis_os.o
SystemClock_Config                                build/main.o
SystemCoreClock                                   build/system_stm32f1xx.o
                                                  build/port.o
                                                  build/stm32f1xx_hal_rcc.o
                                                  build/stm32f1xx_hal.o
SystemCoreClockUpdate                             build/system_stm32f1xx.o
SystemInit                                        build/system_stm32f1xx.o
                                                  build/startup_stm32f103xb.o
TAMPER_IRQHandler                                 build/startup_stm32f103xb.o
TIM1_BRK_IRQHandler                               build/startup_stm32f103xb.o
TIM1_CC_IRQHandler                                build/startup_stm32f103xb.o
TIM1_TRG_COM_IRQHandler                           build/startup_stm32f103xb.o
TIM1_UP_IRQHandler                                build/stm32f1xx_it.o
TIM2_IRQHandler                                   build/startup_stm32f103xb.o
TIM3_IRQHandler                                   build/startup_stm32f103xb.o
TIM4_IRQHandler                                   build/startup_stm32f103xb.o
TIMEx_DMACommutationCplt                          build/stm32f1xx_hal_tim_ex.o
                                                  build/stm32f1xx_hal_tim.o
TIM_Base_SetConfig                                build/stm32f1xx_hal_tim.o
                                                  build/stm32f1xx_hal_tim_ex.o
TIM_CCxChannelCmd                                 build/stm32f1xx_hal_tim.o
                                                  build/stm32f1xx_hal_tim_ex.o
TIM_DMACaptureCplt                                build/stm32f1xx_hal_tim.o
                                                  build/stm32f1xx_hal_tim_ex.o
TIM_DMADelayPulseCplt                             build/stm32f1xx_hal_tim.o
                                                  build/stm32f1xx_hal_tim_ex.o
TIM_DMAError                                      build/stm32f1xx_hal_tim.o
                                                  build/stm32f1xx_hal_tim_ex.o
TIM_OC2_SetConfig                                 build/stm32f1xx_hal_tim.o
                                                  build/stm32f1xx_hal_tim_ex.o
TIM_TI1_SetConfig                                 build/stm32f1xx_hal_tim.o
                                                  build/stm32f1xx_hal_tim_ex.o
USART1_IRQHandler                                 build/startup_stm32f103xb.o
USART2_IRQHandler                                 build/startup_stm32f103xb.o
USART3_IRQHandler                                 build/startup_stm32f103xb.o
USBWakeUp_IRQHandler                              build/startup_stm32f103xb.o
USB_HP_CAN1_TX_IRQHandler                         build/startup_stm32f103xb.o
USB_LP_CAN1_RX0_IRQHandler                        build/startup_stm32f103xb.o
UsageFault_Handler                                build/stm32f1xx_it.o
WWDG_IRQHandler                                   build/startup_stm32f103xb.o
__bss_end__                                       /usr/local/Cellar/gcc-arm-none-eabi/20180627/bin/../lib/gcc/arm-none-eabi/7.3.1/../../../../arm-none-eabi/lib/thumb/v7-m/crt0.o
__bss_start__                                     /usr/local/Cellar/gcc-arm-none-eabi/20180627/bin/../lib/gcc/arm-none-eabi/7.3.1/../../../../arm-none-eabi/lib/thumb/v7-m/crt0.o
__call_exitprocs                                  /usr/local/Cellar/gcc-arm-none-eabi/20180627/bin/../lib/gcc/arm-none-eabi/7.3.1/../../../../arm-none-eabi/lib/thumb/v7-m/libc_nano.a(lib_a-exit.o)
__deregister_frame_info                           /usr/local/Cellar/gcc-arm-none-eabi/20180627/bin/../lib/gcc/arm-none-eabi/7.3.1/thumb/v7-m/crtbegin.o
__dso_handle                                      /usr/local/Cellar/gcc-arm-none-eabi/20180627/bin/../lib/gcc/arm-none-eabi/7.3.1/thumb/v7-m/crtbegin.o
__init_array_end                                  /usr/local/Cellar/gcc-arm-none-eabi/20180627/bin/../lib/gcc/arm-none-eabi/7.3.1/../../../../arm-none-eabi/lib/thumb/v7-m/libc_nano.a(lib_a-init.o)
__init_array_start                                /usr/local/Cellar/gcc-arm-none-eabi/20180627/bin/../lib/gcc/arm-none-eabi/7.3.1/../../../../arm-none-eabi/lib/thumb/v7-m/libc_nano.a(lib_a-init.o)
__libc_fini_array                                 /usr/local/Cellar/gcc-arm-none-eabi/20180627/bin/../lib/gcc/arm-none-eabi/7.3.1/../../../../arm-none-eabi/lib/thumb/v7-m/crt0.o
__libc_init_array                                 /usr/local/Cellar/gcc-arm-none-eabi/20180627/bin/../lib/gcc/arm-none-eabi/7.3.1/../../../../arm-none-eabi/lib/thumb/v7-m/libc_nano.a(lib_a-init.o)
                                                  build/startup_stm32f103xb.o
                                                  /usr/local/Cellar/gcc-arm-none-eabi/20180627/bin/../lib/gcc/arm-none-eabi/7.3.1/../../../../arm-none-eabi/lib/thumb/v7-m/crt0.o
__preinit_array_end                               /usr/local/Cellar/gcc-arm-none-eabi/20180627/bin/../lib/gcc/arm-none-eabi/7.3.1/../../../../arm-none-eabi/lib/thumb/v7-m/libc_nano.a(lib_a-init.o)
__preinit_array_start                             /usr/local/Cellar/gcc-arm-none-eabi/20180627/bin/../lib/gcc/arm-none-eabi/7.3.1/../../../../arm-none-eabi/lib/thumb/v7-m/libc_nano.a(lib_a-init.o)
__register_frame_info                             /usr/local/Cellar/gcc-arm-none-eabi/20180627/bin/../lib/gcc/arm-none-eabi/7.3.1/thumb/v7-m/crtbegin.o
__sf_fake_stderr                                  /usr/local/Cellar/gcc-arm-none-eabi/20180627/bin/../lib/gcc/arm-none-eabi/7.3.1/../../../../arm-none-eabi/lib/thumb/v7-m/libc_nano.a(lib_a-impure.o)
__sf_fake_stdin                                   /usr/local/Cellar/gcc-arm-none-eabi/20180627/bin/../lib/gcc/arm-none-eabi/7.3.1/../../../../arm-none-eabi/lib/thumb/v7-m/libc_nano.a(lib_a-impure.o)
__sf_fake_stdout                                  /usr/local/Cellar/gcc-arm-none-eabi/20180627/bin/../lib/gcc/arm-none-eabi/7.3.1/../../../../arm-none-eabi/lib/thumb/v7-m/libc_nano.a(lib_a-impure.o)
__stack                                           /usr/local/Cellar/gcc-arm-none-eabi/20180627/bin/../lib/gcc/arm-none-eabi/7.3.1/../../../../arm-none-eabi/lib/thumb/v7-m/crt0.o
_ebss                                             build/startup_stm32f103xb.o
_edata                                            build/startup_stm32f103xb.o
_estack                                           build/startup_stm32f103xb.o
_exit                                             /usr/local/Cellar/gcc-arm-none-eabi/20180627/bin/../lib/gcc/arm-none-eabi/7.3.1/../../../../arm-none-eabi/lib/thumb/v7-m/libnosys.a(_exit.o)
                                                  /usr/local/Cellar/gcc-arm-none-eabi/20180627/bin/../lib/gcc/arm-none-eabi/7.3.1/../../../../arm-none-eabi/lib/thumb/v7-m/libc_nano.a(lib_a-exit.o)
_fini                                             /usr/local/Cellar/gcc-arm-none-eabi/20180627/bin/../lib/gcc/arm-none-eabi/7.3.1/thumb/v7-m/crti.o
_global_impure_ptr                                /usr/local/Cellar/gcc-arm-none-eabi/20180627/bin/../lib/gcc/arm-none-eabi/7.3.1/../../../../arm-none-eabi/lib/thumb/v7-m/libc_nano.a(lib_a-impure.o)
                                                  /usr/local/Cellar/gcc-arm-none-eabi/20180627/bin/../lib/gcc/arm-none-eabi/7.3.1/../../../../arm-none-eabi/lib/thumb/v7-m/libc_nano.a(lib_a-exit.o)
_impure_ptr                                       /usr/local/Cellar/gcc-arm-none-eabi/20180627/bin/../lib/gcc/arm-none-eabi/7.3.1/../../../../arm-none-eabi/lib/thumb/v7-m/libc_nano.a(lib_a-impure.o)
_init                                             /usr/local/Cellar/gcc-arm-none-eabi/20180627/bin/../lib/gcc/arm-none-eabi/7.3.1/thumb/v7-m/crti.o
                                                  /usr/local/Cellar/gcc-arm-none-eabi/20180627/bin/../lib/gcc/arm-none-eabi/7.3.1/../../../../arm-none-eabi/lib/thumb/v7-m/libc_nano.a(lib_a-init.o)
_mainCRTStartup                                   /usr/local/Cellar/gcc-arm-none-eabi/20180627/bin/../lib/gcc/arm-none-eabi/7.3.1/../../../../arm-none-eabi/lib/thumb/v7-m/crt0.o
_sbss                                             build/startup_stm32f103xb.o
_sdata                                            build/startup_stm32f103xb.o
_sidata                                           build/startup_stm32f103xb.o
_start                                            /usr/local/Cellar/gcc-arm-none-eabi/20180627/bin/../lib/gcc/arm-none-eabi/7.3.1/../../../../arm-none-eabi/lib/thumb/v7-m/crt0.o
atexit                                            /usr/local/Cellar/gcc-arm-none-eabi/20180627/bin/../lib/gcc/arm-none-eabi/7.3.1/../../../../arm-none-eabi/lib/thumb/v7-m/crt0.o
exit                                              /usr/local/Cellar/gcc-arm-none-eabi/20180627/bin/../lib/gcc/arm-none-eabi/7.3.1/../../../../arm-none-eabi/lib/thumb/v7-m/libc_nano.a(lib_a-exit.o)
                                                  /usr/local/Cellar/gcc-arm-none-eabi/20180627/bin/../lib/gcc/arm-none-eabi/7.3.1/../../../../arm-none-eabi/lib/thumb/v7-m/crt0.o
g_pfnVectors                                      build/startup_stm32f103xb.o
hardware_init_hook                                /usr/local/Cellar/gcc-arm-none-eabi/20180627/bin/../lib/gcc/arm-none-eabi/7.3.1/../../../../arm-none-eabi/lib/thumb/v7-m/crt0.o
htim1                                             build/stm32f1xx_hal_timebase_tim.o
                                                  build/stm32f1xx_it.o
main                                              build/main.o
                                                  build/startup_stm32f103xb.o
                                                  /usr/local/Cellar/gcc-arm-none-eabi/20180627/bin/../lib/gcc/arm-none-eabi/7.3.1/../../../../arm-none-eabi/lib/thumb/v7-m/crt0.o
memcpy                                            /usr/local/Cellar/gcc-arm-none-eabi/20180627/bin/../lib/gcc/arm-none-eabi/7.3.1/../../../../arm-none-eabi/lib/thumb/v7-m/libc_nano.a(lib_a-memcpy-stub.o)
                                                  build/queue.o
memset                                            /usr/local/Cellar/gcc-arm-none-eabi/20180627/bin/../lib/gcc/arm-none-eabi/7.3.1/../../../../arm-none-eabi/lib/thumb/v7-m/libc_nano.a(lib_a-memset.o)
                                                  /usr/local/Cellar/gcc-arm-none-eabi/20180627/bin/../lib/gcc/arm-none-eabi/7.3.1/../../../../arm-none-eabi/lib/thumb/v7-m/crt0.o
myTimer01Handle                                   build/main.o
osAbortDelay                                      build/cmsis_os.o
osDelay                                           build/cmsis_os.o
                                                  build/main.o
osDelayUntil                                      build/cmsis_os.o
osKernelRunning                                   build/cmsis_os.o
osKernelStart                                     build/cmsis_os.o
                                                  build/main.o
osKernelSysTick                                   build/cmsis_os.o
osMailAlloc                                       build/cmsis_os.o
osMailCAlloc                                      build/cmsis_os.o
osMailCreate                                      build/cmsis_os.o
osMailFree                                        build/cmsis_os.o
osMailGet                                         build/cmsis_os.o
osMailPut                                         build/cmsis_os.o
osMessageAvailableSpace                           build/cmsis_os.o
osMessageCreate                                   build/cmsis_os.o
osMessageDelete                                   build/cmsis_os.o
osMessageGet                                      build/cmsis_os.o
osMessagePeek                                     build/cmsis_os.o
osMessagePut                                      build/cmsis_os.o
osMessageWaiting                                  build/cmsis_os.o
osMutexCreate                                     build/cmsis_os.o
osMutexDelete                                     build/cmsis_os.o
osMutexRelease                                    build/cmsis_os.o
osMutexWait                                       build/cmsis_os.o
osPoolAlloc                                       build/cmsis_os.o
osPoolCAlloc                                      build/cmsis_os.o
osPoolCreate                                      build/cmsis_os.o
osPoolFree                                        build/cmsis_os.o
osRecursiveMutexCreate                            build/cmsis_os.o
osRecursiveMutexRelease                           build/cmsis_os.o
osRecursiveMutexWait                              build/cmsis_os.o
osSemaphoreCreate                                 build/cmsis_os.o
osSemaphoreDelete                                 build/cmsis_os.o
osSemaphoreGetCount                               build/cmsis_os.o
osSemaphoreRelease                                build/cmsis_os.o
osSemaphoreWait                                   build/cmsis_os.o
osSignalSet                                       build/cmsis_os.o
osSignalWait                                      build/cmsis_os.o
osSystickHandler                                  build/cmsis_os.o
osThreadCreate                                    build/cmsis_os.o
                                                  build/main.o
osThreadGetId                                     build/cmsis_os.o
osThreadGetPriority                               build/cmsis_os.o
osThreadList                                      build/cmsis_os.o
osThreadResume                                    build/cmsis_os.o
osThreadResumeAll                                 build/cmsis_os.o
osThreadSetPriority                               build/cmsis_os.o
osThreadSuspend                                   build/cmsis_os.o
osThreadSuspendAll                                build/cmsis_os.o
osThreadTerminate                                 build/cmsis_os.o
osThreadYield                                     build/cmsis_os.o
osTimerCreate                                     build/cmsis_os.o
                                                  build/main.o
osTimerDelete                                     build/cmsis_os.o
osTimerStart                                      build/cmsis_os.o
                                                  build/main.o
osTimerStop                                       build/cmsis_os.o
pFlash                                            build/stm32f1xx_hal_flash.o
                                                  build/stm32f1xx_hal_flash_ex.o
pcQueueGetName                                    build/queue.o
pcTaskGetName                                     build/tasks.o
pcTimerGetName                                    build/timers.o
pvPortMalloc                                      build/heap_4.o
                                                  build/cmsis_os.o
                                                  build/timers.o
                                                  build/tasks.o
                                                  build/queue.o
                                                  build/event_groups.o
pvTaskIncrementMutexHeldCount                     build/tasks.o
                                                  build/queue.o
pvTimerGetTimerID                                 build/timers.o
pxCurrentTCB                                      build/tasks.o
                                                  build/port.o
pxPortInitialiseStack                             build/port.o
                                                  build/tasks.o
software_init_hook                                /usr/local/Cellar/gcc-arm-none-eabi/20180627/bin/../lib/gcc/arm-none-eabi/7.3.1/../../../../arm-none-eabi/lib/thumb/v7-m/crt0.o
task1EntryFunction                                build/main.o
task1Handle                                       build/main.o
task2EntryFunction                                build/main.o
task2Handle                                       build/main.o
timerFlag                                         build/main.o
ulTaskNotifyTake                                  build/tasks.o
uwTick                                            build/stm32f1xx_hal.o
uwTickFreq                                        build/stm32f1xx_hal.o
uwTickPrio                                        build/stm32f1xx_hal.o
uxListRemove                                      build/list.o
                                                  build/timers.o
                                                  build/tasks.o
uxQueueMessagesWaiting                            build/queue.o
                                                  build/cmsis_os.o
uxQueueMessagesWaitingFromISR                     build/queue.o
                                                  build/cmsis_os.o
uxQueueSpacesAvailable                            build/queue.o
                                                  build/cmsis_os.o
uxTaskGetNumberOfTasks                            build/tasks.o
uxTaskPriorityGet                                 build/tasks.o
                                                  build/cmsis_os.o
uxTaskPriorityGetFromISR                          build/tasks.o
                                                  build/cmsis_os.o
uxTaskResetEventItemValue                         build/tasks.o
                                                  build/event_groups.o
vEventGroupClearBitsCallback                      build/event_groups.o
vEventGroupDelete                                 build/event_groups.o
vEventGroupSetBitsCallback                        build/event_groups.o
vListInitialise                                   build/list.o
                                                  build/timers.o
                                                  build/tasks.o
                                                  build/queue.o
                                                  build/event_groups.o
vListInitialiseItem                               build/list.o
                                                  build/timers.o
                                                  build/tasks.o
vListInsert                                       build/list.o
                                                  build/timers.o
                                                  build/tasks.o
vListInsertEnd                                    build/list.o
                                                  build/tasks.o
vPortEndScheduler                                 build/port.o